About to start the game!  Here is what the board looks like:
|---|---|---|---|---|---|---|---|---|---|---|---|
|H00|   |   |   |   |D00|D01|   |   |   |   |   |
|---|---|---|---|---|---|---|---|---|---|---|---|
|   |III|III|III|III|III|III|III|III|III|III|   |
|---|---|---|---|---|---|---|---|---|---|---|---|
|   |   |   |   |   |   |   |   |   |   |   |   |
|---|---|---|---|---|---|---|---|---|---|---|---|
|   |   |   |WWW|   |   |H02|   |WWW|   |   |   |
|---|---|---|---|---|---|---|---|---|---|---|---|
|   |   |   |H01|III|   |   |III|   |   |   |   |
|---|---|---|---|---|---|---|---|---|---|---|---|
|D08|   |   |   |   |D02|D03|   |   |   |   |D10|
|---|---|---|---|---|---|---|---|---|---|---|---|
|D09|   |   |   |III|   |   |III|   |   |   |D11|
|---|---|---|---|---|---|---|---|---|---|---|---|
|   |   |   |WWW|   |   |   |   |WWW|   |   |   |
|---|---|---|---|---|---|---|---|---|---|---|---|
|   |   |   |   |   |   |   |   |   |   |   |   |
|---|---|---|---|---|---|---|---|---|---|---|---|
|   |   |H03|   |   |D04|D05|   |   |   |   |   |
|---|---|---|---|---|---|---|---|---|---|---|---|
|   |   |III|III|III|III|III|III|III|III|III|   |
|---|---|---|---|---|---|---|---|---|---|---|---|
|   |   |   |   |   |D06|D07|   |   |   |   |   |
|---|---|---|---|---|---|---|---|---|---|---|---|
********
created enemy tracker
tracking enemy: Enemy
enemy path nodes: 4
enemy assumed path target: 2,3
tracking enemy: Assassin
enemy path nodes: 2
enemy assumed path target: 3,4
tracking enemy: Miner
enemy path nodes: 6
-----
Turn 0:
-----
MyHero tried to move South
MyHero owns 0 diamond mines
MyHero has 100 health
|---|---|---|---|---|---|---|---|---|---|---|---|
|   |   |   |   |   |D00|D01|   |   |   |   |   |
|---|---|---|---|---|---|---|---|---|---|---|---|
|H00|III|III|III|III|III|III|III|III|III|III|   |
|---|---|---|---|---|---|---|---|---|---|---|---|
|   |   |   |   |   |   |   |   |   |   |   |   |
|---|---|---|---|---|---|---|---|---|---|---|---|
|   |   |   |WWW|   |   |H02|   |WWW|   |   |   |
|---|---|---|---|---|---|---|---|---|---|---|---|
|   |   |   |H01|III|   |   |III|   |   |   |   |
|---|---|---|---|---|---|---|---|---|---|---|---|
|D08|   |   |   |   |D02|D03|   |   |   |   |D10|
|---|---|---|---|---|---|---|---|---|---|---|---|
|D09|   |   |   |III|   |   |III|   |   |   |D11|
|---|---|---|---|---|---|---|---|---|---|---|---|
|   |   |   |WWW|   |   |   |   |WWW|   |   |   |
|---|---|---|---|---|---|---|---|---|---|---|---|
|   |   |   |   |   |   |   |   |   |   |   |   |
|---|---|---|---|---|---|---|---|---|---|---|---|
|   |   |H03|   |   |D04|D05|   |   |   |   |   |
|---|---|---|---|---|---|---|---|---|---|---|---|
|   |   |III|III|III|III|III|III|III|III|III|   |
|---|---|---|---|---|---|---|---|---|---|---|---|
|   |   |   |   |   |D06|D07|   |   |   |   |   |
|---|---|---|---|---|---|---|---|---|---|---|---|
********
-----
Turn 1:
-----
Enemy tried to move South
Enemy owns 0 diamond mines
Enemy has 100 health
|---|---|---|---|---|---|---|---|---|---|---|---|
|   |   |   |   |   |D00|D01|   |   |   |   |   |
|---|---|---|---|---|---|---|---|---|---|---|---|
|H00|III|III|III|III|III|III|III|III|III|III|   |
|---|---|---|---|---|---|---|---|---|---|---|---|
|   |   |   |   |   |   |   |   |   |   |   |   |
|---|---|---|---|---|---|---|---|---|---|---|---|
|   |   |   |WWW|   |   |H02|   |WWW|   |   |   |
|---|---|---|---|---|---|---|---|---|---|---|---|
|   |   |   |   |III|   |   |III|   |   |   |   |
|---|---|---|---|---|---|---|---|---|---|---|---|
|D08|   |   |H01|   |D02|D03|   |   |   |   |D10|
|---|---|---|---|---|---|---|---|---|---|---|---|
|D09|   |   |   |III|   |   |III|   |   |   |D11|
|---|---|---|---|---|---|---|---|---|---|---|---|
|   |   |   |WWW|   |   |   |   |WWW|   |   |   |
|---|---|---|---|---|---|---|---|---|---|---|---|
|   |   |   |   |   |   |   |   |   |   |   |   |
|---|---|---|---|---|---|---|---|---|---|---|---|
|   |   |H03|   |   |D04|D05|   |   |   |   |   |
|---|---|---|---|---|---|---|---|---|---|---|---|
|   |   |III|III|III|III|III|III|III|III|III|   |
|---|---|---|---|---|---|---|---|---|---|---|---|
|   |   |   |   |   |D06|D07|   |   |   |   |   |
|---|---|---|---|---|---|---|---|---|---|---|---|
********
-----
Turn 2:
-----
Assassin tried to move undefined
Assassin owns 0 diamond mines
Assassin has 100 health
|---|---|---|---|---|---|---|---|---|---|---|---|
|   |   |   |   |   |D00|D01|   |   |   |   |   |
|---|---|---|---|---|---|---|---|---|---|---|---|
|H00|III|III|III|III|III|III|III|III|III|III|   |
|---|---|---|---|---|---|---|---|---|---|---|---|
|   |   |   |   |   |   |   |   |   |   |   |   |
|---|---|---|---|---|---|---|---|---|---|---|---|
|   |   |   |WWW|   |   |H02|   |WWW|   |   |   |
|---|---|---|---|---|---|---|---|---|---|---|---|
|   |   |   |   |III|   |   |III|   |   |   |   |
|---|---|---|---|---|---|---|---|---|---|---|---|
|D08|   |   |H01|   |D02|D03|   |   |   |   |D10|
|---|---|---|---|---|---|---|---|---|---|---|---|
|D09|   |   |   |III|   |   |III|   |   |   |D11|
|---|---|---|---|---|---|---|---|---|---|---|---|
|   |   |   |WWW|   |   |   |   |WWW|   |   |   |
|---|---|---|---|---|---|---|---|---|---|---|---|
|   |   |   |   |   |   |   |   |   |   |   |   |
|---|---|---|---|---|---|---|---|---|---|---|---|
|   |   |H03|   |   |D04|D05|   |   |   |   |   |
|---|---|---|---|---|---|---|---|---|---|---|---|
|   |   |III|III|III|III|III|III|III|III|III|   |
|---|---|---|---|---|---|---|---|---|---|---|---|
|   |   |   |   |   |D06|D07|   |   |   |   |   |
|---|---|---|---|---|---|---|---|---|---|---|---|
********
-----
Turn 3:
-----
Miner tried to move East
Miner owns 0 diamond mines
Miner has 100 health
|---|---|---|---|---|---|---|---|---|---|---|---|
|   |   |   |   |   |D00|D01|   |   |   |   |   |
|---|---|---|---|---|---|---|---|---|---|---|---|
|H00|III|III|III|III|III|III|III|III|III|III|   |
|---|---|---|---|---|---|---|---|---|---|---|---|
|   |   |   |   |   |   |   |   |   |   |   |   |
|---|---|---|---|---|---|---|---|---|---|---|---|
|   |   |   |WWW|   |   |H02|   |WWW|   |   |   |
|---|---|---|---|---|---|---|---|---|---|---|---|
|   |   |   |   |III|   |   |III|   |   |   |   |
|---|---|---|---|---|---|---|---|---|---|---|---|
|D08|   |   |H01|   |D02|D03|   |   |   |   |D10|
|---|---|---|---|---|---|---|---|---|---|---|---|
|D09|   |   |   |III|   |   |III|   |   |   |D11|
|---|---|---|---|---|---|---|---|---|---|---|---|
|   |   |   |WWW|   |   |   |   |WWW|   |   |   |
|---|---|---|---|---|---|---|---|---|---|---|---|
|   |   |   |   |   |   |   |   |   |   |   |   |
|---|---|---|---|---|---|---|---|---|---|---|---|
|   |   |   |H03|   |D04|D05|   |   |   |   |   |
|---|---|---|---|---|---|---|---|---|---|---|---|
|   |   |III|III|III|III|III|III|III|III|III|   |
|---|---|---|---|---|---|---|---|---|---|---|---|
|   |   |   |   |   |D06|D07|   |   |   |   |   |
|---|---|---|---|---|---|---|---|---|---|---|---|
********
enemy path nodes: 1
enemy assumed path target: 4,3
enemy path nodes: 2
enemy path nodes: 7
-----
Turn 4:
-----
MyHero tried to move South
MyHero owns 0 diamond mines
MyHero has 100 health
|---|---|---|---|---|---|---|---|---|---|---|---|
|   |   |   |   |   |D00|D01|   |   |   |   |   |
|---|---|---|---|---|---|---|---|---|---|---|---|
|   |III|III|III|III|III|III|III|III|III|III|   |
|---|---|---|---|---|---|---|---|---|---|---|---|
|H00|   |   |   |   |   |   |   |   |   |   |   |
|---|---|---|---|---|---|---|---|---|---|---|---|
|   |   |   |WWW|   |   |H02|   |WWW|   |   |   |
|---|---|---|---|---|---|---|---|---|---|---|---|
|   |   |   |   |III|   |   |III|   |   |   |   |
|---|---|---|---|---|---|---|---|---|---|---|---|
|D08|   |   |H01|   |D02|D03|   |   |   |   |D10|
|---|---|---|---|---|---|---|---|---|---|---|---|
|D09|   |   |   |III|   |   |III|   |   |   |D11|
|---|---|---|---|---|---|---|---|---|---|---|---|
|   |   |   |WWW|   |   |   |   |WWW|   |   |   |
|---|---|---|---|---|---|---|---|---|---|---|---|
|   |   |   |   |   |   |   |   |   |   |   |   |
|---|---|---|---|---|---|---|---|---|---|---|---|
|   |   |   |H03|   |D04|D05|   |   |   |   |   |
|---|---|---|---|---|---|---|---|---|---|---|---|
|   |   |III|III|III|III|III|III|III|III|III|   |
|---|---|---|---|---|---|---|---|---|---|---|---|
|   |   |   |   |   |D06|D07|   |   |   |   |   |
|---|---|---|---|---|---|---|---|---|---|---|---|
********
-----
Turn 5:
-----
Enemy tried to move East
Enemy owns 0 diamond mines
Enemy has 100 health
|---|---|---|---|---|---|---|---|---|---|---|---|
|   |   |   |   |   |D00|D01|   |   |   |   |   |
|---|---|---|---|---|---|---|---|---|---|---|---|
|   |III|III|III|III|III|III|III|III|III|III|   |
|---|---|---|---|---|---|---|---|---|---|---|---|
|H00|   |   |   |   |   |   |   |   |   |   |   |
|---|---|---|---|---|---|---|---|---|---|---|---|
|   |   |   |WWW|   |   |H02|   |WWW|   |   |   |
|---|---|---|---|---|---|---|---|---|---|---|---|
|   |   |   |   |III|   |   |III|   |   |   |   |
|---|---|---|---|---|---|---|---|---|---|---|---|
|D08|   |   |   |H01|D02|D03|   |   |   |   |D10|
|---|---|---|---|---|---|---|---|---|---|---|---|
|D09|   |   |   |III|   |   |III|   |   |   |D11|
|---|---|---|---|---|---|---|---|---|---|---|---|
|   |   |   |WWW|   |   |   |   |WWW|   |   |   |
|---|---|---|---|---|---|---|---|---|---|---|---|
|   |   |   |   |   |   |   |   |   |   |   |   |
|---|---|---|---|---|---|---|---|---|---|---|---|
|   |   |   |H03|   |D04|D05|   |   |   |   |   |
|---|---|---|---|---|---|---|---|---|---|---|---|
|   |   |III|III|III|III|III|III|III|III|III|   |
|---|---|---|---|---|---|---|---|---|---|---|---|
|   |   |   |   |   |D06|D07|   |   |   |   |   |
|---|---|---|---|---|---|---|---|---|---|---|---|
********
-----
Turn 6:
-----
Assassin tried to move undefined
Assassin owns 0 diamond mines
Assassin has 100 health
|---|---|---|---|---|---|---|---|---|---|---|---|
|   |   |   |   |   |D00|D01|   |   |   |   |   |
|---|---|---|---|---|---|---|---|---|---|---|---|
|   |III|III|III|III|III|III|III|III|III|III|   |
|---|---|---|---|---|---|---|---|---|---|---|---|
|H00|   |   |   |   |   |   |   |   |   |   |   |
|---|---|---|---|---|---|---|---|---|---|---|---|
|   |   |   |WWW|   |   |H02|   |WWW|   |   |   |
|---|---|---|---|---|---|---|---|---|---|---|---|
|   |   |   |   |III|   |   |III|   |   |   |   |
|---|---|---|---|---|---|---|---|---|---|---|---|
|D08|   |   |   |H01|D02|D03|   |   |   |   |D10|
|---|---|---|---|---|---|---|---|---|---|---|---|
|D09|   |   |   |III|   |   |III|   |   |   |D11|
|---|---|---|---|---|---|---|---|---|---|---|---|
|   |   |   |WWW|   |   |   |   |WWW|   |   |   |
|---|---|---|---|---|---|---|---|---|---|---|---|
|   |   |   |   |   |   |   |   |   |   |   |   |
|---|---|---|---|---|---|---|---|---|---|---|---|
|   |   |   |H03|   |D04|D05|   |   |   |   |   |
|---|---|---|---|---|---|---|---|---|---|---|---|
|   |   |III|III|III|III|III|III|III|III|III|   |
|---|---|---|---|---|---|---|---|---|---|---|---|
|   |   |   |   |   |D06|D07|   |   |   |   |   |
|---|---|---|---|---|---|---|---|---|---|---|---|
********
-----
Turn 7:
-----
Miner tried to move East
Miner owns 0 diamond mines
Miner has 100 health
|---|---|---|---|---|---|---|---|---|---|---|---|
|   |   |   |   |   |D00|D01|   |   |   |   |   |
|---|---|---|---|---|---|---|---|---|---|---|---|
|   |III|III|III|III|III|III|III|III|III|III|   |
|---|---|---|---|---|---|---|---|---|---|---|---|
|H00|   |   |   |   |   |   |   |   |   |   |   |
|---|---|---|---|---|---|---|---|---|---|---|---|
|   |   |   |WWW|   |   |H02|   |WWW|   |   |   |
|---|---|---|---|---|---|---|---|---|---|---|---|
|   |   |   |   |III|   |   |III|   |   |   |   |
|---|---|---|---|---|---|---|---|---|---|---|---|
|D08|   |   |   |H01|D02|D03|   |   |   |   |D10|
|---|---|---|---|---|---|---|---|---|---|---|---|
|D09|   |   |   |III|   |   |III|   |   |   |D11|
|---|---|---|---|---|---|---|---|---|---|---|---|
|   |   |   |WWW|   |   |   |   |WWW|   |   |   |
|---|---|---|---|---|---|---|---|---|---|---|---|
|   |   |   |   |   |   |   |   |   |   |   |   |
|---|---|---|---|---|---|---|---|---|---|---|---|
|   |   |   |   |H03|D04|D05|   |   |   |   |   |
|---|---|---|---|---|---|---|---|---|---|---|---|
|   |   |III|III|III|III|III|III|III|III|III|   |
|---|---|---|---|---|---|---|---|---|---|---|---|
|   |   |   |   |   |D06|D07|   |   |   |   |   |
|---|---|---|---|---|---|---|---|---|---|---|---|
********
enemy path nodes: 8
enemy path nodes: 2
enemy assumed path target: 3,4
enemy path nodes: 12
-----
Turn 8:
-----
MyHero tried to move East
MyHero owns 0 diamond mines
MyHero has 100 health
|---|---|---|---|---|---|---|---|---|---|---|---|
|   |   |   |   |   |D00|D01|   |   |   |   |   |
|---|---|---|---|---|---|---|---|---|---|---|---|
|   |III|III|III|III|III|III|III|III|III|III|   |
|---|---|---|---|---|---|---|---|---|---|---|---|
|   |H00|   |   |   |   |   |   |   |   |   |   |
|---|---|---|---|---|---|---|---|---|---|---|---|
|   |   |   |WWW|   |   |H02|   |WWW|   |   |   |
|---|---|---|---|---|---|---|---|---|---|---|---|
|   |   |   |   |III|   |   |III|   |   |   |   |
|---|---|---|---|---|---|---|---|---|---|---|---|
|D08|   |   |   |H01|D02|D03|   |   |   |   |D10|
|---|---|---|---|---|---|---|---|---|---|---|---|
|D09|   |   |   |III|   |   |III|   |   |   |D11|
|---|---|---|---|---|---|---|---|---|---|---|---|
|   |   |   |WWW|   |   |   |   |WWW|   |   |   |
|---|---|---|---|---|---|---|---|---|---|---|---|
|   |   |   |   |   |   |   |   |   |   |   |   |
|---|---|---|---|---|---|---|---|---|---|---|---|
|   |   |   |   |H03|D04|D05|   |   |   |   |   |
|---|---|---|---|---|---|---|---|---|---|---|---|
|   |   |III|III|III|III|III|III|III|III|III|   |
|---|---|---|---|---|---|---|---|---|---|---|---|
|   |   |   |   |   |D06|D07|   |   |   |   |   |
|---|---|---|---|---|---|---|---|---|---|---|---|
********
-----
Turn 9:
-----
Enemy tried to move North
Enemy owns 0 diamond mines
Enemy has 100 health
|---|---|---|---|---|---|---|---|---|---|---|---|
|   |   |   |   |   |D00|D01|   |   |   |   |   |
|---|---|---|---|---|---|---|---|---|---|---|---|
|   |III|III|III|III|III|III|III|III|III|III|   |
|---|---|---|---|---|---|---|---|---|---|---|---|
|   |H00|   |   |   |   |   |   |   |   |   |   |
|---|---|---|---|---|---|---|---|---|---|---|---|
|   |   |   |WWW|   |   |H02|   |WWW|   |   |   |
|---|---|---|---|---|---|---|---|---|---|---|---|
|   |   |   |   |III|   |   |III|   |   |   |   |
|---|---|---|---|---|---|---|---|---|---|---|---|
|D08|   |   |   |H01|D02|D03|   |   |   |   |D10|
|---|---|---|---|---|---|---|---|---|---|---|---|
|D09|   |   |   |III|   |   |III|   |   |   |D11|
|---|---|---|---|---|---|---|---|---|---|---|---|
|   |   |   |WWW|   |   |   |   |WWW|   |   |   |
|---|---|---|---|---|---|---|---|---|---|---|---|
|   |   |   |   |   |   |   |   |   |   |   |   |
|---|---|---|---|---|---|---|---|---|---|---|---|
|   |   |   |   |H03|D04|D05|   |   |   |   |   |
|---|---|---|---|---|---|---|---|---|---|---|---|
|   |   |III|III|III|III|III|III|III|III|III|   |
|---|---|---|---|---|---|---|---|---|---|---|---|
|   |   |   |   |   |D06|D07|   |   |   |   |   |
|---|---|---|---|---|---|---|---|---|---|---|---|
********
-----
Turn 10:
-----
Assassin tried to move undefined
Assassin owns 0 diamond mines
Assassin has 100 health
|---|---|---|---|---|---|---|---|---|---|---|---|
|   |   |   |   |   |D00|D01|   |   |   |   |   |
|---|---|---|---|---|---|---|---|---|---|---|---|
|   |III|III|III|III|III|III|III|III|III|III|   |
|---|---|---|---|---|---|---|---|---|---|---|---|
|   |H00|   |   |   |   |   |   |   |   |   |   |
|---|---|---|---|---|---|---|---|---|---|---|---|
|   |   |   |WWW|   |   |H02|   |WWW|   |   |   |
|---|---|---|---|---|---|---|---|---|---|---|---|
|   |   |   |   |III|   |   |III|   |   |   |   |
|---|---|---|---|---|---|---|---|---|---|---|---|
|D08|   |   |   |H01|D02|D03|   |   |   |   |D10|
|---|---|---|---|---|---|---|---|---|---|---|---|
|D09|   |   |   |III|   |   |III|   |   |   |D11|
|---|---|---|---|---|---|---|---|---|---|---|---|
|   |   |   |WWW|   |   |   |   |WWW|   |   |   |
|---|---|---|---|---|---|---|---|---|---|---|---|
|   |   |   |   |   |   |   |   |   |   |   |   |
|---|---|---|---|---|---|---|---|---|---|---|---|
|   |   |   |   |H03|D04|D05|   |   |   |   |   |
|---|---|---|---|---|---|---|---|---|---|---|---|
|   |   |III|III|III|III|III|III|III|III|III|   |
|---|---|---|---|---|---|---|---|---|---|---|---|
|   |   |   |   |   |D06|D07|   |   |   |   |   |
|---|---|---|---|---|---|---|---|---|---|---|---|
********
-----
Turn 11:
-----
Miner tried to move East
Miner owns 0 diamond mines
Miner has 100 health
|---|---|---|---|---|---|---|---|---|---|---|---|
|   |   |   |   |   |D00|D01|   |   |   |   |   |
|---|---|---|---|---|---|---|---|---|---|---|---|
|   |III|III|III|III|III|III|III|III|III|III|   |
|---|---|---|---|---|---|---|---|---|---|---|---|
|   |H00|   |   |   |   |   |   |   |   |   |   |
|---|---|---|---|---|---|---|---|---|---|---|---|
|   |   |   |WWW|   |   |H02|   |WWW|   |   |   |
|---|---|---|---|---|---|---|---|---|---|---|---|
|   |   |   |   |III|   |   |III|   |   |   |   |
|---|---|---|---|---|---|---|---|---|---|---|---|
|D08|   |   |   |H01|D02|D03|   |   |   |   |D10|
|---|---|---|---|---|---|---|---|---|---|---|---|
|D09|   |   |   |III|   |   |III|   |   |   |D11|
|---|---|---|---|---|---|---|---|---|---|---|---|
|   |   |   |WWW|   |   |   |   |WWW|   |   |   |
|---|---|---|---|---|---|---|---|---|---|---|---|
|   |   |   |   |   |   |   |   |   |   |   |   |
|---|---|---|---|---|---|---|---|---|---|---|---|
|   |   |   |   |H03|D04|D05|   |   |   |   |   |
|---|---|---|---|---|---|---|---|---|---|---|---|
|   |   |III|III|III|III|III|III|III|III|III|   |
|---|---|---|---|---|---|---|---|---|---|---|---|
|   |   |   |   |   |D06|D07|   |   |   |   |   |
|---|---|---|---|---|---|---|---|---|---|---|---|
********
enemy path nodes: 8
enemy path nodes: 2
enemy assumed path target: 3,4
enemy path nodes: 12
-----
Turn 12:
-----
MyHero tried to move East
MyHero owns 0 diamond mines
MyHero has 100 health
|---|---|---|---|---|---|---|---|---|---|---|---|
|   |   |   |   |   |D00|D01|   |   |   |   |   |
|---|---|---|---|---|---|---|---|---|---|---|---|
|   |III|III|III|III|III|III|III|III|III|III|   |
|---|---|---|---|---|---|---|---|---|---|---|---|
|   |   |H00|   |   |   |   |   |   |   |   |   |
|---|---|---|---|---|---|---|---|---|---|---|---|
|   |   |   |WWW|   |   |H02|   |WWW|   |   |   |
|---|---|---|---|---|---|---|---|---|---|---|---|
|   |   |   |   |III|   |   |III|   |   |   |   |
|---|---|---|---|---|---|---|---|---|---|---|---|
|D08|   |   |   |H01|D02|D03|   |   |   |   |D10|
|---|---|---|---|---|---|---|---|---|---|---|---|
|D09|   |   |   |III|   |   |III|   |   |   |D11|
|---|---|---|---|---|---|---|---|---|---|---|---|
|   |   |   |WWW|   |   |   |   |WWW|   |   |   |
|---|---|---|---|---|---|---|---|---|---|---|---|
|   |   |   |   |   |   |   |   |   |   |   |   |
|---|---|---|---|---|---|---|---|---|---|---|---|
|   |   |   |   |H03|D04|D05|   |   |   |   |   |
|---|---|---|---|---|---|---|---|---|---|---|---|
|   |   |III|III|III|III|III|III|III|III|III|   |
|---|---|---|---|---|---|---|---|---|---|---|---|
|   |   |   |   |   |D06|D07|   |   |   |   |   |
|---|---|---|---|---|---|---|---|---|---|---|---|
********
-----
Turn 13:
-----
Enemy tried to move West
Enemy owns 0 diamond mines
Enemy has 100 health
|---|---|---|---|---|---|---|---|---|---|---|---|
|   |   |   |   |   |D00|D01|   |   |   |   |   |
|---|---|---|---|---|---|---|---|---|---|---|---|
|   |III|III|III|III|III|III|III|III|III|III|   |
|---|---|---|---|---|---|---|---|---|---|---|---|
|   |   |H00|   |   |   |   |   |   |   |   |   |
|---|---|---|---|---|---|---|---|---|---|---|---|
|   |   |   |WWW|   |   |H02|   |WWW|   |   |   |
|---|---|---|---|---|---|---|---|---|---|---|---|
|   |   |   |   |III|   |   |III|   |   |   |   |
|---|---|---|---|---|---|---|---|---|---|---|---|
|D08|   |   |H01|   |D02|D03|   |   |   |   |D10|
|---|---|---|---|---|---|---|---|---|---|---|---|
|D09|   |   |   |III|   |   |III|   |   |   |D11|
|---|---|---|---|---|---|---|---|---|---|---|---|
|   |   |   |WWW|   |   |   |   |WWW|   |   |   |
|---|---|---|---|---|---|---|---|---|---|---|---|
|   |   |   |   |   |   |   |   |   |   |   |   |
|---|---|---|---|---|---|---|---|---|---|---|---|
|   |   |   |   |H03|D04|D05|   |   |   |   |   |
|---|---|---|---|---|---|---|---|---|---|---|---|
|   |   |III|III|III|III|III|III|III|III|III|   |
|---|---|---|---|---|---|---|---|---|---|---|---|
|   |   |   |   |   |D06|D07|   |   |   |   |   |
|---|---|---|---|---|---|---|---|---|---|---|---|
********
-----
Turn 14:
-----
Assassin tried to move undefined
Assassin owns 0 diamond mines
Assassin has 100 health
|---|---|---|---|---|---|---|---|---|---|---|---|
|   |   |   |   |   |D00|D01|   |   |   |   |   |
|---|---|---|---|---|---|---|---|---|---|---|---|
|   |III|III|III|III|III|III|III|III|III|III|   |
|---|---|---|---|---|---|---|---|---|---|---|---|
|   |   |H00|   |   |   |   |   |   |   |   |   |
|---|---|---|---|---|---|---|---|---|---|---|---|
|   |   |   |WWW|   |   |H02|   |WWW|   |   |   |
|---|---|---|---|---|---|---|---|---|---|---|---|
|   |   |   |   |III|   |   |III|   |   |   |   |
|---|---|---|---|---|---|---|---|---|---|---|---|
|D08|   |   |H01|   |D02|D03|   |   |   |   |D10|
|---|---|---|---|---|---|---|---|---|---|---|---|
|D09|   |   |   |III|   |   |III|   |   |   |D11|
|---|---|---|---|---|---|---|---|---|---|---|---|
|   |   |   |WWW|   |   |   |   |WWW|   |   |   |
|---|---|---|---|---|---|---|---|---|---|---|---|
|   |   |   |   |   |   |   |   |   |   |   |   |
|---|---|---|---|---|---|---|---|---|---|---|---|
|   |   |   |   |H03|D04|D05|   |   |   |   |   |
|---|---|---|---|---|---|---|---|---|---|---|---|
|   |   |III|III|III|III|III|III|III|III|III|   |
|---|---|---|---|---|---|---|---|---|---|---|---|
|   |   |   |   |   |D06|D07|   |   |   |   |   |
|---|---|---|---|---|---|---|---|---|---|---|---|
********
-----
Turn 15:
-----
Miner tried to move North
Miner owns 1 diamond mines
Miner has 80 health
|---|---|---|---|---|---|---|---|---|---|---|---|
|   |   |   |   |   |D00|D01|   |   |   |   |   |
|---|---|---|---|---|---|---|---|---|---|---|---|
|   |III|III|III|III|III|III|III|III|III|III|   |
|---|---|---|---|---|---|---|---|---|---|---|---|
|   |   |H00|   |   |   |   |   |   |   |   |   |
|---|---|---|---|---|---|---|---|---|---|---|---|
|   |   |   |WWW|   |   |H02|   |WWW|   |   |   |
|---|---|---|---|---|---|---|---|---|---|---|---|
|   |   |   |   |III|   |   |III|   |   |   |   |
|---|---|---|---|---|---|---|---|---|---|---|---|
|D08|   |   |H01|   |D02|D03|   |   |   |   |D10|
|---|---|---|---|---|---|---|---|---|---|---|---|
|D09|   |   |   |III|   |   |III|   |   |   |D11|
|---|---|---|---|---|---|---|---|---|---|---|---|
|   |   |   |WWW|   |   |   |   |WWW|   |   |   |
|---|---|---|---|---|---|---|---|---|---|---|---|
|   |   |   |   |H03|   |   |   |   |   |   |   |
|---|---|---|---|---|---|---|---|---|---|---|---|
|   |   |   |   |   |D04|D05|   |   |   |   |   |
|---|---|---|---|---|---|---|---|---|---|---|---|
|   |   |III|III|III|III|III|III|III|III|III|   |
|---|---|---|---|---|---|---|---|---|---|---|---|
|   |   |   |   |   |D06|D07|   |   |   |   |   |
|---|---|---|---|---|---|---|---|---|---|---|---|
********
enemy path nodes: 1
enemy assumed path target: 4,3
enemy path nodes: 2
enemy path nodes: 17
-----
Turn 16:
-----
MyHero tried to move South
MyHero owns 0 diamond mines
MyHero has 100 health
|---|---|---|---|---|---|---|---|---|---|---|---|
|   |   |   |   |   |D00|D01|   |   |   |   |   |
|---|---|---|---|---|---|---|---|---|---|---|---|
|   |III|III|III|III|III|III|III|III|III|III|   |
|---|---|---|---|---|---|---|---|---|---|---|---|
|   |   |   |   |   |   |   |   |   |   |   |   |
|---|---|---|---|---|---|---|---|---|---|---|---|
|   |   |H00|WWW|   |   |H02|   |WWW|   |   |   |
|---|---|---|---|---|---|---|---|---|---|---|---|
|   |   |   |   |III|   |   |III|   |   |   |   |
|---|---|---|---|---|---|---|---|---|---|---|---|
|D08|   |   |H01|   |D02|D03|   |   |   |   |D10|
|---|---|---|---|---|---|---|---|---|---|---|---|
|D09|   |   |   |III|   |   |III|   |   |   |D11|
|---|---|---|---|---|---|---|---|---|---|---|---|
|   |   |   |WWW|   |   |   |   |WWW|   |   |   |
|---|---|---|---|---|---|---|---|---|---|---|---|
|   |   |   |   |H03|   |   |   |   |   |   |   |
|---|---|---|---|---|---|---|---|---|---|---|---|
|   |   |   |   |   |D04|D05|   |   |   |   |   |
|---|---|---|---|---|---|---|---|---|---|---|---|
|   |   |III|III|III|III|III|III|III|III|III|   |
|---|---|---|---|---|---|---|---|---|---|---|---|
|   |   |   |   |   |D06|D07|   |   |   |   |   |
|---|---|---|---|---|---|---|---|---|---|---|---|
********
-----
Turn 17:
-----
Enemy tried to move East
Enemy owns 0 diamond mines
Enemy has 100 health
|---|---|---|---|---|---|---|---|---|---|---|---|
|   |   |   |   |   |D00|D01|   |   |   |   |   |
|---|---|---|---|---|---|---|---|---|---|---|---|
|   |III|III|III|III|III|III|III|III|III|III|   |
|---|---|---|---|---|---|---|---|---|---|---|---|
|   |   |   |   |   |   |   |   |   |   |   |   |
|---|---|---|---|---|---|---|---|---|---|---|---|
|   |   |H00|WWW|   |   |H02|   |WWW|   |   |   |
|---|---|---|---|---|---|---|---|---|---|---|---|
|   |   |   |   |III|   |   |III|   |   |   |   |
|---|---|---|---|---|---|---|---|---|---|---|---|
|D08|   |   |   |H01|D02|D03|   |   |   |   |D10|
|---|---|---|---|---|---|---|---|---|---|---|---|
|D09|   |   |   |III|   |   |III|   |   |   |D11|
|---|---|---|---|---|---|---|---|---|---|---|---|
|   |   |   |WWW|   |   |   |   |WWW|   |   |   |
|---|---|---|---|---|---|---|---|---|---|---|---|
|   |   |   |   |H03|   |   |   |   |   |   |   |
|---|---|---|---|---|---|---|---|---|---|---|---|
|   |   |   |   |   |D04|D05|   |   |   |   |   |
|---|---|---|---|---|---|---|---|---|---|---|---|
|   |   |III|III|III|III|III|III|III|III|III|   |
|---|---|---|---|---|---|---|---|---|---|---|---|
|   |   |   |   |   |D06|D07|   |   |   |   |   |
|---|---|---|---|---|---|---|---|---|---|---|---|
********
-----
Turn 18:
-----
Assassin tried to move undefined
Assassin owns 0 diamond mines
Assassin has 100 health
|---|---|---|---|---|---|---|---|---|---|---|---|
|   |   |   |   |   |D00|D01|   |   |   |   |   |
|---|---|---|---|---|---|---|---|---|---|---|---|
|   |III|III|III|III|III|III|III|III|III|III|   |
|---|---|---|---|---|---|---|---|---|---|---|---|
|   |   |   |   |   |   |   |   |   |   |   |   |
|---|---|---|---|---|---|---|---|---|---|---|---|
|   |   |H00|WWW|   |   |H02|   |WWW|   |   |   |
|---|---|---|---|---|---|---|---|---|---|---|---|
|   |   |   |   |III|   |   |III|   |   |   |   |
|---|---|---|---|---|---|---|---|---|---|---|---|
|D08|   |   |   |H01|D02|D03|   |   |   |   |D10|
|---|---|---|---|---|---|---|---|---|---|---|---|
|D09|   |   |   |III|   |   |III|   |   |   |D11|
|---|---|---|---|---|---|---|---|---|---|---|---|
|   |   |   |WWW|   |   |   |   |WWW|   |   |   |
|---|---|---|---|---|---|---|---|---|---|---|---|
|   |   |   |   |H03|   |   |   |   |   |   |   |
|---|---|---|---|---|---|---|---|---|---|---|---|
|   |   |   |   |   |D04|D05|   |   |   |   |   |
|---|---|---|---|---|---|---|---|---|---|---|---|
|   |   |III|III|III|III|III|III|III|III|III|   |
|---|---|---|---|---|---|---|---|---|---|---|---|
|   |   |   |   |   |D06|D07|   |   |   |   |   |
|---|---|---|---|---|---|---|---|---|---|---|---|
********
-----
Turn 19:
-----
Miner tried to move East
Miner owns 1 diamond mines
Miner has 80 health
|---|---|---|---|---|---|---|---|---|---|---|---|
|   |   |   |   |   |D00|D01|   |   |   |   |   |
|---|---|---|---|---|---|---|---|---|---|---|---|
|   |III|III|III|III|III|III|III|III|III|III|   |
|---|---|---|---|---|---|---|---|---|---|---|---|
|   |   |   |   |   |   |   |   |   |   |   |   |
|---|---|---|---|---|---|---|---|---|---|---|---|
|   |   |H00|WWW|   |   |H02|   |WWW|   |   |   |
|---|---|---|---|---|---|---|---|---|---|---|---|
|   |   |   |   |III|   |   |III|   |   |   |   |
|---|---|---|---|---|---|---|---|---|---|---|---|
|D08|   |   |   |H01|D02|D03|   |   |   |   |D10|
|---|---|---|---|---|---|---|---|---|---|---|---|
|D09|   |   |   |III|   |   |III|   |   |   |D11|
|---|---|---|---|---|---|---|---|---|---|---|---|
|   |   |   |WWW|   |   |   |   |WWW|   |   |   |
|---|---|---|---|---|---|---|---|---|---|---|---|
|   |   |   |   |   |H03|   |   |   |   |   |   |
|---|---|---|---|---|---|---|---|---|---|---|---|
|   |   |   |   |   |D04|D05|   |   |   |   |   |
|---|---|---|---|---|---|---|---|---|---|---|---|
|   |   |III|III|III|III|III|III|III|III|III|   |
|---|---|---|---|---|---|---|---|---|---|---|---|
|   |   |   |   |   |D06|D07|   |   |   |   |   |
|---|---|---|---|---|---|---|---|---|---|---|---|
********
enemy path nodes: 10
enemy path nodes: 2
enemy assumed path target: 3,4
enemy path nodes: 14
-----
Turn 20:
-----
MyHero tried to move North
MyHero owns 0 diamond mines
MyHero has 100 health
|---|---|---|---|---|---|---|---|---|---|---|---|
|   |   |   |   |   |D00|D01|   |   |   |   |   |
|---|---|---|---|---|---|---|---|---|---|---|---|
|   |III|III|III|III|III|III|III|III|III|III|   |
|---|---|---|---|---|---|---|---|---|---|---|---|
|   |   |H00|   |   |   |   |   |   |   |   |   |
|---|---|---|---|---|---|---|---|---|---|---|---|
|   |   |   |WWW|   |   |H02|   |WWW|   |   |   |
|---|---|---|---|---|---|---|---|---|---|---|---|
|   |   |   |   |III|   |   |III|   |   |   |   |
|---|---|---|---|---|---|---|---|---|---|---|---|
|D08|   |   |   |H01|D02|D03|   |   |   |   |D10|
|---|---|---|---|---|---|---|---|---|---|---|---|
|D09|   |   |   |III|   |   |III|   |   |   |D11|
|---|---|---|---|---|---|---|---|---|---|---|---|
|   |   |   |WWW|   |   |   |   |WWW|   |   |   |
|---|---|---|---|---|---|---|---|---|---|---|---|
|   |   |   |   |   |H03|   |   |   |   |   |   |
|---|---|---|---|---|---|---|---|---|---|---|---|
|   |   |   |   |   |D04|D05|   |   |   |   |   |
|---|---|---|---|---|---|---|---|---|---|---|---|
|   |   |III|III|III|III|III|III|III|III|III|   |
|---|---|---|---|---|---|---|---|---|---|---|---|
|   |   |   |   |   |D06|D07|   |   |   |   |   |
|---|---|---|---|---|---|---|---|---|---|---|---|
********
-----
Turn 21:
-----
Enemy tried to move South
Enemy owns 0 diamond mines
Enemy has 100 health
|---|---|---|---|---|---|---|---|---|---|---|---|
|   |   |   |   |   |D00|D01|   |   |   |   |   |
|---|---|---|---|---|---|---|---|---|---|---|---|
|   |III|III|III|III|III|III|III|III|III|III|   |
|---|---|---|---|---|---|---|---|---|---|---|---|
|   |   |H00|   |   |   |   |   |   |   |   |   |
|---|---|---|---|---|---|---|---|---|---|---|---|
|   |   |   |WWW|   |   |H02|   |WWW|   |   |   |
|---|---|---|---|---|---|---|---|---|---|---|---|
|   |   |   |   |III|   |   |III|   |   |   |   |
|---|---|---|---|---|---|---|---|---|---|---|---|
|D08|   |   |   |H01|D02|D03|   |   |   |   |D10|
|---|---|---|---|---|---|---|---|---|---|---|---|
|D09|   |   |   |III|   |   |III|   |   |   |D11|
|---|---|---|---|---|---|---|---|---|---|---|---|
|   |   |   |WWW|   |   |   |   |WWW|   |   |   |
|---|---|---|---|---|---|---|---|---|---|---|---|
|   |   |   |   |   |H03|   |   |   |   |   |   |
|---|---|---|---|---|---|---|---|---|---|---|---|
|   |   |   |   |   |D04|D05|   |   |   |   |   |
|---|---|---|---|---|---|---|---|---|---|---|---|
|   |   |III|III|III|III|III|III|III|III|III|   |
|---|---|---|---|---|---|---|---|---|---|---|---|
|   |   |   |   |   |D06|D07|   |   |   |   |   |
|---|---|---|---|---|---|---|---|---|---|---|---|
********
-----
Turn 22:
-----
Assassin tried to move undefined
Assassin owns 0 diamond mines
Assassin has 100 health
|---|---|---|---|---|---|---|---|---|---|---|---|
|   |   |   |   |   |D00|D01|   |   |   |   |   |
|---|---|---|---|---|---|---|---|---|---|---|---|
|   |III|III|III|III|III|III|III|III|III|III|   |
|---|---|---|---|---|---|---|---|---|---|---|---|
|   |   |H00|   |   |   |   |   |   |   |   |   |
|---|---|---|---|---|---|---|---|---|---|---|---|
|   |   |   |WWW|   |   |H02|   |WWW|   |   |   |
|---|---|---|---|---|---|---|---|---|---|---|---|
|   |   |   |   |III|   |   |III|   |   |   |   |
|---|---|---|---|---|---|---|---|---|---|---|---|
|D08|   |   |   |H01|D02|D03|   |   |   |   |D10|
|---|---|---|---|---|---|---|---|---|---|---|---|
|D09|   |   |   |III|   |   |III|   |   |   |D11|
|---|---|---|---|---|---|---|---|---|---|---|---|
|   |   |   |WWW|   |   |   |   |WWW|   |   |   |
|---|---|---|---|---|---|---|---|---|---|---|---|
|   |   |   |   |   |H03|   |   |   |   |   |   |
|---|---|---|---|---|---|---|---|---|---|---|---|
|   |   |   |   |   |D04|D05|   |   |   |   |   |
|---|---|---|---|---|---|---|---|---|---|---|---|
|   |   |III|III|III|III|III|III|III|III|III|   |
|---|---|---|---|---|---|---|---|---|---|---|---|
|   |   |   |   |   |D06|D07|   |   |   |   |   |
|---|---|---|---|---|---|---|---|---|---|---|---|
********
-----
Turn 23:
-----
Miner tried to move East
Miner owns 1 diamond mines
Miner has 80 health
|---|---|---|---|---|---|---|---|---|---|---|---|
|   |   |   |   |   |D00|D01|   |   |   |   |   |
|---|---|---|---|---|---|---|---|---|---|---|---|
|   |III|III|III|III|III|III|III|III|III|III|   |
|---|---|---|---|---|---|---|---|---|---|---|---|
|   |   |H00|   |   |   |   |   |   |   |   |   |
|---|---|---|---|---|---|---|---|---|---|---|---|
|   |   |   |WWW|   |   |H02|   |WWW|   |   |   |
|---|---|---|---|---|---|---|---|---|---|---|---|
|   |   |   |   |III|   |   |III|   |   |   |   |
|---|---|---|---|---|---|---|---|---|---|---|---|
|D08|   |   |   |H01|D02|D03|   |   |   |   |D10|
|---|---|---|---|---|---|---|---|---|---|---|---|
|D09|   |   |   |III|   |   |III|   |   |   |D11|
|---|---|---|---|---|---|---|---|---|---|---|---|
|   |   |   |WWW|   |   |   |   |WWW|   |   |   |
|---|---|---|---|---|---|---|---|---|---|---|---|
|   |   |   |   |   |   |H03|   |   |   |   |   |
|---|---|---|---|---|---|---|---|---|---|---|---|
|   |   |   |   |   |D04|D05|   |   |   |   |   |
|---|---|---|---|---|---|---|---|---|---|---|---|
|   |   |III|III|III|III|III|III|III|III|III|   |
|---|---|---|---|---|---|---|---|---|---|---|---|
|   |   |   |   |   |D06|D07|   |   |   |   |   |
|---|---|---|---|---|---|---|---|---|---|---|---|
********
enemy path nodes: 26
enemy path nodes: 2
enemy assumed path target: 3,4
enemy path nodes: 15
-----
Turn 24:
-----
MyHero tried to move East
MyHero owns 0 diamond mines
MyHero has 100 health
|---|---|---|---|---|---|---|---|---|---|---|---|
|   |   |   |   |   |D00|D01|   |   |   |   |   |
|---|---|---|---|---|---|---|---|---|---|---|---|
|   |III|III|III|III|III|III|III|III|III|III|   |
|---|---|---|---|---|---|---|---|---|---|---|---|
|   |   |   |H00|   |   |   |   |   |   |   |   |
|---|---|---|---|---|---|---|---|---|---|---|---|
|   |   |   |WWW|   |   |H02|   |WWW|   |   |   |
|---|---|---|---|---|---|---|---|---|---|---|---|
|   |   |   |   |III|   |   |III|   |   |   |   |
|---|---|---|---|---|---|---|---|---|---|---|---|
|D08|   |   |   |H01|D02|D03|   |   |   |   |D10|
|---|---|---|---|---|---|---|---|---|---|---|---|
|D09|   |   |   |III|   |   |III|   |   |   |D11|
|---|---|---|---|---|---|---|---|---|---|---|---|
|   |   |   |WWW|   |   |   |   |WWW|   |   |   |
|---|---|---|---|---|---|---|---|---|---|---|---|
|   |   |   |   |   |   |H03|   |   |   |   |   |
|---|---|---|---|---|---|---|---|---|---|---|---|
|   |   |   |   |   |D04|D05|   |   |   |   |   |
|---|---|---|---|---|---|---|---|---|---|---|---|
|   |   |III|III|III|III|III|III|III|III|III|   |
|---|---|---|---|---|---|---|---|---|---|---|---|
|   |   |   |   |   |D06|D07|   |   |   |   |   |
|---|---|---|---|---|---|---|---|---|---|---|---|
********
-----
Turn 25:
-----
Enemy tried to move East
Enemy owns 0 diamond mines
Enemy has 100 health
|---|---|---|---|---|---|---|---|---|---|---|---|
|   |   |   |   |   |D00|D01|   |   |   |   |   |
|---|---|---|---|---|---|---|---|---|---|---|---|
|   |III|III|III|III|III|III|III|III|III|III|   |
|---|---|---|---|---|---|---|---|---|---|---|---|
|   |   |   |H00|   |   |   |   |   |   |   |   |
|---|---|---|---|---|---|---|---|---|---|---|---|
|   |   |   |WWW|   |   |H02|   |WWW|   |   |   |
|---|---|---|---|---|---|---|---|---|---|---|---|
|   |   |   |   |III|   |   |III|   |   |   |   |
|---|---|---|---|---|---|---|---|---|---|---|---|
|D08|   |   |   |H01|D02|D03|   |   |   |   |D10|
|---|---|---|---|---|---|---|---|---|---|---|---|
|D09|   |   |   |III|   |   |III|   |   |   |D11|
|---|---|---|---|---|---|---|---|---|---|---|---|
|   |   |   |WWW|   |   |   |   |WWW|   |   |   |
|---|---|---|---|---|---|---|---|---|---|---|---|
|   |   |   |   |   |   |H03|   |   |   |   |   |
|---|---|---|---|---|---|---|---|---|---|---|---|
|   |   |   |   |   |D04|D05|   |   |   |   |   |
|---|---|---|---|---|---|---|---|---|---|---|---|
|   |   |III|III|III|III|III|III|III|III|III|   |
|---|---|---|---|---|---|---|---|---|---|---|---|
|   |   |   |   |   |D06|D07|   |   |   |   |   |
|---|---|---|---|---|---|---|---|---|---|---|---|
********
-----
Turn 26:
-----
Assassin tried to move undefined
Assassin owns 0 diamond mines
Assassin has 100 health
|---|---|---|---|---|---|---|---|---|---|---|---|
|   |   |   |   |   |D00|D01|   |   |   |   |   |
|---|---|---|---|---|---|---|---|---|---|---|---|
|   |III|III|III|III|III|III|III|III|III|III|   |
|---|---|---|---|---|---|---|---|---|---|---|---|
|   |   |   |H00|   |   |   |   |   |   |   |   |
|---|---|---|---|---|---|---|---|---|---|---|---|
|   |   |   |WWW|   |   |H02|   |WWW|   |   |   |
|---|---|---|---|---|---|---|---|---|---|---|---|
|   |   |   |   |III|   |   |III|   |   |   |   |
|---|---|---|---|---|---|---|---|---|---|---|---|
|D08|   |   |   |H01|D02|D03|   |   |   |   |D10|
|---|---|---|---|---|---|---|---|---|---|---|---|
|D09|   |   |   |III|   |   |III|   |   |   |D11|
|---|---|---|---|---|---|---|---|---|---|---|---|
|   |   |   |WWW|   |   |   |   |WWW|   |   |   |
|---|---|---|---|---|---|---|---|---|---|---|---|
|   |   |   |   |   |   |H03|   |   |   |   |   |
|---|---|---|---|---|---|---|---|---|---|---|---|
|   |   |   |   |   |D04|D05|   |   |   |   |   |
|---|---|---|---|---|---|---|---|---|---|---|---|
|   |   |III|III|III|III|III|III|III|III|III|   |
|---|---|---|---|---|---|---|---|---|---|---|---|
|   |   |   |   |   |D06|D07|   |   |   |   |   |
|---|---|---|---|---|---|---|---|---|---|---|---|
********
-----
Turn 27:
-----
Miner tried to move South
Miner owns 1 diamond mines
Miner has 80 health
|---|---|---|---|---|---|---|---|---|---|---|---|
|   |   |   |   |   |D00|D01|   |   |   |   |   |
|---|---|---|---|---|---|---|---|---|---|---|---|
|   |III|III|III|III|III|III|III|III|III|III|   |
|---|---|---|---|---|---|---|---|---|---|---|---|
|   |   |   |H00|   |   |   |   |   |   |   |   |
|---|---|---|---|---|---|---|---|---|---|---|---|
|   |   |   |WWW|   |   |H02|   |WWW|   |   |   |
|---|---|---|---|---|---|---|---|---|---|---|---|
|   |   |   |   |III|   |   |III|   |   |   |   |
|---|---|---|---|---|---|---|---|---|---|---|---|
|D08|   |   |   |H01|D02|D03|   |   |   |   |D10|
|---|---|---|---|---|---|---|---|---|---|---|---|
|D09|   |   |   |III|   |   |III|   |   |   |D11|
|---|---|---|---|---|---|---|---|---|---|---|---|
|   |   |   |WWW|   |   |   |   |WWW|   |   |   |
|---|---|---|---|---|---|---|---|---|---|---|---|
|   |   |   |   |   |   |H03|   |   |   |   |   |
|---|---|---|---|---|---|---|---|---|---|---|---|
|   |   |   |   |   |D04|D05|   |   |   |   |   |
|---|---|---|---|---|---|---|---|---|---|---|---|
|   |   |III|III|III|III|III|III|III|III|III|   |
|---|---|---|---|---|---|---|---|---|---|---|---|
|   |   |   |   |   |D06|D07|   |   |   |   |   |
|---|---|---|---|---|---|---|---|---|---|---|---|
********
enemy path nodes: 26
enemy path nodes: 2
enemy assumed path target: 3,4
enemy path nodes: 15
-----
Turn 28:
-----
MyHero tried to move East
MyHero owns 0 diamond mines
MyHero has 100 health
|---|---|---|---|---|---|---|---|---|---|---|---|
|   |   |   |   |   |D00|D01|   |   |   |   |   |
|---|---|---|---|---|---|---|---|---|---|---|---|
|   |III|III|III|III|III|III|III|III|III|III|   |
|---|---|---|---|---|---|---|---|---|---|---|---|
|   |   |   |   |H00|   |   |   |   |   |   |   |
|---|---|---|---|---|---|---|---|---|---|---|---|
|   |   |   |WWW|   |   |H02|   |WWW|   |   |   |
|---|---|---|---|---|---|---|---|---|---|---|---|
|   |   |   |   |III|   |   |III|   |   |   |   |
|---|---|---|---|---|---|---|---|---|---|---|---|
|D08|   |   |   |H01|D02|D03|   |   |   |   |D10|
|---|---|---|---|---|---|---|---|---|---|---|---|
|D09|   |   |   |III|   |   |III|   |   |   |D11|
|---|---|---|---|---|---|---|---|---|---|---|---|
|   |   |   |WWW|   |   |   |   |WWW|   |   |   |
|---|---|---|---|---|---|---|---|---|---|---|---|
|   |   |   |   |   |   |H03|   |   |   |   |   |
|---|---|---|---|---|---|---|---|---|---|---|---|
|   |   |   |   |   |D04|D05|   |   |   |   |   |
|---|---|---|---|---|---|---|---|---|---|---|---|
|   |   |III|III|III|III|III|III|III|III|III|   |
|---|---|---|---|---|---|---|---|---|---|---|---|
|   |   |   |   |   |D06|D07|   |   |   |   |   |
|---|---|---|---|---|---|---|---|---|---|---|---|
********
-----
Turn 29:
-----
Enemy tried to move West
Enemy owns 1 diamond mines
Enemy has 80 health
|---|---|---|---|---|---|---|---|---|---|---|---|
|   |   |   |   |   |D00|D01|   |   |   |   |   |
|---|---|---|---|---|---|---|---|---|---|---|---|
|   |III|III|III|III|III|III|III|III|III|III|   |
|---|---|---|---|---|---|---|---|---|---|---|---|
|   |   |   |   |H00|   |   |   |   |   |   |   |
|---|---|---|---|---|---|---|---|---|---|---|---|
|   |   |   |WWW|   |   |H02|   |WWW|   |   |   |
|---|---|---|---|---|---|---|---|---|---|---|---|
|   |   |   |   |III|   |   |III|   |   |   |   |
|---|---|---|---|---|---|---|---|---|---|---|---|
|D08|   |   |H01|   |D02|D03|   |   |   |   |D10|
|---|---|---|---|---|---|---|---|---|---|---|---|
|D09|   |   |   |III|   |   |III|   |   |   |D11|
|---|---|---|---|---|---|---|---|---|---|---|---|
|   |   |   |WWW|   |   |   |   |WWW|   |   |   |
|---|---|---|---|---|---|---|---|---|---|---|---|
|   |   |   |   |   |   |H03|   |   |   |   |   |
|---|---|---|---|---|---|---|---|---|---|---|---|
|   |   |   |   |   |D04|D05|   |   |   |   |   |
|---|---|---|---|---|---|---|---|---|---|---|---|
|   |   |III|III|III|III|III|III|III|III|III|   |
|---|---|---|---|---|---|---|---|---|---|---|---|
|   |   |   |   |   |D06|D07|   |   |   |   |   |
|---|---|---|---|---|---|---|---|---|---|---|---|
********
-----
Turn 30:
-----
Assassin tried to move undefined
Assassin owns 0 diamond mines
Assassin has 100 health
|---|---|---|---|---|---|---|---|---|---|---|---|
|   |   |   |   |   |D00|D01|   |   |   |   |   |
|---|---|---|---|---|---|---|---|---|---|---|---|
|   |III|III|III|III|III|III|III|III|III|III|   |
|---|---|---|---|---|---|---|---|---|---|---|---|
|   |   |   |   |H00|   |   |   |   |   |   |   |
|---|---|---|---|---|---|---|---|---|---|---|---|
|   |   |   |WWW|   |   |H02|   |WWW|   |   |   |
|---|---|---|---|---|---|---|---|---|---|---|---|
|   |   |   |   |III|   |   |III|   |   |   |   |
|---|---|---|---|---|---|---|---|---|---|---|---|
|D08|   |   |H01|   |D02|D03|   |   |   |   |D10|
|---|---|---|---|---|---|---|---|---|---|---|---|
|D09|   |   |   |III|   |   |III|   |   |   |D11|
|---|---|---|---|---|---|---|---|---|---|---|---|
|   |   |   |WWW|   |   |   |   |WWW|   |   |   |
|---|---|---|---|---|---|---|---|---|---|---|---|
|   |   |   |   |   |   |H03|   |   |   |   |   |
|---|---|---|---|---|---|---|---|---|---|---|---|
|   |   |   |   |   |D04|D05|   |   |   |   |   |
|---|---|---|---|---|---|---|---|---|---|---|---|
|   |   |III|III|III|III|III|III|III|III|III|   |
|---|---|---|---|---|---|---|---|---|---|---|---|
|   |   |   |   |   |D06|D07|   |   |   |   |   |
|---|---|---|---|---|---|---|---|---|---|---|---|
********
-----
Turn 31:
-----
Miner tried to move North
Miner owns 2 diamond mines
Miner has 60 health
|---|---|---|---|---|---|---|---|---|---|---|---|
|   |   |   |   |   |D00|D01|   |   |   |   |   |
|---|---|---|---|---|---|---|---|---|---|---|---|
|   |III|III|III|III|III|III|III|III|III|III|   |
|---|---|---|---|---|---|---|---|---|---|---|---|
|   |   |   |   |H00|   |   |   |   |   |   |   |
|---|---|---|---|---|---|---|---|---|---|---|---|
|   |   |   |WWW|   |   |H02|   |WWW|   |   |   |
|---|---|---|---|---|---|---|---|---|---|---|---|
|   |   |   |   |III|   |   |III|   |   |   |   |
|---|---|---|---|---|---|---|---|---|---|---|---|
|D08|   |   |H01|   |D02|D03|   |   |   |   |D10|
|---|---|---|---|---|---|---|---|---|---|---|---|
|D09|   |   |   |III|   |   |III|   |   |   |D11|
|---|---|---|---|---|---|---|---|---|---|---|---|
|   |   |   |WWW|   |   |H03|   |WWW|   |   |   |
|---|---|---|---|---|---|---|---|---|---|---|---|
|   |   |   |   |   |   |   |   |   |   |   |   |
|---|---|---|---|---|---|---|---|---|---|---|---|
|   |   |   |   |   |D04|D05|   |   |   |   |   |
|---|---|---|---|---|---|---|---|---|---|---|---|
|   |   |III|III|III|III|III|III|III|III|III|   |
|---|---|---|---|---|---|---|---|---|---|---|---|
|   |   |   |   |   |D06|D07|   |   |   |   |   |
|---|---|---|---|---|---|---|---|---|---|---|---|
********
enemy path nodes: 1
enemy assumed path target: 4,3
enemy path nodes: 2
enemy path nodes: 16
-----
Turn 32:
-----
MyHero tried to move West
MyHero owns 0 diamond mines
MyHero has 100 health
|---|---|---|---|---|---|---|---|---|---|---|---|
|   |   |   |   |   |D00|D01|   |   |   |   |   |
|---|---|---|---|---|---|---|---|---|---|---|---|
|   |III|III|III|III|III|III|III|III|III|III|   |
|---|---|---|---|---|---|---|---|---|---|---|---|
|   |   |   |H00|   |   |   |   |   |   |   |   |
|---|---|---|---|---|---|---|---|---|---|---|---|
|   |   |   |WWW|   |   |H02|   |WWW|   |   |   |
|---|---|---|---|---|---|---|---|---|---|---|---|
|   |   |   |   |III|   |   |III|   |   |   |   |
|---|---|---|---|---|---|---|---|---|---|---|---|
|D08|   |   |H01|   |D02|D03|   |   |   |   |D10|
|---|---|---|---|---|---|---|---|---|---|---|---|
|D09|   |   |   |III|   |   |III|   |   |   |D11|
|---|---|---|---|---|---|---|---|---|---|---|---|
|   |   |   |WWW|   |   |H03|   |WWW|   |   |   |
|---|---|---|---|---|---|---|---|---|---|---|---|
|   |   |   |   |   |   |   |   |   |   |   |   |
|---|---|---|---|---|---|---|---|---|---|---|---|
|   |   |   |   |   |D04|D05|   |   |   |   |   |
|---|---|---|---|---|---|---|---|---|---|---|---|
|   |   |III|III|III|III|III|III|III|III|III|   |
|---|---|---|---|---|---|---|---|---|---|---|---|
|   |   |   |   |   |D06|D07|   |   |   |   |   |
|---|---|---|---|---|---|---|---|---|---|---|---|
********
-----
Turn 33:
-----
Enemy tried to move South
Enemy owns 1 diamond mines
Enemy has 80 health
|---|---|---|---|---|---|---|---|---|---|---|---|
|   |   |   |   |   |D00|D01|   |   |   |   |   |
|---|---|---|---|---|---|---|---|---|---|---|---|
|   |III|III|III|III|III|III|III|III|III|III|   |
|---|---|---|---|---|---|---|---|---|---|---|---|
|   |   |   |H00|   |   |   |   |   |   |   |   |
|---|---|---|---|---|---|---|---|---|---|---|---|
|   |   |   |WWW|   |   |H02|   |WWW|   |   |   |
|---|---|---|---|---|---|---|---|---|---|---|---|
|   |   |   |   |III|   |   |III|   |   |   |   |
|---|---|---|---|---|---|---|---|---|---|---|---|
|D08|   |   |   |   |D02|D03|   |   |   |   |D10|
|---|---|---|---|---|---|---|---|---|---|---|---|
|D09|   |   |H01|III|   |   |III|   |   |   |D11|
|---|---|---|---|---|---|---|---|---|---|---|---|
|   |   |   |WWW|   |   |H03|   |WWW|   |   |   |
|---|---|---|---|---|---|---|---|---|---|---|---|
|   |   |   |   |   |   |   |   |   |   |   |   |
|---|---|---|---|---|---|---|---|---|---|---|---|
|   |   |   |   |   |D04|D05|   |   |   |   |   |
|---|---|---|---|---|---|---|---|---|---|---|---|
|   |   |III|III|III|III|III|III|III|III|III|   |
|---|---|---|---|---|---|---|---|---|---|---|---|
|   |   |   |   |   |D06|D07|   |   |   |   |   |
|---|---|---|---|---|---|---|---|---|---|---|---|
********
-----
Turn 34:
-----
Assassin tried to move undefined
Assassin owns 0 diamond mines
Assassin has 100 health
|---|---|---|---|---|---|---|---|---|---|---|---|
|   |   |   |   |   |D00|D01|   |   |   |   |   |
|---|---|---|---|---|---|---|---|---|---|---|---|
|   |III|III|III|III|III|III|III|III|III|III|   |
|---|---|---|---|---|---|---|---|---|---|---|---|
|   |   |   |H00|   |   |   |   |   |   |   |   |
|---|---|---|---|---|---|---|---|---|---|---|---|
|   |   |   |WWW|   |   |H02|   |WWW|   |   |   |
|---|---|---|---|---|---|---|---|---|---|---|---|
|   |   |   |   |III|   |   |III|   |   |   |   |
|---|---|---|---|---|---|---|---|---|---|---|---|
|D08|   |   |   |   |D02|D03|   |   |   |   |D10|
|---|---|---|---|---|---|---|---|---|---|---|---|
|D09|   |   |H01|III|   |   |III|   |   |   |D11|
|---|---|---|---|---|---|---|---|---|---|---|---|
|   |   |   |WWW|   |   |H03|   |WWW|   |   |   |
|---|---|---|---|---|---|---|---|---|---|---|---|
|   |   |   |   |   |   |   |   |   |   |   |   |
|---|---|---|---|---|---|---|---|---|---|---|---|
|   |   |   |   |   |D04|D05|   |   |   |   |   |
|---|---|---|---|---|---|---|---|---|---|---|---|
|   |   |III|III|III|III|III|III|III|III|III|   |
|---|---|---|---|---|---|---|---|---|---|---|---|
|   |   |   |   |   |D06|D07|   |   |   |   |   |
|---|---|---|---|---|---|---|---|---|---|---|---|
********
-----
Turn 35:
-----
Miner tried to move North
Miner owns 2 diamond mines
Miner has 60 health
|---|---|---|---|---|---|---|---|---|---|---|---|
|   |   |   |   |   |D00|D01|   |   |   |   |   |
|---|---|---|---|---|---|---|---|---|---|---|---|
|   |III|III|III|III|III|III|III|III|III|III|   |
|---|---|---|---|---|---|---|---|---|---|---|---|
|   |   |   |H00|   |   |   |   |   |   |   |   |
|---|---|---|---|---|---|---|---|---|---|---|---|
|   |   |   |WWW|   |   |H02|   |WWW|   |   |   |
|---|---|---|---|---|---|---|---|---|---|---|---|
|   |   |   |   |III|   |   |III|   |   |   |   |
|---|---|---|---|---|---|---|---|---|---|---|---|
|D08|   |   |   |   |D02|D03|   |   |   |   |D10|
|---|---|---|---|---|---|---|---|---|---|---|---|
|D09|   |   |H01|III|   |H03|III|   |   |   |D11|
|---|---|---|---|---|---|---|---|---|---|---|---|
|   |   |   |WWW|   |   |   |   |WWW|   |   |   |
|---|---|---|---|---|---|---|---|---|---|---|---|
|   |   |   |   |   |   |   |   |   |   |   |   |
|---|---|---|---|---|---|---|---|---|---|---|---|
|   |   |   |   |   |D04|D05|   |   |   |   |   |
|---|---|---|---|---|---|---|---|---|---|---|---|
|   |   |III|III|III|III|III|III|III|III|III|   |
|---|---|---|---|---|---|---|---|---|---|---|---|
|   |   |   |   |   |D06|D07|   |   |   |   |   |
|---|---|---|---|---|---|---|---|---|---|---|---|
********
enemy path nodes: 2
enemy assumed path target: 4,3
enemy path nodes: 2
enemy path nodes: 17
-----
Turn 36:
-----
MyHero tried to move West
MyHero owns 0 diamond mines
MyHero has 100 health
|---|---|---|---|---|---|---|---|---|---|---|---|
|   |   |   |   |   |D00|D01|   |   |   |   |   |
|---|---|---|---|---|---|---|---|---|---|---|---|
|   |III|III|III|III|III|III|III|III|III|III|   |
|---|---|---|---|---|---|---|---|---|---|---|---|
|   |   |H00|   |   |   |   |   |   |   |   |   |
|---|---|---|---|---|---|---|---|---|---|---|---|
|   |   |   |WWW|   |   |H02|   |WWW|   |   |   |
|---|---|---|---|---|---|---|---|---|---|---|---|
|   |   |   |   |III|   |   |III|   |   |   |   |
|---|---|---|---|---|---|---|---|---|---|---|---|
|D08|   |   |   |   |D02|D03|   |   |   |   |D10|
|---|---|---|---|---|---|---|---|---|---|---|---|
|D09|   |   |H01|III|   |H03|III|   |   |   |D11|
|---|---|---|---|---|---|---|---|---|---|---|---|
|   |   |   |WWW|   |   |   |   |WWW|   |   |   |
|---|---|---|---|---|---|---|---|---|---|---|---|
|   |   |   |   |   |   |   |   |   |   |   |   |
|---|---|---|---|---|---|---|---|---|---|---|---|
|   |   |   |   |   |D04|D05|   |   |   |   |   |
|---|---|---|---|---|---|---|---|---|---|---|---|
|   |   |III|III|III|III|III|III|III|III|III|   |
|---|---|---|---|---|---|---|---|---|---|---|---|
|   |   |   |   |   |D06|D07|   |   |   |   |   |
|---|---|---|---|---|---|---|---|---|---|---|---|
********
-----
Turn 37:
-----
Enemy tried to move East
Enemy owns 1 diamond mines
Enemy has 80 health
|---|---|---|---|---|---|---|---|---|---|---|---|
|   |   |   |   |   |D00|D01|   |   |   |   |   |
|---|---|---|---|---|---|---|---|---|---|---|---|
|   |III|III|III|III|III|III|III|III|III|III|   |
|---|---|---|---|---|---|---|---|---|---|---|---|
|   |   |H00|   |   |   |   |   |   |   |   |   |
|---|---|---|---|---|---|---|---|---|---|---|---|
|   |   |   |WWW|   |   |H02|   |WWW|   |   |   |
|---|---|---|---|---|---|---|---|---|---|---|---|
|   |   |   |   |III|   |   |III|   |   |   |   |
|---|---|---|---|---|---|---|---|---|---|---|---|
|D08|   |   |   |   |D02|D03|   |   |   |   |D10|
|---|---|---|---|---|---|---|---|---|---|---|---|
|D09|   |   |H01|III|   |H03|III|   |   |   |D11|
|---|---|---|---|---|---|---|---|---|---|---|---|
|   |   |   |WWW|   |   |   |   |WWW|   |   |   |
|---|---|---|---|---|---|---|---|---|---|---|---|
|   |   |   |   |   |   |   |   |   |   |   |   |
|---|---|---|---|---|---|---|---|---|---|---|---|
|   |   |   |   |   |D04|D05|   |   |   |   |   |
|---|---|---|---|---|---|---|---|---|---|---|---|
|   |   |III|III|III|III|III|III|III|III|III|   |
|---|---|---|---|---|---|---|---|---|---|---|---|
|   |   |   |   |   |D06|D07|   |   |   |   |   |
|---|---|---|---|---|---|---|---|---|---|---|---|
********
-----
Turn 38:
-----
Assassin tried to move undefined
Assassin owns 0 diamond mines
Assassin has 100 health
|---|---|---|---|---|---|---|---|---|---|---|---|
|   |   |   |   |   |D00|D01|   |   |   |   |   |
|---|---|---|---|---|---|---|---|---|---|---|---|
|   |III|III|III|III|III|III|III|III|III|III|   |
|---|---|---|---|---|---|---|---|---|---|---|---|
|   |   |H00|   |   |   |   |   |   |   |   |   |
|---|---|---|---|---|---|---|---|---|---|---|---|
|   |   |   |WWW|   |   |H02|   |WWW|   |   |   |
|---|---|---|---|---|---|---|---|---|---|---|---|
|   |   |   |   |III|   |   |III|   |   |   |   |
|---|---|---|---|---|---|---|---|---|---|---|---|
|D08|   |   |   |   |D02|D03|   |   |   |   |D10|
|---|---|---|---|---|---|---|---|---|---|---|---|
|D09|   |   |H01|III|   |H03|III|   |   |   |D11|
|---|---|---|---|---|---|---|---|---|---|---|---|
|   |   |   |WWW|   |   |   |   |WWW|   |   |   |
|---|---|---|---|---|---|---|---|---|---|---|---|
|   |   |   |   |   |   |   |   |   |   |   |   |
|---|---|---|---|---|---|---|---|---|---|---|---|
|   |   |   |   |   |D04|D05|   |   |   |   |   |
|---|---|---|---|---|---|---|---|---|---|---|---|
|   |   |III|III|III|III|III|III|III|III|III|   |
|---|---|---|---|---|---|---|---|---|---|---|---|
|   |   |   |   |   |D06|D07|   |   |   |   |   |
|---|---|---|---|---|---|---|---|---|---|---|---|
********
-----
Turn 39:
-----
Miner tried to move North
Miner owns 2 diamond mines
Miner has 60 health
|---|---|---|---|---|---|---|---|---|---|---|---|
|   |   |   |   |   |D00|D01|   |   |   |   |   |
|---|---|---|---|---|---|---|---|---|---|---|---|
|   |III|III|III|III|III|III|III|III|III|III|   |
|---|---|---|---|---|---|---|---|---|---|---|---|
|   |   |H00|   |   |   |   |   |   |   |   |   |
|---|---|---|---|---|---|---|---|---|---|---|---|
|   |   |   |WWW|   |   |H02|   |WWW|   |   |   |
|---|---|---|---|---|---|---|---|---|---|---|---|
|   |   |   |   |III|   |   |III|   |   |   |   |
|---|---|---|---|---|---|---|---|---|---|---|---|
|D08|   |   |   |   |D02|D03|   |   |   |   |D10|
|---|---|---|---|---|---|---|---|---|---|---|---|
|D09|   |   |H01|III|   |H03|III|   |   |   |D11|
|---|---|---|---|---|---|---|---|---|---|---|---|
|   |   |   |WWW|   |   |   |   |WWW|   |   |   |
|---|---|---|---|---|---|---|---|---|---|---|---|
|   |   |   |   |   |   |   |   |   |   |   |   |
|---|---|---|---|---|---|---|---|---|---|---|---|
|   |   |   |   |   |D04|D05|   |   |   |   |   |
|---|---|---|---|---|---|---|---|---|---|---|---|
|   |   |III|III|III|III|III|III|III|III|III|   |
|---|---|---|---|---|---|---|---|---|---|---|---|
|   |   |   |   |   |D06|D07|   |   |   |   |   |
|---|---|---|---|---|---|---|---|---|---|---|---|
********
enemy path nodes: 2
enemy assumed path target: 4,3
enemy path nodes: 2
enemy path nodes: 17
-----
Turn 40:
-----
MyHero tried to move South
MyHero owns 0 diamond mines
MyHero has 100 health
|---|---|---|---|---|---|---|---|---|---|---|---|
|   |   |   |   |   |D00|D01|   |   |   |   |   |
|---|---|---|---|---|---|---|---|---|---|---|---|
|   |III|III|III|III|III|III|III|III|III|III|   |
|---|---|---|---|---|---|---|---|---|---|---|---|
|   |   |   |   |   |   |   |   |   |   |   |   |
|---|---|---|---|---|---|---|---|---|---|---|---|
|   |   |H00|WWW|   |   |H02|   |WWW|   |   |   |
|---|---|---|---|---|---|---|---|---|---|---|---|
|   |   |   |   |III|   |   |III|   |   |   |   |
|---|---|---|---|---|---|---|---|---|---|---|---|
|D08|   |   |   |   |D02|D03|   |   |   |   |D10|
|---|---|---|---|---|---|---|---|---|---|---|---|
|D09|   |   |H01|III|   |H03|III|   |   |   |D11|
|---|---|---|---|---|---|---|---|---|---|---|---|
|   |   |   |WWW|   |   |   |   |WWW|   |   |   |
|---|---|---|---|---|---|---|---|---|---|---|---|
|   |   |   |   |   |   |   |   |   |   |   |   |
|---|---|---|---|---|---|---|---|---|---|---|---|
|   |   |   |   |   |D04|D05|   |   |   |   |   |
|---|---|---|---|---|---|---|---|---|---|---|---|
|   |   |III|III|III|III|III|III|III|III|III|   |
|---|---|---|---|---|---|---|---|---|---|---|---|
|   |   |   |   |   |D06|D07|   |   |   |   |   |
|---|---|---|---|---|---|---|---|---|---|---|---|
********
-----
Turn 41:
-----
Enemy tried to move North
Enemy owns 1 diamond mines
Enemy has 80 health
|---|---|---|---|---|---|---|---|---|---|---|---|
|   |   |   |   |   |D00|D01|   |   |   |   |   |
|---|---|---|---|---|---|---|---|---|---|---|---|
|   |III|III|III|III|III|III|III|III|III|III|   |
|---|---|---|---|---|---|---|---|---|---|---|---|
|   |   |   |   |   |   |   |   |   |   |   |   |
|---|---|---|---|---|---|---|---|---|---|---|---|
|   |   |H00|WWW|   |   |H02|   |WWW|   |   |   |
|---|---|---|---|---|---|---|---|---|---|---|---|
|   |   |   |   |III|   |   |III|   |   |   |   |
|---|---|---|---|---|---|---|---|---|---|---|---|
|D08|   |   |H01|   |D02|D03|   |   |   |   |D10|
|---|---|---|---|---|---|---|---|---|---|---|---|
|D09|   |   |   |III|   |H03|III|   |   |   |D11|
|---|---|---|---|---|---|---|---|---|---|---|---|
|   |   |   |WWW|   |   |   |   |WWW|   |   |   |
|---|---|---|---|---|---|---|---|---|---|---|---|
|   |   |   |   |   |   |   |   |   |   |   |   |
|---|---|---|---|---|---|---|---|---|---|---|---|
|   |   |   |   |   |D04|D05|   |   |   |   |   |
|---|---|---|---|---|---|---|---|---|---|---|---|
|   |   |III|III|III|III|III|III|III|III|III|   |
|---|---|---|---|---|---|---|---|---|---|---|---|
|   |   |   |   |   |D06|D07|   |   |   |   |   |
|---|---|---|---|---|---|---|---|---|---|---|---|
********
-----
Turn 42:
-----
Assassin tried to move undefined
Assassin owns 0 diamond mines
Assassin has 100 health
|---|---|---|---|---|---|---|---|---|---|---|---|
|   |   |   |   |   |D00|D01|   |   |   |   |   |
|---|---|---|---|---|---|---|---|---|---|---|---|
|   |III|III|III|III|III|III|III|III|III|III|   |
|---|---|---|---|---|---|---|---|---|---|---|---|
|   |   |   |   |   |   |   |   |   |   |   |   |
|---|---|---|---|---|---|---|---|---|---|---|---|
|   |   |H00|WWW|   |   |H02|   |WWW|   |   |   |
|---|---|---|---|---|---|---|---|---|---|---|---|
|   |   |   |   |III|   |   |III|   |   |   |   |
|---|---|---|---|---|---|---|---|---|---|---|---|
|D08|   |   |H01|   |D02|D03|   |   |   |   |D10|
|---|---|---|---|---|---|---|---|---|---|---|---|
|D09|   |   |   |III|   |H03|III|   |   |   |D11|
|---|---|---|---|---|---|---|---|---|---|---|---|
|   |   |   |WWW|   |   |   |   |WWW|   |   |   |
|---|---|---|---|---|---|---|---|---|---|---|---|
|   |   |   |   |   |   |   |   |   |   |   |   |
|---|---|---|---|---|---|---|---|---|---|---|---|
|   |   |   |   |   |D04|D05|   |   |   |   |   |
|---|---|---|---|---|---|---|---|---|---|---|---|
|   |   |III|III|III|III|III|III|III|III|III|   |
|---|---|---|---|---|---|---|---|---|---|---|---|
|   |   |   |   |   |D06|D07|   |   |   |   |   |
|---|---|---|---|---|---|---|---|---|---|---|---|
********
-----
Turn 43:
-----
Miner tried to move South
Miner owns 3 diamond mines
Miner has 40 health
|---|---|---|---|---|---|---|---|---|---|---|---|
|   |   |   |   |   |D00|D01|   |   |   |   |   |
|---|---|---|---|---|---|---|---|---|---|---|---|
|   |III|III|III|III|III|III|III|III|III|III|   |
|---|---|---|---|---|---|---|---|---|---|---|---|
|   |   |   |   |   |   |   |   |   |   |   |   |
|---|---|---|---|---|---|---|---|---|---|---|---|
|   |   |H00|WWW|   |   |H02|   |WWW|   |   |   |
|---|---|---|---|---|---|---|---|---|---|---|---|
|   |   |   |   |III|   |   |III|   |   |   |   |
|---|---|---|---|---|---|---|---|---|---|---|---|
|D08|   |   |H01|   |D02|D03|   |   |   |   |D10|
|---|---|---|---|---|---|---|---|---|---|---|---|
|D09|   |   |   |III|   |   |III|   |   |   |D11|
|---|---|---|---|---|---|---|---|---|---|---|---|
|   |   |   |WWW|   |   |H03|   |WWW|   |   |   |
|---|---|---|---|---|---|---|---|---|---|---|---|
|   |   |   |   |   |   |   |   |   |   |   |   |
|---|---|---|---|---|---|---|---|---|---|---|---|
|   |   |   |   |   |D04|D05|   |   |   |   |   |
|---|---|---|---|---|---|---|---|---|---|---|---|
|   |   |III|III|III|III|III|III|III|III|III|   |
|---|---|---|---|---|---|---|---|---|---|---|---|
|   |   |   |   |   |D06|D07|   |   |   |   |   |
|---|---|---|---|---|---|---|---|---|---|---|---|
********
enemy path nodes: 1
enemy assumed path target: 4,3
enemy path nodes: 2
enemy path nodes: 16
-----
Turn 44:
-----
MyHero tried to move South
MyHero owns 0 diamond mines
MyHero has 100 health
|---|---|---|---|---|---|---|---|---|---|---|---|
|   |   |   |   |   |D00|D01|   |   |   |   |   |
|---|---|---|---|---|---|---|---|---|---|---|---|
|   |III|III|III|III|III|III|III|III|III|III|   |
|---|---|---|---|---|---|---|---|---|---|---|---|
|   |   |   |   |   |   |   |   |   |   |   |   |
|---|---|---|---|---|---|---|---|---|---|---|---|
|   |   |   |WWW|   |   |H02|   |WWW|   |   |   |
|---|---|---|---|---|---|---|---|---|---|---|---|
|   |   |H00|   |III|   |   |III|   |   |   |   |
|---|---|---|---|---|---|---|---|---|---|---|---|
|D08|   |   |H01|   |D02|D03|   |   |   |   |D10|
|---|---|---|---|---|---|---|---|---|---|---|---|
|D09|   |   |   |III|   |   |III|   |   |   |D11|
|---|---|---|---|---|---|---|---|---|---|---|---|
|   |   |   |WWW|   |   |H03|   |WWW|   |   |   |
|---|---|---|---|---|---|---|---|---|---|---|---|
|   |   |   |   |   |   |   |   |   |   |   |   |
|---|---|---|---|---|---|---|---|---|---|---|---|
|   |   |   |   |   |D04|D05|   |   |   |   |   |
|---|---|---|---|---|---|---|---|---|---|---|---|
|   |   |III|III|III|III|III|III|III|III|III|   |
|---|---|---|---|---|---|---|---|---|---|---|---|
|   |   |   |   |   |D06|D07|   |   |   |   |   |
|---|---|---|---|---|---|---|---|---|---|---|---|
********
-----
Turn 45:
-----
Enemy tried to move South
Enemy owns 1 diamond mines
Enemy has 80 health
|---|---|---|---|---|---|---|---|---|---|---|---|
|   |   |   |   |   |D00|D01|   |   |   |   |   |
|---|---|---|---|---|---|---|---|---|---|---|---|
|   |III|III|III|III|III|III|III|III|III|III|   |
|---|---|---|---|---|---|---|---|---|---|---|---|
|   |   |   |   |   |   |   |   |   |   |   |   |
|---|---|---|---|---|---|---|---|---|---|---|---|
|   |   |   |WWW|   |   |H02|   |WWW|   |   |   |
|---|---|---|---|---|---|---|---|---|---|---|---|
|   |   |H00|   |III|   |   |III|   |   |   |   |
|---|---|---|---|---|---|---|---|---|---|---|---|
|D08|   |   |   |   |D02|D03|   |   |   |   |D10|
|---|---|---|---|---|---|---|---|---|---|---|---|
|D09|   |   |H01|III|   |   |III|   |   |   |D11|
|---|---|---|---|---|---|---|---|---|---|---|---|
|   |   |   |WWW|   |   |H03|   |WWW|   |   |   |
|---|---|---|---|---|---|---|---|---|---|---|---|
|   |   |   |   |   |   |   |   |   |   |   |   |
|---|---|---|---|---|---|---|---|---|---|---|---|
|   |   |   |   |   |D04|D05|   |   |   |   |   |
|---|---|---|---|---|---|---|---|---|---|---|---|
|   |   |III|III|III|III|III|III|III|III|III|   |
|---|---|---|---|---|---|---|---|---|---|---|---|
|   |   |   |   |   |D06|D07|   |   |   |   |   |
|---|---|---|---|---|---|---|---|---|---|---|---|
********
-----
Turn 46:
-----
Assassin tried to move undefined
Assassin owns 0 diamond mines
Assassin has 100 health
|---|---|---|---|---|---|---|---|---|---|---|---|
|   |   |   |   |   |D00|D01|   |   |   |   |   |
|---|---|---|---|---|---|---|---|---|---|---|---|
|   |III|III|III|III|III|III|III|III|III|III|   |
|---|---|---|---|---|---|---|---|---|---|---|---|
|   |   |   |   |   |   |   |   |   |   |   |   |
|---|---|---|---|---|---|---|---|---|---|---|---|
|   |   |   |WWW|   |   |H02|   |WWW|   |   |   |
|---|---|---|---|---|---|---|---|---|---|---|---|
|   |   |H00|   |III|   |   |III|   |   |   |   |
|---|---|---|---|---|---|---|---|---|---|---|---|
|D08|   |   |   |   |D02|D03|   |   |   |   |D10|
|---|---|---|---|---|---|---|---|---|---|---|---|
|D09|   |   |H01|III|   |   |III|   |   |   |D11|
|---|---|---|---|---|---|---|---|---|---|---|---|
|   |   |   |WWW|   |   |H03|   |WWW|   |   |   |
|---|---|---|---|---|---|---|---|---|---|---|---|
|   |   |   |   |   |   |   |   |   |   |   |   |
|---|---|---|---|---|---|---|---|---|---|---|---|
|   |   |   |   |   |D04|D05|   |   |   |   |   |
|---|---|---|---|---|---|---|---|---|---|---|---|
|   |   |III|III|III|III|III|III|III|III|III|   |
|---|---|---|---|---|---|---|---|---|---|---|---|
|   |   |   |   |   |D06|D07|   |   |   |   |   |
|---|---|---|---|---|---|---|---|---|---|---|---|
********
-----
Turn 47:
-----
Miner tried to move East
Miner owns 3 diamond mines
Miner has 40 health
|---|---|---|---|---|---|---|---|---|---|---|---|
|   |   |   |   |   |D00|D01|   |   |   |   |   |
|---|---|---|---|---|---|---|---|---|---|---|---|
|   |III|III|III|III|III|III|III|III|III|III|   |
|---|---|---|---|---|---|---|---|---|---|---|---|
|   |   |   |   |   |   |   |   |   |   |   |   |
|---|---|---|---|---|---|---|---|---|---|---|---|
|   |   |   |WWW|   |   |H02|   |WWW|   |   |   |
|---|---|---|---|---|---|---|---|---|---|---|---|
|   |   |H00|   |III|   |   |III|   |   |   |   |
|---|---|---|---|---|---|---|---|---|---|---|---|
|D08|   |   |   |   |D02|D03|   |   |   |   |D10|
|---|---|---|---|---|---|---|---|---|---|---|---|
|D09|   |   |H01|III|   |   |III|   |   |   |D11|
|---|---|---|---|---|---|---|---|---|---|---|---|
|   |   |   |WWW|   |   |   |H03|WWW|   |   |   |
|---|---|---|---|---|---|---|---|---|---|---|---|
|   |   |   |   |   |   |   |   |   |   |   |   |
|---|---|---|---|---|---|---|---|---|---|---|---|
|   |   |   |   |   |D04|D05|   |   |   |   |   |
|---|---|---|---|---|---|---|---|---|---|---|---|
|   |   |III|III|III|III|III|III|III|III|III|   |
|---|---|---|---|---|---|---|---|---|---|---|---|
|   |   |   |   |   |D06|D07|   |   |   |   |   |
|---|---|---|---|---|---|---|---|---|---|---|---|
********
enemy path nodes: 2
enemy assumed path target: 4,3
enemy path nodes: 2
enemy path nodes: 15
-----
Turn 48:
-----
MyHero tried to move East
MyHero owns 0 diamond mines
MyHero has 100 health
|---|---|---|---|---|---|---|---|---|---|---|---|
|   |   |   |   |   |D00|D01|   |   |   |   |   |
|---|---|---|---|---|---|---|---|---|---|---|---|
|   |III|III|III|III|III|III|III|III|III|III|   |
|---|---|---|---|---|---|---|---|---|---|---|---|
|   |   |   |   |   |   |   |   |   |   |   |   |
|---|---|---|---|---|---|---|---|---|---|---|---|
|   |   |   |WWW|   |   |H02|   |WWW|   |   |   |
|---|---|---|---|---|---|---|---|---|---|---|---|
|   |   |   |H00|III|   |   |III|   |   |   |   |
|---|---|---|---|---|---|---|---|---|---|---|---|
|D08|   |   |   |   |D02|D03|   |   |   |   |D10|
|---|---|---|---|---|---|---|---|---|---|---|---|
|D09|   |   |H01|III|   |   |III|   |   |   |D11|
|---|---|---|---|---|---|---|---|---|---|---|---|
|   |   |   |WWW|   |   |   |H03|WWW|   |   |   |
|---|---|---|---|---|---|---|---|---|---|---|---|
|   |   |   |   |   |   |   |   |   |   |   |   |
|---|---|---|---|---|---|---|---|---|---|---|---|
|   |   |   |   |   |D04|D05|   |   |   |   |   |
|---|---|---|---|---|---|---|---|---|---|---|---|
|   |   |III|III|III|III|III|III|III|III|III|   |
|---|---|---|---|---|---|---|---|---|---|---|---|
|   |   |   |   |   |D06|D07|   |   |   |   |   |
|---|---|---|---|---|---|---|---|---|---|---|---|
********
-----
Turn 49:
-----
Enemy tried to move North
Enemy owns 1 diamond mines
Enemy has 80 health
|---|---|---|---|---|---|---|---|---|---|---|---|
|   |   |   |   |   |D00|D01|   |   |   |   |   |
|---|---|---|---|---|---|---|---|---|---|---|---|
|   |III|III|III|III|III|III|III|III|III|III|   |
|---|---|---|---|---|---|---|---|---|---|---|---|
|   |   |   |   |   |   |   |   |   |   |   |   |
|---|---|---|---|---|---|---|---|---|---|---|---|
|   |   |   |WWW|   |   |H02|   |WWW|   |   |   |
|---|---|---|---|---|---|---|---|---|---|---|---|
|   |   |   |H00|III|   |   |III|   |   |   |   |
|---|---|---|---|---|---|---|---|---|---|---|---|
|D08|   |   |H01|   |D02|D03|   |   |   |   |D10|
|---|---|---|---|---|---|---|---|---|---|---|---|
|D09|   |   |   |III|   |   |III|   |   |   |D11|
|---|---|---|---|---|---|---|---|---|---|---|---|
|   |   |   |WWW|   |   |   |H03|WWW|   |   |   |
|---|---|---|---|---|---|---|---|---|---|---|---|
|   |   |   |   |   |   |   |   |   |   |   |   |
|---|---|---|---|---|---|---|---|---|---|---|---|
|   |   |   |   |   |D04|D05|   |   |   |   |   |
|---|---|---|---|---|---|---|---|---|---|---|---|
|   |   |III|III|III|III|III|III|III|III|III|   |
|---|---|---|---|---|---|---|---|---|---|---|---|
|   |   |   |   |   |D06|D07|   |   |   |   |   |
|---|---|---|---|---|---|---|---|---|---|---|---|
********
-----
Turn 50:
-----
Assassin tried to move North
Assassin owns 0 diamond mines
Assassin has 100 health
|---|---|---|---|---|---|---|---|---|---|---|---|
|   |   |   |   |   |D00|D01|   |   |   |   |   |
|---|---|---|---|---|---|---|---|---|---|---|---|
|   |III|III|III|III|III|III|III|III|III|III|   |
|---|---|---|---|---|---|---|---|---|---|---|---|
|   |   |   |   |   |   |H02|   |   |   |   |   |
|---|---|---|---|---|---|---|---|---|---|---|---|
|   |   |   |WWW|   |   |   |   |WWW|   |   |   |
|---|---|---|---|---|---|---|---|---|---|---|---|
|   |   |   |H00|III|   |   |III|   |   |   |   |
|---|---|---|---|---|---|---|---|---|---|---|---|
|D08|   |   |H01|   |D02|D03|   |   |   |   |D10|
|---|---|---|---|---|---|---|---|---|---|---|---|
|D09|   |   |   |III|   |   |III|   |   |   |D11|
|---|---|---|---|---|---|---|---|---|---|---|---|
|   |   |   |WWW|   |   |   |H03|WWW|   |   |   |
|---|---|---|---|---|---|---|---|---|---|---|---|
|   |   |   |   |   |   |   |   |   |   |   |   |
|---|---|---|---|---|---|---|---|---|---|---|---|
|   |   |   |   |   |D04|D05|   |   |   |   |   |
|---|---|---|---|---|---|---|---|---|---|---|---|
|   |   |III|III|III|III|III|III|III|III|III|   |
|---|---|---|---|---|---|---|---|---|---|---|---|
|   |   |   |   |   |D06|D07|   |   |   |   |   |
|---|---|---|---|---|---|---|---|---|---|---|---|
********
-----
Turn 51:
-----
Miner tried to move East
Miner owns 3 diamond mines
Miner has 40 health
|---|---|---|---|---|---|---|---|---|---|---|---|
|   |   |   |   |   |D00|D01|   |   |   |   |   |
|---|---|---|---|---|---|---|---|---|---|---|---|
|   |III|III|III|III|III|III|III|III|III|III|   |
|---|---|---|---|---|---|---|---|---|---|---|---|
|   |   |   |   |   |   |H02|   |   |   |   |   |
|---|---|---|---|---|---|---|---|---|---|---|---|
|   |   |   |WWW|   |   |   |   |WWW|   |   |   |
|---|---|---|---|---|---|---|---|---|---|---|---|
|   |   |   |H00|III|   |   |III|   |   |   |   |
|---|---|---|---|---|---|---|---|---|---|---|---|
|D08|   |   |H01|   |D02|D03|   |   |   |   |D10|
|---|---|---|---|---|---|---|---|---|---|---|---|
|D09|   |   |   |III|   |   |III|   |   |   |D11|
|---|---|---|---|---|---|---|---|---|---|---|---|
|   |   |   |WWW|   |   |   |H03|WWW|   |   |   |
|---|---|---|---|---|---|---|---|---|---|---|---|
|   |   |   |   |   |   |   |   |   |   |   |   |
|---|---|---|---|---|---|---|---|---|---|---|---|
|   |   |   |   |   |D04|D05|   |   |   |   |   |
|---|---|---|---|---|---|---|---|---|---|---|---|
|   |   |III|III|III|III|III|III|III|III|III|   |
|---|---|---|---|---|---|---|---|---|---|---|---|
|   |   |   |   |   |D06|D07|   |   |   |   |   |
|---|---|---|---|---|---|---|---|---|---|---|---|
********
enemy path nodes: 5
enemy path nodes: 3
enemy assumed path target: 2,3
enemy path nodes: 15
-----
Turn 52:
-----
MyHero tried to move North
MyHero owns 0 diamond mines
MyHero has 80 health
|---|---|---|---|---|---|---|---|---|---|---|---|
|   |   |   |   |   |D00|D01|   |   |   |   |   |
|---|---|---|---|---|---|---|---|---|---|---|---|
|   |III|III|III|III|III|III|III|III|III|III|   |
|---|---|---|---|---|---|---|---|---|---|---|---|
|   |   |   |   |   |   |H02|   |   |   |   |   |
|---|---|---|---|---|---|---|---|---|---|---|---|
|   |   |   |WWW|   |   |   |   |WWW|   |   |   |
|---|---|---|---|---|---|---|---|---|---|---|---|
|   |   |   |H00|III|   |   |III|   |   |   |   |
|---|---|---|---|---|---|---|---|---|---|---|---|
|D08|   |   |H01|   |D02|D03|   |   |   |   |D10|
|---|---|---|---|---|---|---|---|---|---|---|---|
|D09|   |   |   |III|   |   |III|   |   |   |D11|
|---|---|---|---|---|---|---|---|---|---|---|---|
|   |   |   |WWW|   |   |   |H03|WWW|   |   |   |
|---|---|---|---|---|---|---|---|---|---|---|---|
|   |   |   |   |   |   |   |   |   |   |   |   |
|---|---|---|---|---|---|---|---|---|---|---|---|
|   |   |   |   |   |D04|D05|   |   |   |   |   |
|---|---|---|---|---|---|---|---|---|---|---|---|
|   |   |III|III|III|III|III|III|III|III|III|   |
|---|---|---|---|---|---|---|---|---|---|---|---|
|   |   |   |   |   |D06|D07|   |   |   |   |   |
|---|---|---|---|---|---|---|---|---|---|---|---|
********
-----
Turn 53:
-----
Enemy tried to move South
Enemy owns 1 diamond mines
Enemy has 60 health
|---|---|---|---|---|---|---|---|---|---|---|---|
|   |   |   |   |   |D00|D01|   |   |   |   |   |
|---|---|---|---|---|---|---|---|---|---|---|---|
|   |III|III|III|III|III|III|III|III|III|III|   |
|---|---|---|---|---|---|---|---|---|---|---|---|
|   |   |   |   |   |   |H02|   |   |   |   |   |
|---|---|---|---|---|---|---|---|---|---|---|---|
|   |   |   |WWW|   |   |   |   |WWW|   |   |   |
|---|---|---|---|---|---|---|---|---|---|---|---|
|   |   |   |H00|III|   |   |III|   |   |   |   |
|---|---|---|---|---|---|---|---|---|---|---|---|
|D08|   |   |   |   |D02|D03|   |   |   |   |D10|
|---|---|---|---|---|---|---|---|---|---|---|---|
|D09|   |   |H01|III|   |   |III|   |   |   |D11|
|---|---|---|---|---|---|---|---|---|---|---|---|
|   |   |   |WWW|   |   |   |H03|WWW|   |   |   |
|---|---|---|---|---|---|---|---|---|---|---|---|
|   |   |   |   |   |   |   |   |   |   |   |   |
|---|---|---|---|---|---|---|---|---|---|---|---|
|   |   |   |   |   |D04|D05|   |   |   |   |   |
|---|---|---|---|---|---|---|---|---|---|---|---|
|   |   |III|III|III|III|III|III|III|III|III|   |
|---|---|---|---|---|---|---|---|---|---|---|---|
|   |   |   |   |   |D06|D07|   |   |   |   |   |
|---|---|---|---|---|---|---|---|---|---|---|---|
********
-----
Turn 54:
-----
Assassin tried to move undefined
Assassin owns 0 diamond mines
Assassin has 100 health
|---|---|---|---|---|---|---|---|---|---|---|---|
|   |   |   |   |   |D00|D01|   |   |   |   |   |
|---|---|---|---|---|---|---|---|---|---|---|---|
|   |III|III|III|III|III|III|III|III|III|III|   |
|---|---|---|---|---|---|---|---|---|---|---|---|
|   |   |   |   |   |   |H02|   |   |   |   |   |
|---|---|---|---|---|---|---|---|---|---|---|---|
|   |   |   |WWW|   |   |   |   |WWW|   |   |   |
|---|---|---|---|---|---|---|---|---|---|---|---|
|   |   |   |H00|III|   |   |III|   |   |   |   |
|---|---|---|---|---|---|---|---|---|---|---|---|
|D08|   |   |   |   |D02|D03|   |   |   |   |D10|
|---|---|---|---|---|---|---|---|---|---|---|---|
|D09|   |   |H01|III|   |   |III|   |   |   |D11|
|---|---|---|---|---|---|---|---|---|---|---|---|
|   |   |   |WWW|   |   |   |H03|WWW|   |   |   |
|---|---|---|---|---|---|---|---|---|---|---|---|
|   |   |   |   |   |   |   |   |   |   |   |   |
|---|---|---|---|---|---|---|---|---|---|---|---|
|   |   |   |   |   |D04|D05|   |   |   |   |   |
|---|---|---|---|---|---|---|---|---|---|---|---|
|   |   |III|III|III|III|III|III|III|III|III|   |
|---|---|---|---|---|---|---|---|---|---|---|---|
|   |   |   |   |   |D06|D07|   |   |   |   |   |
|---|---|---|---|---|---|---|---|---|---|---|---|
********
-----
Turn 55:
-----
Miner tried to move East
Miner owns 3 diamond mines
Miner has 70 health
|---|---|---|---|---|---|---|---|---|---|---|---|
|   |   |   |   |   |D00|D01|   |   |   |   |   |
|---|---|---|---|---|---|---|---|---|---|---|---|
|   |III|III|III|III|III|III|III|III|III|III|   |
|---|---|---|---|---|---|---|---|---|---|---|---|
|   |   |   |   |   |   |H02|   |   |   |   |   |
|---|---|---|---|---|---|---|---|---|---|---|---|
|   |   |   |WWW|   |   |   |   |WWW|   |   |   |
|---|---|---|---|---|---|---|---|---|---|---|---|
|   |   |   |H00|III|   |   |III|   |   |   |   |
|---|---|---|---|---|---|---|---|---|---|---|---|
|D08|   |   |   |   |D02|D03|   |   |   |   |D10|
|---|---|---|---|---|---|---|---|---|---|---|---|
|D09|   |   |H01|III|   |   |III|   |   |   |D11|
|---|---|---|---|---|---|---|---|---|---|---|---|
|   |   |   |WWW|   |   |   |H03|WWW|   |   |   |
|---|---|---|---|---|---|---|---|---|---|---|---|
|   |   |   |   |   |   |   |   |   |   |   |   |
|---|---|---|---|---|---|---|---|---|---|---|---|
|   |   |   |   |   |D04|D05|   |   |   |   |   |
|---|---|---|---|---|---|---|---|---|---|---|---|
|   |   |III|III|III|III|III|III|III|III|III|   |
|---|---|---|---|---|---|---|---|---|---|---|---|
|   |   |   |   |   |D06|D07|   |   |   |   |   |
|---|---|---|---|---|---|---|---|---|---|---|---|
********
enemy path nodes: 6
enemy path nodes: 3
enemy assumed path target: 2,3
enemy path nodes: 15
-----
Turn 56:
-----
MyHero tried to move West
MyHero owns 0 diamond mines
MyHero has 100 health
|---|---|---|---|---|---|---|---|---|---|---|---|
|   |   |   |   |   |D00|D01|   |   |   |   |   |
|---|---|---|---|---|---|---|---|---|---|---|---|
|   |III|III|III|III|III|III|III|III|III|III|   |
|---|---|---|---|---|---|---|---|---|---|---|---|
|   |   |   |   |   |   |H02|   |   |   |   |   |
|---|---|---|---|---|---|---|---|---|---|---|---|
|   |   |   |WWW|   |   |   |   |WWW|   |   |   |
|---|---|---|---|---|---|---|---|---|---|---|---|
|   |   |H00|   |III|   |   |III|   |   |   |   |
|---|---|---|---|---|---|---|---|---|---|---|---|
|D08|   |   |   |   |D02|D03|   |   |   |   |D10|
|---|---|---|---|---|---|---|---|---|---|---|---|
|D09|   |   |H01|III|   |   |III|   |   |   |D11|
|---|---|---|---|---|---|---|---|---|---|---|---|
|   |   |   |WWW|   |   |   |H03|WWW|   |   |   |
|---|---|---|---|---|---|---|---|---|---|---|---|
|   |   |   |   |   |   |   |   |   |   |   |   |
|---|---|---|---|---|---|---|---|---|---|---|---|
|   |   |   |   |   |D04|D05|   |   |   |   |   |
|---|---|---|---|---|---|---|---|---|---|---|---|
|   |   |III|III|III|III|III|III|III|III|III|   |
|---|---|---|---|---|---|---|---|---|---|---|---|
|   |   |   |   |   |D06|D07|   |   |   |   |   |
|---|---|---|---|---|---|---|---|---|---|---|---|
********
-----
Turn 57:
-----
Enemy tried to move East
Enemy owns 1 diamond mines
Enemy has 60 health
|---|---|---|---|---|---|---|---|---|---|---|---|
|   |   |   |   |   |D00|D01|   |   |   |   |   |
|---|---|---|---|---|---|---|---|---|---|---|---|
|   |III|III|III|III|III|III|III|III|III|III|   |
|---|---|---|---|---|---|---|---|---|---|---|---|
|   |   |   |   |   |   |H02|   |   |   |   |   |
|---|---|---|---|---|---|---|---|---|---|---|---|
|   |   |   |WWW|   |   |   |   |WWW|   |   |   |
|---|---|---|---|---|---|---|---|---|---|---|---|
|   |   |H00|   |III|   |   |III|   |   |   |   |
|---|---|---|---|---|---|---|---|---|---|---|---|
|D08|   |   |   |   |D02|D03|   |   |   |   |D10|
|---|---|---|---|---|---|---|---|---|---|---|---|
|D09|   |   |H01|III|   |   |III|   |   |   |D11|
|---|---|---|---|---|---|---|---|---|---|---|---|
|   |   |   |WWW|   |   |   |H03|WWW|   |   |   |
|---|---|---|---|---|---|---|---|---|---|---|---|
|   |   |   |   |   |   |   |   |   |   |   |   |
|---|---|---|---|---|---|---|---|---|---|---|---|
|   |   |   |   |   |D04|D05|   |   |   |   |   |
|---|---|---|---|---|---|---|---|---|---|---|---|
|   |   |III|III|III|III|III|III|III|III|III|   |
|---|---|---|---|---|---|---|---|---|---|---|---|
|   |   |   |   |   |D06|D07|   |   |   |   |   |
|---|---|---|---|---|---|---|---|---|---|---|---|
********
-----
Turn 58:
-----
Assassin tried to move undefined
Assassin owns 0 diamond mines
Assassin has 100 health
|---|---|---|---|---|---|---|---|---|---|---|---|
|   |   |   |   |   |D00|D01|   |   |   |   |   |
|---|---|---|---|---|---|---|---|---|---|---|---|
|   |III|III|III|III|III|III|III|III|III|III|   |
|---|---|---|---|---|---|---|---|---|---|---|---|
|   |   |   |   |   |   |H02|   |   |   |   |   |
|---|---|---|---|---|---|---|---|---|---|---|---|
|   |   |   |WWW|   |   |   |   |WWW|   |   |   |
|---|---|---|---|---|---|---|---|---|---|---|---|
|   |   |H00|   |III|   |   |III|   |   |   |   |
|---|---|---|---|---|---|---|---|---|---|---|---|
|D08|   |   |   |   |D02|D03|   |   |   |   |D10|
|---|---|---|---|---|---|---|---|---|---|---|---|
|D09|   |   |H01|III|   |   |III|   |   |   |D11|
|---|---|---|---|---|---|---|---|---|---|---|---|
|   |   |   |WWW|   |   |   |H03|WWW|   |   |   |
|---|---|---|---|---|---|---|---|---|---|---|---|
|   |   |   |   |   |   |   |   |   |   |   |   |
|---|---|---|---|---|---|---|---|---|---|---|---|
|   |   |   |   |   |D04|D05|   |   |   |   |   |
|---|---|---|---|---|---|---|---|---|---|---|---|
|   |   |III|III|III|III|III|III|III|III|III|   |
|---|---|---|---|---|---|---|---|---|---|---|---|
|   |   |   |   |   |D06|D07|   |   |   |   |   |
|---|---|---|---|---|---|---|---|---|---|---|---|
********
-----
Turn 59:
-----
Miner tried to move South
Miner owns 3 diamond mines
Miner has 100 health
|---|---|---|---|---|---|---|---|---|---|---|---|
|   |   |   |   |   |D00|D01|   |   |   |   |   |
|---|---|---|---|---|---|---|---|---|---|---|---|
|   |III|III|III|III|III|III|III|III|III|III|   |
|---|---|---|---|---|---|---|---|---|---|---|---|
|   |   |   |   |   |   |H02|   |   |   |   |   |
|---|---|---|---|---|---|---|---|---|---|---|---|
|   |   |   |WWW|   |   |   |   |WWW|   |   |   |
|---|---|---|---|---|---|---|---|---|---|---|---|
|   |   |H00|   |III|   |   |III|   |   |   |   |
|---|---|---|---|---|---|---|---|---|---|---|---|
|D08|   |   |   |   |D02|D03|   |   |   |   |D10|
|---|---|---|---|---|---|---|---|---|---|---|---|
|D09|   |   |H01|III|   |   |III|   |   |   |D11|
|---|---|---|---|---|---|---|---|---|---|---|---|
|   |   |   |WWW|   |   |   |   |WWW|   |   |   |
|---|---|---|---|---|---|---|---|---|---|---|---|
|   |   |   |   |   |   |   |H03|   |   |   |   |
|---|---|---|---|---|---|---|---|---|---|---|---|
|   |   |   |   |   |D04|D05|   |   |   |   |   |
|---|---|---|---|---|---|---|---|---|---|---|---|
|   |   |III|III|III|III|III|III|III|III|III|   |
|---|---|---|---|---|---|---|---|---|---|---|---|
|   |   |   |   |   |D06|D07|   |   |   |   |   |
|---|---|---|---|---|---|---|---|---|---|---|---|
********
enemy path nodes: 2
enemy assumed path target: 4,3
enemy path nodes: 3
enemy path nodes: 14
-----
Turn 60:
-----
MyHero tried to move East
MyHero owns 0 diamond mines
MyHero has 100 health
|---|---|---|---|---|---|---|---|---|---|---|---|
|   |   |   |   |   |D00|D01|   |   |   |   |   |
|---|---|---|---|---|---|---|---|---|---|---|---|
|   |III|III|III|III|III|III|III|III|III|III|   |
|---|---|---|---|---|---|---|---|---|---|---|---|
|   |   |   |   |   |   |H02|   |   |   |   |   |
|---|---|---|---|---|---|---|---|---|---|---|---|
|   |   |   |WWW|   |   |   |   |WWW|   |   |   |
|---|---|---|---|---|---|---|---|---|---|---|---|
|   |   |   |H00|III|   |   |III|   |   |   |   |
|---|---|---|---|---|---|---|---|---|---|---|---|
|D08|   |   |   |   |D02|D03|   |   |   |   |D10|
|---|---|---|---|---|---|---|---|---|---|---|---|
|D09|   |   |H01|III|   |   |III|   |   |   |D11|
|---|---|---|---|---|---|---|---|---|---|---|---|
|   |   |   |WWW|   |   |   |   |WWW|   |   |   |
|---|---|---|---|---|---|---|---|---|---|---|---|
|   |   |   |   |   |   |   |H03|   |   |   |   |
|---|---|---|---|---|---|---|---|---|---|---|---|
|   |   |   |   |   |D04|D05|   |   |   |   |   |
|---|---|---|---|---|---|---|---|---|---|---|---|
|   |   |III|III|III|III|III|III|III|III|III|   |
|---|---|---|---|---|---|---|---|---|---|---|---|
|   |   |   |   |   |D06|D07|   |   |   |   |   |
|---|---|---|---|---|---|---|---|---|---|---|---|
********
-----
Turn 61:
-----
Enemy tried to move East
Enemy owns 1 diamond mines
Enemy has 60 health
|---|---|---|---|---|---|---|---|---|---|---|---|
|   |   |   |   |   |D00|D01|   |   |   |   |   |
|---|---|---|---|---|---|---|---|---|---|---|---|
|   |III|III|III|III|III|III|III|III|III|III|   |
|---|---|---|---|---|---|---|---|---|---|---|---|
|   |   |   |   |   |   |H02|   |   |   |   |   |
|---|---|---|---|---|---|---|---|---|---|---|---|
|   |   |   |WWW|   |   |   |   |WWW|   |   |   |
|---|---|---|---|---|---|---|---|---|---|---|---|
|   |   |   |H00|III|   |   |III|   |   |   |   |
|---|---|---|---|---|---|---|---|---|---|---|---|
|D08|   |   |   |   |D02|D03|   |   |   |   |D10|
|---|---|---|---|---|---|---|---|---|---|---|---|
|D09|   |   |H01|III|   |   |III|   |   |   |D11|
|---|---|---|---|---|---|---|---|---|---|---|---|
|   |   |   |WWW|   |   |   |   |WWW|   |   |   |
|---|---|---|---|---|---|---|---|---|---|---|---|
|   |   |   |   |   |   |   |H03|   |   |   |   |
|---|---|---|---|---|---|---|---|---|---|---|---|
|   |   |   |   |   |D04|D05|   |   |   |   |   |
|---|---|---|---|---|---|---|---|---|---|---|---|
|   |   |III|III|III|III|III|III|III|III|III|   |
|---|---|---|---|---|---|---|---|---|---|---|---|
|   |   |   |   |   |D06|D07|   |   |   |   |   |
|---|---|---|---|---|---|---|---|---|---|---|---|
********
-----
Turn 62:
-----
Assassin tried to move undefined
Assassin owns 0 diamond mines
Assassin has 100 health
|---|---|---|---|---|---|---|---|---|---|---|---|
|   |   |   |   |   |D00|D01|   |   |   |   |   |
|---|---|---|---|---|---|---|---|---|---|---|---|
|   |III|III|III|III|III|III|III|III|III|III|   |
|---|---|---|---|---|---|---|---|---|---|---|---|
|   |   |   |   |   |   |H02|   |   |   |   |   |
|---|---|---|---|---|---|---|---|---|---|---|---|
|   |   |   |WWW|   |   |   |   |WWW|   |   |   |
|---|---|---|---|---|---|---|---|---|---|---|---|
|   |   |   |H00|III|   |   |III|   |   |   |   |
|---|---|---|---|---|---|---|---|---|---|---|---|
|D08|   |   |   |   |D02|D03|   |   |   |   |D10|
|---|---|---|---|---|---|---|---|---|---|---|---|
|D09|   |   |H01|III|   |   |III|   |   |   |D11|
|---|---|---|---|---|---|---|---|---|---|---|---|
|   |   |   |WWW|   |   |   |   |WWW|   |   |   |
|---|---|---|---|---|---|---|---|---|---|---|---|
|   |   |   |   |   |   |   |H03|   |   |   |   |
|---|---|---|---|---|---|---|---|---|---|---|---|
|   |   |   |   |   |D04|D05|   |   |   |   |   |
|---|---|---|---|---|---|---|---|---|---|---|---|
|   |   |III|III|III|III|III|III|III|III|III|   |
|---|---|---|---|---|---|---|---|---|---|---|---|
|   |   |   |   |   |D06|D07|   |   |   |   |   |
|---|---|---|---|---|---|---|---|---|---|---|---|
********
-----
Turn 63:
-----
Miner tried to move East
Miner owns 3 diamond mines
Miner has 100 health
|---|---|---|---|---|---|---|---|---|---|---|---|
|   |   |   |   |   |D00|D01|   |   |   |   |   |
|---|---|---|---|---|---|---|---|---|---|---|---|
|   |III|III|III|III|III|III|III|III|III|III|   |
|---|---|---|---|---|---|---|---|---|---|---|---|
|   |   |   |   |   |   |H02|   |   |   |   |   |
|---|---|---|---|---|---|---|---|---|---|---|---|
|   |   |   |WWW|   |   |   |   |WWW|   |   |   |
|---|---|---|---|---|---|---|---|---|---|---|---|
|   |   |   |H00|III|   |   |III|   |   |   |   |
|---|---|---|---|---|---|---|---|---|---|---|---|
|D08|   |   |   |   |D02|D03|   |   |   |   |D10|
|---|---|---|---|---|---|---|---|---|---|---|---|
|D09|   |   |H01|III|   |   |III|   |   |   |D11|
|---|---|---|---|---|---|---|---|---|---|---|---|
|   |   |   |WWW|   |   |   |   |WWW|   |   |   |
|---|---|---|---|---|---|---|---|---|---|---|---|
|   |   |   |   |   |   |   |   |H03|   |   |   |
|---|---|---|---|---|---|---|---|---|---|---|---|
|   |   |   |   |   |D04|D05|   |   |   |   |   |
|---|---|---|---|---|---|---|---|---|---|---|---|
|   |   |III|III|III|III|III|III|III|III|III|   |
|---|---|---|---|---|---|---|---|---|---|---|---|
|   |   |   |   |   |D06|D07|   |   |   |   |   |
|---|---|---|---|---|---|---|---|---|---|---|---|
********
enemy path nodes: 6
enemy path nodes: 3
enemy assumed path target: 2,3
enemy path nodes: 13
-----
Turn 64:
-----
MyHero tried to move West
MyHero owns 0 diamond mines
MyHero has 100 health
|---|---|---|---|---|---|---|---|---|---|---|---|
|   |   |   |   |   |D00|D01|   |   |   |   |   |
|---|---|---|---|---|---|---|---|---|---|---|---|
|   |III|III|III|III|III|III|III|III|III|III|   |
|---|---|---|---|---|---|---|---|---|---|---|---|
|   |   |   |   |   |   |H02|   |   |   |   |   |
|---|---|---|---|---|---|---|---|---|---|---|---|
|   |   |   |WWW|   |   |   |   |WWW|   |   |   |
|---|---|---|---|---|---|---|---|---|---|---|---|
|   |   |H00|   |III|   |   |III|   |   |   |   |
|---|---|---|---|---|---|---|---|---|---|---|---|
|D08|   |   |   |   |D02|D03|   |   |   |   |D10|
|---|---|---|---|---|---|---|---|---|---|---|---|
|D09|   |   |H01|III|   |   |III|   |   |   |D11|
|---|---|---|---|---|---|---|---|---|---|---|---|
|   |   |   |WWW|   |   |   |   |WWW|   |   |   |
|---|---|---|---|---|---|---|---|---|---|---|---|
|   |   |   |   |   |   |   |   |H03|   |   |   |
|---|---|---|---|---|---|---|---|---|---|---|---|
|   |   |   |   |   |D04|D05|   |   |   |   |   |
|---|---|---|---|---|---|---|---|---|---|---|---|
|   |   |III|III|III|III|III|III|III|III|III|   |
|---|---|---|---|---|---|---|---|---|---|---|---|
|   |   |   |   |   |D06|D07|   |   |   |   |   |
|---|---|---|---|---|---|---|---|---|---|---|---|
********
-----
Turn 65:
-----
Enemy tried to move West
Enemy owns 1 diamond mines
Enemy has 60 health
|---|---|---|---|---|---|---|---|---|---|---|---|
|   |   |   |   |   |D00|D01|   |   |   |   |   |
|---|---|---|---|---|---|---|---|---|---|---|---|
|   |III|III|III|III|III|III|III|III|III|III|   |
|---|---|---|---|---|---|---|---|---|---|---|---|
|   |   |   |   |   |   |H02|   |   |   |   |   |
|---|---|---|---|---|---|---|---|---|---|---|---|
|   |   |   |WWW|   |   |   |   |WWW|   |   |   |
|---|---|---|---|---|---|---|---|---|---|---|---|
|   |   |H00|   |III|   |   |III|   |   |   |   |
|---|---|---|---|---|---|---|---|---|---|---|---|
|D08|   |   |   |   |D02|D03|   |   |   |   |D10|
|---|---|---|---|---|---|---|---|---|---|---|---|
|D09|   |H01|   |III|   |   |III|   |   |   |D11|
|---|---|---|---|---|---|---|---|---|---|---|---|
|   |   |   |WWW|   |   |   |   |WWW|   |   |   |
|---|---|---|---|---|---|---|---|---|---|---|---|
|   |   |   |   |   |   |   |   |H03|   |   |   |
|---|---|---|---|---|---|---|---|---|---|---|---|
|   |   |   |   |   |D04|D05|   |   |   |   |   |
|---|---|---|---|---|---|---|---|---|---|---|---|
|   |   |III|III|III|III|III|III|III|III|III|   |
|---|---|---|---|---|---|---|---|---|---|---|---|
|   |   |   |   |   |D06|D07|   |   |   |   |   |
|---|---|---|---|---|---|---|---|---|---|---|---|
********
-----
Turn 66:
-----
Assassin tried to move undefined
Assassin owns 0 diamond mines
Assassin has 100 health
|---|---|---|---|---|---|---|---|---|---|---|---|
|   |   |   |   |   |D00|D01|   |   |   |   |   |
|---|---|---|---|---|---|---|---|---|---|---|---|
|   |III|III|III|III|III|III|III|III|III|III|   |
|---|---|---|---|---|---|---|---|---|---|---|---|
|   |   |   |   |   |   |H02|   |   |   |   |   |
|---|---|---|---|---|---|---|---|---|---|---|---|
|   |   |   |WWW|   |   |   |   |WWW|   |   |   |
|---|---|---|---|---|---|---|---|---|---|---|---|
|   |   |H00|   |III|   |   |III|   |   |   |   |
|---|---|---|---|---|---|---|---|---|---|---|---|
|D08|   |   |   |   |D02|D03|   |   |   |   |D10|
|---|---|---|---|---|---|---|---|---|---|---|---|
|D09|   |H01|   |III|   |   |III|   |   |   |D11|
|---|---|---|---|---|---|---|---|---|---|---|---|
|   |   |   |WWW|   |   |   |   |WWW|   |   |   |
|---|---|---|---|---|---|---|---|---|---|---|---|
|   |   |   |   |   |   |   |   |H03|   |   |   |
|---|---|---|---|---|---|---|---|---|---|---|---|
|   |   |   |   |   |D04|D05|   |   |   |   |   |
|---|---|---|---|---|---|---|---|---|---|---|---|
|   |   |III|III|III|III|III|III|III|III|III|   |
|---|---|---|---|---|---|---|---|---|---|---|---|
|   |   |   |   |   |D06|D07|   |   |   |   |   |
|---|---|---|---|---|---|---|---|---|---|---|---|
********
-----
Turn 67:
-----
Miner tried to move East
Miner owns 3 diamond mines
Miner has 100 health
|---|---|---|---|---|---|---|---|---|---|---|---|
|   |   |   |   |   |D00|D01|   |   |   |   |   |
|---|---|---|---|---|---|---|---|---|---|---|---|
|   |III|III|III|III|III|III|III|III|III|III|   |
|---|---|---|---|---|---|---|---|---|---|---|---|
|   |   |   |   |   |   |H02|   |   |   |   |   |
|---|---|---|---|---|---|---|---|---|---|---|---|
|   |   |   |WWW|   |   |   |   |WWW|   |   |   |
|---|---|---|---|---|---|---|---|---|---|---|---|
|   |   |H00|   |III|   |   |III|   |   |   |   |
|---|---|---|---|---|---|---|---|---|---|---|---|
|D08|   |   |   |   |D02|D03|   |   |   |   |D10|
|---|---|---|---|---|---|---|---|---|---|---|---|
|D09|   |H01|   |III|   |   |III|   |   |   |D11|
|---|---|---|---|---|---|---|---|---|---|---|---|
|   |   |   |WWW|   |   |   |   |WWW|   |   |   |
|---|---|---|---|---|---|---|---|---|---|---|---|
|   |   |   |   |   |   |   |   |   |H03|   |   |
|---|---|---|---|---|---|---|---|---|---|---|---|
|   |   |   |   |   |D04|D05|   |   |   |   |   |
|---|---|---|---|---|---|---|---|---|---|---|---|
|   |   |III|III|III|III|III|III|III|III|III|   |
|---|---|---|---|---|---|---|---|---|---|---|---|
|   |   |   |   |   |D06|D07|   |   |   |   |   |
|---|---|---|---|---|---|---|---|---|---|---|---|
********
enemy path nodes: 3
enemy assumed path target: 4,3
enemy path nodes: 3
enemy path nodes: 12
-----
Turn 68:
-----
MyHero tried to move East
MyHero owns 0 diamond mines
MyHero has 100 health
|---|---|---|---|---|---|---|---|---|---|---|---|
|   |   |   |   |   |D00|D01|   |   |   |   |   |
|---|---|---|---|---|---|---|---|---|---|---|---|
|   |III|III|III|III|III|III|III|III|III|III|   |
|---|---|---|---|---|---|---|---|---|---|---|---|
|   |   |   |   |   |   |H02|   |   |   |   |   |
|---|---|---|---|---|---|---|---|---|---|---|---|
|   |   |   |WWW|   |   |   |   |WWW|   |   |   |
|---|---|---|---|---|---|---|---|---|---|---|---|
|   |   |   |H00|III|   |   |III|   |   |   |   |
|---|---|---|---|---|---|---|---|---|---|---|---|
|D08|   |   |   |   |D02|D03|   |   |   |   |D10|
|---|---|---|---|---|---|---|---|---|---|---|---|
|D09|   |H01|   |III|   |   |III|   |   |   |D11|
|---|---|---|---|---|---|---|---|---|---|---|---|
|   |   |   |WWW|   |   |   |   |WWW|   |   |   |
|---|---|---|---|---|---|---|---|---|---|---|---|
|   |   |   |   |   |   |   |   |   |H03|   |   |
|---|---|---|---|---|---|---|---|---|---|---|---|
|   |   |   |   |   |D04|D05|   |   |   |   |   |
|---|---|---|---|---|---|---|---|---|---|---|---|
|   |   |III|III|III|III|III|III|III|III|III|   |
|---|---|---|---|---|---|---|---|---|---|---|---|
|   |   |   |   |   |D06|D07|   |   |   |   |   |
|---|---|---|---|---|---|---|---|---|---|---|---|
********
-----
Turn 69:
-----
Enemy tried to move South
Enemy owns 1 diamond mines
Enemy has 60 health
|---|---|---|---|---|---|---|---|---|---|---|---|
|   |   |   |   |   |D00|D01|   |   |   |   |   |
|---|---|---|---|---|---|---|---|---|---|---|---|
|   |III|III|III|III|III|III|III|III|III|III|   |
|---|---|---|---|---|---|---|---|---|---|---|---|
|   |   |   |   |   |   |H02|   |   |   |   |   |
|---|---|---|---|---|---|---|---|---|---|---|---|
|   |   |   |WWW|   |   |   |   |WWW|   |   |   |
|---|---|---|---|---|---|---|---|---|---|---|---|
|   |   |   |H00|III|   |   |III|   |   |   |   |
|---|---|---|---|---|---|---|---|---|---|---|---|
|D08|   |   |   |   |D02|D03|   |   |   |   |D10|
|---|---|---|---|---|---|---|---|---|---|---|---|
|D09|   |   |   |III|   |   |III|   |   |   |D11|
|---|---|---|---|---|---|---|---|---|---|---|---|
|   |   |H01|WWW|   |   |   |   |WWW|   |   |   |
|---|---|---|---|---|---|---|---|---|---|---|---|
|   |   |   |   |   |   |   |   |   |H03|   |   |
|---|---|---|---|---|---|---|---|---|---|---|---|
|   |   |   |   |   |D04|D05|   |   |   |   |   |
|---|---|---|---|---|---|---|---|---|---|---|---|
|   |   |III|III|III|III|III|III|III|III|III|   |
|---|---|---|---|---|---|---|---|---|---|---|---|
|   |   |   |   |   |D06|D07|   |   |   |   |   |
|---|---|---|---|---|---|---|---|---|---|---|---|
********
-----
Turn 70:
-----
Assassin tried to move undefined
Assassin owns 0 diamond mines
Assassin has 100 health
|---|---|---|---|---|---|---|---|---|---|---|---|
|   |   |   |   |   |D00|D01|   |   |   |   |   |
|---|---|---|---|---|---|---|---|---|---|---|---|
|   |III|III|III|III|III|III|III|III|III|III|   |
|---|---|---|---|---|---|---|---|---|---|---|---|
|   |   |   |   |   |   |H02|   |   |   |   |   |
|---|---|---|---|---|---|---|---|---|---|---|---|
|   |   |   |WWW|   |   |   |   |WWW|   |   |   |
|---|---|---|---|---|---|---|---|---|---|---|---|
|   |   |   |H00|III|   |   |III|   |   |   |   |
|---|---|---|---|---|---|---|---|---|---|---|---|
|D08|   |   |   |   |D02|D03|   |   |   |   |D10|
|---|---|---|---|---|---|---|---|---|---|---|---|
|D09|   |   |   |III|   |   |III|   |   |   |D11|
|---|---|---|---|---|---|---|---|---|---|---|---|
|   |   |H01|WWW|   |   |   |   |WWW|   |   |   |
|---|---|---|---|---|---|---|---|---|---|---|---|
|   |   |   |   |   |   |   |   |   |H03|   |   |
|---|---|---|---|---|---|---|---|---|---|---|---|
|   |   |   |   |   |D04|D05|   |   |   |   |   |
|---|---|---|---|---|---|---|---|---|---|---|---|
|   |   |III|III|III|III|III|III|III|III|III|   |
|---|---|---|---|---|---|---|---|---|---|---|---|
|   |   |   |   |   |D06|D07|   |   |   |   |   |
|---|---|---|---|---|---|---|---|---|---|---|---|
********
-----
Turn 71:
-----
Miner tried to move North
Miner owns 3 diamond mines
Miner has 100 health
|---|---|---|---|---|---|---|---|---|---|---|---|
|   |   |   |   |   |D00|D01|   |   |   |   |   |
|---|---|---|---|---|---|---|---|---|---|---|---|
|   |III|III|III|III|III|III|III|III|III|III|   |
|---|---|---|---|---|---|---|---|---|---|---|---|
|   |   |   |   |   |   |H02|   |   |   |   |   |
|---|---|---|---|---|---|---|---|---|---|---|---|
|   |   |   |WWW|   |   |   |   |WWW|   |   |   |
|---|---|---|---|---|---|---|---|---|---|---|---|
|   |   |   |H00|III|   |   |III|   |   |   |   |
|---|---|---|---|---|---|---|---|---|---|---|---|
|D08|   |   |   |   |D02|D03|   |   |   |   |D10|
|---|---|---|---|---|---|---|---|---|---|---|---|
|D09|   |   |   |III|   |   |III|   |   |   |D11|
|---|---|---|---|---|---|---|---|---|---|---|---|
|   |   |H01|WWW|   |   |   |   |WWW|H03|   |   |
|---|---|---|---|---|---|---|---|---|---|---|---|
|   |   |   |   |   |   |   |   |   |   |   |   |
|---|---|---|---|---|---|---|---|---|---|---|---|
|   |   |   |   |   |D04|D05|   |   |   |   |   |
|---|---|---|---|---|---|---|---|---|---|---|---|
|   |   |III|III|III|III|III|III|III|III|III|   |
|---|---|---|---|---|---|---|---|---|---|---|---|
|   |   |   |   |   |D06|D07|   |   |   |   |   |
|---|---|---|---|---|---|---|---|---|---|---|---|
********
enemy path nodes: 4
enemy assumed path target: 3,2
enemy path nodes: 3
enemy assumed path target: 2,3
enemy path nodes: 11
-----
Turn 72:
-----
MyHero tried to move West
MyHero owns 0 diamond mines
MyHero has 100 health
|---|---|---|---|---|---|---|---|---|---|---|---|
|   |   |   |   |   |D00|D01|   |   |   |   |   |
|---|---|---|---|---|---|---|---|---|---|---|---|
|   |III|III|III|III|III|III|III|III|III|III|   |
|---|---|---|---|---|---|---|---|---|---|---|---|
|   |   |   |   |   |   |H02|   |   |   |   |   |
|---|---|---|---|---|---|---|---|---|---|---|---|
|   |   |   |WWW|   |   |   |   |WWW|   |   |   |
|---|---|---|---|---|---|---|---|---|---|---|---|
|   |   |H00|   |III|   |   |III|   |   |   |   |
|---|---|---|---|---|---|---|---|---|---|---|---|
|D08|   |   |   |   |D02|D03|   |   |   |   |D10|
|---|---|---|---|---|---|---|---|---|---|---|---|
|D09|   |   |   |III|   |   |III|   |   |   |D11|
|---|---|---|---|---|---|---|---|---|---|---|---|
|   |   |H01|WWW|   |   |   |   |WWW|H03|   |   |
|---|---|---|---|---|---|---|---|---|---|---|---|
|   |   |   |   |   |   |   |   |   |   |   |   |
|---|---|---|---|---|---|---|---|---|---|---|---|
|   |   |   |   |   |D04|D05|   |   |   |   |   |
|---|---|---|---|---|---|---|---|---|---|---|---|
|   |   |III|III|III|III|III|III|III|III|III|   |
|---|---|---|---|---|---|---|---|---|---|---|---|
|   |   |   |   |   |D06|D07|   |   |   |   |   |
|---|---|---|---|---|---|---|---|---|---|---|---|
********
-----
Turn 73:
-----
Enemy tried to move North
Enemy owns 1 diamond mines
Enemy has 60 health
|---|---|---|---|---|---|---|---|---|---|---|---|
|   |   |   |   |   |D00|D01|   |   |   |   |   |
|---|---|---|---|---|---|---|---|---|---|---|---|
|   |III|III|III|III|III|III|III|III|III|III|   |
|---|---|---|---|---|---|---|---|---|---|---|---|
|   |   |   |   |   |   |H02|   |   |   |   |   |
|---|---|---|---|---|---|---|---|---|---|---|---|
|   |   |   |WWW|   |   |   |   |WWW|   |   |   |
|---|---|---|---|---|---|---|---|---|---|---|---|
|   |   |H00|   |III|   |   |III|   |   |   |   |
|---|---|---|---|---|---|---|---|---|---|---|---|
|D08|   |   |   |   |D02|D03|   |   |   |   |D10|
|---|---|---|---|---|---|---|---|---|---|---|---|
|D09|   |H01|   |III|   |   |III|   |   |   |D11|
|---|---|---|---|---|---|---|---|---|---|---|---|
|   |   |   |WWW|   |   |   |   |WWW|H03|   |   |
|---|---|---|---|---|---|---|---|---|---|---|---|
|   |   |   |   |   |   |   |   |   |   |   |   |
|---|---|---|---|---|---|---|---|---|---|---|---|
|   |   |   |   |   |D04|D05|   |   |   |   |   |
|---|---|---|---|---|---|---|---|---|---|---|---|
|   |   |III|III|III|III|III|III|III|III|III|   |
|---|---|---|---|---|---|---|---|---|---|---|---|
|   |   |   |   |   |D06|D07|   |   |   |   |   |
|---|---|---|---|---|---|---|---|---|---|---|---|
********
-----
Turn 74:
-----
Assassin tried to move undefined
Assassin owns 0 diamond mines
Assassin has 100 health
|---|---|---|---|---|---|---|---|---|---|---|---|
|   |   |   |   |   |D00|D01|   |   |   |   |   |
|---|---|---|---|---|---|---|---|---|---|---|---|
|   |III|III|III|III|III|III|III|III|III|III|   |
|---|---|---|---|---|---|---|---|---|---|---|---|
|   |   |   |   |   |   |H02|   |   |   |   |   |
|---|---|---|---|---|---|---|---|---|---|---|---|
|   |   |   |WWW|   |   |   |   |WWW|   |   |   |
|---|---|---|---|---|---|---|---|---|---|---|---|
|   |   |H00|   |III|   |   |III|   |   |   |   |
|---|---|---|---|---|---|---|---|---|---|---|---|
|D08|   |   |   |   |D02|D03|   |   |   |   |D10|
|---|---|---|---|---|---|---|---|---|---|---|---|
|D09|   |H01|   |III|   |   |III|   |   |   |D11|
|---|---|---|---|---|---|---|---|---|---|---|---|
|   |   |   |WWW|   |   |   |   |WWW|H03|   |   |
|---|---|---|---|---|---|---|---|---|---|---|---|
|   |   |   |   |   |   |   |   |   |   |   |   |
|---|---|---|---|---|---|---|---|---|---|---|---|
|   |   |   |   |   |D04|D05|   |   |   |   |   |
|---|---|---|---|---|---|---|---|---|---|---|---|
|   |   |III|III|III|III|III|III|III|III|III|   |
|---|---|---|---|---|---|---|---|---|---|---|---|
|   |   |   |   |   |D06|D07|   |   |   |   |   |
|---|---|---|---|---|---|---|---|---|---|---|---|
********
-----
Turn 75:
-----
Miner tried to move North
Miner owns 3 diamond mines
Miner has 100 health
|---|---|---|---|---|---|---|---|---|---|---|---|
|   |   |   |   |   |D00|D01|   |   |   |   |   |
|---|---|---|---|---|---|---|---|---|---|---|---|
|   |III|III|III|III|III|III|III|III|III|III|   |
|---|---|---|---|---|---|---|---|---|---|---|---|
|   |   |   |   |   |   |H02|   |   |   |   |   |
|---|---|---|---|---|---|---|---|---|---|---|---|
|   |   |   |WWW|   |   |   |   |WWW|   |   |   |
|---|---|---|---|---|---|---|---|---|---|---|---|
|   |   |H00|   |III|   |   |III|   |   |   |   |
|---|---|---|---|---|---|---|---|---|---|---|---|
|D08|   |   |   |   |D02|D03|   |   |   |   |D10|
|---|---|---|---|---|---|---|---|---|---|---|---|
|D09|   |H01|   |III|   |   |III|   |H03|   |D11|
|---|---|---|---|---|---|---|---|---|---|---|---|
|   |   |   |WWW|   |   |   |   |WWW|   |   |   |
|---|---|---|---|---|---|---|---|---|---|---|---|
|   |   |   |   |   |   |   |   |   |   |   |   |
|---|---|---|---|---|---|---|---|---|---|---|---|
|   |   |   |   |   |D04|D05|   |   |   |   |   |
|---|---|---|---|---|---|---|---|---|---|---|---|
|   |   |III|III|III|III|III|III|III|III|III|   |
|---|---|---|---|---|---|---|---|---|---|---|---|
|   |   |   |   |   |D06|D07|   |   |   |   |   |
|---|---|---|---|---|---|---|---|---|---|---|---|
********
enemy path nodes: 3
enemy assumed path target: 4,3
enemy path nodes: 3
enemy path nodes: 10
-----
Turn 76:
-----
MyHero tried to move East
MyHero owns 0 diamond mines
MyHero has 100 health
|---|---|---|---|---|---|---|---|---|---|---|---|
|   |   |   |   |   |D00|D01|   |   |   |   |   |
|---|---|---|---|---|---|---|---|---|---|---|---|
|   |III|III|III|III|III|III|III|III|III|III|   |
|---|---|---|---|---|---|---|---|---|---|---|---|
|   |   |   |   |   |   |H02|   |   |   |   |   |
|---|---|---|---|---|---|---|---|---|---|---|---|
|   |   |   |WWW|   |   |   |   |WWW|   |   |   |
|---|---|---|---|---|---|---|---|---|---|---|---|
|   |   |   |H00|III|   |   |III|   |   |   |   |
|---|---|---|---|---|---|---|---|---|---|---|---|
|D08|   |   |   |   |D02|D03|   |   |   |   |D10|
|---|---|---|---|---|---|---|---|---|---|---|---|
|D09|   |H01|   |III|   |   |III|   |H03|   |D11|
|---|---|---|---|---|---|---|---|---|---|---|---|
|   |   |   |WWW|   |   |   |   |WWW|   |   |   |
|---|---|---|---|---|---|---|---|---|---|---|---|
|   |   |   |   |   |   |   |   |   |   |   |   |
|---|---|---|---|---|---|---|---|---|---|---|---|
|   |   |   |   |   |D04|D05|   |   |   |   |   |
|---|---|---|---|---|---|---|---|---|---|---|---|
|   |   |III|III|III|III|III|III|III|III|III|   |
|---|---|---|---|---|---|---|---|---|---|---|---|
|   |   |   |   |   |D06|D07|   |   |   |   |   |
|---|---|---|---|---|---|---|---|---|---|---|---|
********
-----
Turn 77:
-----
Enemy tried to move South
Enemy owns 1 diamond mines
Enemy has 60 health
|---|---|---|---|---|---|---|---|---|---|---|---|
|   |   |   |   |   |D00|D01|   |   |   |   |   |
|---|---|---|---|---|---|---|---|---|---|---|---|
|   |III|III|III|III|III|III|III|III|III|III|   |
|---|---|---|---|---|---|---|---|---|---|---|---|
|   |   |   |   |   |   |H02|   |   |   |   |   |
|---|---|---|---|---|---|---|---|---|---|---|---|
|   |   |   |WWW|   |   |   |   |WWW|   |   |   |
|---|---|---|---|---|---|---|---|---|---|---|---|
|   |   |   |H00|III|   |   |III|   |   |   |   |
|---|---|---|---|---|---|---|---|---|---|---|---|
|D08|   |   |   |   |D02|D03|   |   |   |   |D10|
|---|---|---|---|---|---|---|---|---|---|---|---|
|D09|   |   |   |III|   |   |III|   |H03|   |D11|
|---|---|---|---|---|---|---|---|---|---|---|---|
|   |   |H01|WWW|   |   |   |   |WWW|   |   |   |
|---|---|---|---|---|---|---|---|---|---|---|---|
|   |   |   |   |   |   |   |   |   |   |   |   |
|---|---|---|---|---|---|---|---|---|---|---|---|
|   |   |   |   |   |D04|D05|   |   |   |   |   |
|---|---|---|---|---|---|---|---|---|---|---|---|
|   |   |III|III|III|III|III|III|III|III|III|   |
|---|---|---|---|---|---|---|---|---|---|---|---|
|   |   |   |   |   |D06|D07|   |   |   |   |   |
|---|---|---|---|---|---|---|---|---|---|---|---|
********
-----
Turn 78:
-----
Assassin tried to move undefined
Assassin owns 0 diamond mines
Assassin has 100 health
|---|---|---|---|---|---|---|---|---|---|---|---|
|   |   |   |   |   |D00|D01|   |   |   |   |   |
|---|---|---|---|---|---|---|---|---|---|---|---|
|   |III|III|III|III|III|III|III|III|III|III|   |
|---|---|---|---|---|---|---|---|---|---|---|---|
|   |   |   |   |   |   |H02|   |   |   |   |   |
|---|---|---|---|---|---|---|---|---|---|---|---|
|   |   |   |WWW|   |   |   |   |WWW|   |   |   |
|---|---|---|---|---|---|---|---|---|---|---|---|
|   |   |   |H00|III|   |   |III|   |   |   |   |
|---|---|---|---|---|---|---|---|---|---|---|---|
|D08|   |   |   |   |D02|D03|   |   |   |   |D10|
|---|---|---|---|---|---|---|---|---|---|---|---|
|D09|   |   |   |III|   |   |III|   |H03|   |D11|
|---|---|---|---|---|---|---|---|---|---|---|---|
|   |   |H01|WWW|   |   |   |   |WWW|   |   |   |
|---|---|---|---|---|---|---|---|---|---|---|---|
|   |   |   |   |   |   |   |   |   |   |   |   |
|---|---|---|---|---|---|---|---|---|---|---|---|
|   |   |   |   |   |D04|D05|   |   |   |   |   |
|---|---|---|---|---|---|---|---|---|---|---|---|
|   |   |III|III|III|III|III|III|III|III|III|   |
|---|---|---|---|---|---|---|---|---|---|---|---|
|   |   |   |   |   |D06|D07|   |   |   |   |   |
|---|---|---|---|---|---|---|---|---|---|---|---|
********
-----
Turn 79:
-----
Miner tried to move East
Miner owns 3 diamond mines
Miner has 100 health
|---|---|---|---|---|---|---|---|---|---|---|---|
|   |   |   |   |   |D00|D01|   |   |   |   |   |
|---|---|---|---|---|---|---|---|---|---|---|---|
|   |III|III|III|III|III|III|III|III|III|III|   |
|---|---|---|---|---|---|---|---|---|---|---|---|
|   |   |   |   |   |   |H02|   |   |   |   |   |
|---|---|---|---|---|---|---|---|---|---|---|---|
|   |   |   |WWW|   |   |   |   |WWW|   |   |   |
|---|---|---|---|---|---|---|---|---|---|---|---|
|   |   |   |H00|III|   |   |III|   |   |   |   |
|---|---|---|---|---|---|---|---|---|---|---|---|
|D08|   |   |   |   |D02|D03|   |   |   |   |D10|
|---|---|---|---|---|---|---|---|---|---|---|---|
|D09|   |   |   |III|   |   |III|   |   |H03|D11|
|---|---|---|---|---|---|---|---|---|---|---|---|
|   |   |H01|WWW|   |   |   |   |WWW|   |   |   |
|---|---|---|---|---|---|---|---|---|---|---|---|
|   |   |   |   |   |   |   |   |   |   |   |   |
|---|---|---|---|---|---|---|---|---|---|---|---|
|   |   |   |   |   |D04|D05|   |   |   |   |   |
|---|---|---|---|---|---|---|---|---|---|---|---|
|   |   |III|III|III|III|III|III|III|III|III|   |
|---|---|---|---|---|---|---|---|---|---|---|---|
|   |   |   |   |   |D06|D07|   |   |   |   |   |
|---|---|---|---|---|---|---|---|---|---|---|---|
********
enemy path nodes: 4
enemy assumed path target: 3,2
enemy path nodes: 3
enemy assumed path target: 2,3
enemy path nodes: 11
-----
Turn 80:
-----
MyHero tried to move West
MyHero owns 0 diamond mines
MyHero has 100 health
|---|---|---|---|---|---|---|---|---|---|---|---|
|   |   |   |   |   |D00|D01|   |   |   |   |   |
|---|---|---|---|---|---|---|---|---|---|---|---|
|   |III|III|III|III|III|III|III|III|III|III|   |
|---|---|---|---|---|---|---|---|---|---|---|---|
|   |   |   |   |   |   |H02|   |   |   |   |   |
|---|---|---|---|---|---|---|---|---|---|---|---|
|   |   |   |WWW|   |   |   |   |WWW|   |   |   |
|---|---|---|---|---|---|---|---|---|---|---|---|
|   |   |H00|   |III|   |   |III|   |   |   |   |
|---|---|---|---|---|---|---|---|---|---|---|---|
|D08|   |   |   |   |D02|D03|   |   |   |   |D10|
|---|---|---|---|---|---|---|---|---|---|---|---|
|D09|   |   |   |III|   |   |III|   |   |H03|D11|
|---|---|---|---|---|---|---|---|---|---|---|---|
|   |   |H01|WWW|   |   |   |   |WWW|   |   |   |
|---|---|---|---|---|---|---|---|---|---|---|---|
|   |   |   |   |   |   |   |   |   |   |   |   |
|---|---|---|---|---|---|---|---|---|---|---|---|
|   |   |   |   |   |D04|D05|   |   |   |   |   |
|---|---|---|---|---|---|---|---|---|---|---|---|
|   |   |III|III|III|III|III|III|III|III|III|   |
|---|---|---|---|---|---|---|---|---|---|---|---|
|   |   |   |   |   |D06|D07|   |   |   |   |   |
|---|---|---|---|---|---|---|---|---|---|---|---|
********
-----
Turn 81:
-----
Enemy tried to move East
Enemy owns 1 diamond mines
Enemy has 60 health
|---|---|---|---|---|---|---|---|---|---|---|---|
|   |   |   |   |   |D00|D01|   |   |   |   |   |
|---|---|---|---|---|---|---|---|---|---|---|---|
|   |III|III|III|III|III|III|III|III|III|III|   |
|---|---|---|---|---|---|---|---|---|---|---|---|
|   |   |   |   |   |   |H02|   |   |   |   |   |
|---|---|---|---|---|---|---|---|---|---|---|---|
|   |   |   |WWW|   |   |   |   |WWW|   |   |   |
|---|---|---|---|---|---|---|---|---|---|---|---|
|   |   |H00|   |III|   |   |III|   |   |   |   |
|---|---|---|---|---|---|---|---|---|---|---|---|
|D08|   |   |   |   |D02|D03|   |   |   |   |D10|
|---|---|---|---|---|---|---|---|---|---|---|---|
|D09|   |   |   |III|   |   |III|   |   |H03|D11|
|---|---|---|---|---|---|---|---|---|---|---|---|
|   |   |H01|WWW|   |   |   |   |WWW|   |   |   |
|---|---|---|---|---|---|---|---|---|---|---|---|
|   |   |   |   |   |   |   |   |   |   |   |   |
|---|---|---|---|---|---|---|---|---|---|---|---|
|   |   |   |   |   |D04|D05|   |   |   |   |   |
|---|---|---|---|---|---|---|---|---|---|---|---|
|   |   |III|III|III|III|III|III|III|III|III|   |
|---|---|---|---|---|---|---|---|---|---|---|---|
|   |   |   |   |   |D06|D07|   |   |   |   |   |
|---|---|---|---|---|---|---|---|---|---|---|---|
********
-----
Turn 82:
-----
Assassin tried to move undefined
Assassin owns 0 diamond mines
Assassin has 100 health
|---|---|---|---|---|---|---|---|---|---|---|---|
|   |   |   |   |   |D00|D01|   |   |   |   |   |
|---|---|---|---|---|---|---|---|---|---|---|---|
|   |III|III|III|III|III|III|III|III|III|III|   |
|---|---|---|---|---|---|---|---|---|---|---|---|
|   |   |   |   |   |   |H02|   |   |   |   |   |
|---|---|---|---|---|---|---|---|---|---|---|---|
|   |   |   |WWW|   |   |   |   |WWW|   |   |   |
|---|---|---|---|---|---|---|---|---|---|---|---|
|   |   |H00|   |III|   |   |III|   |   |   |   |
|---|---|---|---|---|---|---|---|---|---|---|---|
|D08|   |   |   |   |D02|D03|   |   |   |   |D10|
|---|---|---|---|---|---|---|---|---|---|---|---|
|D09|   |   |   |III|   |   |III|   |   |H03|D11|
|---|---|---|---|---|---|---|---|---|---|---|---|
|   |   |H01|WWW|   |   |   |   |WWW|   |   |   |
|---|---|---|---|---|---|---|---|---|---|---|---|
|   |   |   |   |   |   |   |   |   |   |   |   |
|---|---|---|---|---|---|---|---|---|---|---|---|
|   |   |   |   |   |D04|D05|   |   |   |   |   |
|---|---|---|---|---|---|---|---|---|---|---|---|
|   |   |III|III|III|III|III|III|III|III|III|   |
|---|---|---|---|---|---|---|---|---|---|---|---|
|   |   |   |   |   |D06|D07|   |   |   |   |   |
|---|---|---|---|---|---|---|---|---|---|---|---|
********
-----
Turn 83:
-----
Miner tried to move East
Miner owns 3 diamond mines
Miner has 100 health
|---|---|---|---|---|---|---|---|---|---|---|---|
|   |   |   |   |   |D00|D01|   |   |   |   |   |
|---|---|---|---|---|---|---|---|---|---|---|---|
|   |III|III|III|III|III|III|III|III|III|III|   |
|---|---|---|---|---|---|---|---|---|---|---|---|
|   |   |   |   |   |   |H02|   |   |   |   |   |
|---|---|---|---|---|---|---|---|---|---|---|---|
|   |   |   |WWW|   |   |   |   |WWW|   |   |   |
|---|---|---|---|---|---|---|---|---|---|---|---|
|   |   |H00|   |III|   |   |III|   |   |   |   |
|---|---|---|---|---|---|---|---|---|---|---|---|
|D08|   |   |   |   |D02|D03|   |   |   |   |D10|
|---|---|---|---|---|---|---|---|---|---|---|---|
|D09|   |   |   |III|   |   |III|   |   |H03|D11|
|---|---|---|---|---|---|---|---|---|---|---|---|
|   |   |H01|WWW|   |   |   |   |WWW|   |   |   |
|---|---|---|---|---|---|---|---|---|---|---|---|
|   |   |   |   |   |   |   |   |   |   |   |   |
|---|---|---|---|---|---|---|---|---|---|---|---|
|   |   |   |   |   |D04|D05|   |   |   |   |   |
|---|---|---|---|---|---|---|---|---|---|---|---|
|   |   |III|III|III|III|III|III|III|III|III|   |
|---|---|---|---|---|---|---|---|---|---|---|---|
|   |   |   |   |   |D06|D07|   |   |   |   |   |
|---|---|---|---|---|---|---|---|---|---|---|---|
********
enemy path nodes: 4
enemy assumed path target: 4,3
enemy path nodes: 3
enemy assumed path target: 2,3
enemy path nodes: 11
-----
Turn 84:
-----
MyHero tried to move North
MyHero owns 0 diamond mines
MyHero has 100 health
|---|---|---|---|---|---|---|---|---|---|---|---|
|   |   |   |   |   |D00|D01|   |   |   |   |   |
|---|---|---|---|---|---|---|---|---|---|---|---|
|   |III|III|III|III|III|III|III|III|III|III|   |
|---|---|---|---|---|---|---|---|---|---|---|---|
|   |   |   |   |   |   |H02|   |   |   |   |   |
|---|---|---|---|---|---|---|---|---|---|---|---|
|   |   |H00|WWW|   |   |   |   |WWW|   |   |   |
|---|---|---|---|---|---|---|---|---|---|---|---|
|   |   |   |   |III|   |   |III|   |   |   |   |
|---|---|---|---|---|---|---|---|---|---|---|---|
|D08|   |   |   |   |D02|D03|   |   |   |   |D10|
|---|---|---|---|---|---|---|---|---|---|---|---|
|D09|   |   |   |III|   |   |III|   |   |H03|D11|
|---|---|---|---|---|---|---|---|---|---|---|---|
|   |   |H01|WWW|   |   |   |   |WWW|   |   |   |
|---|---|---|---|---|---|---|---|---|---|---|---|
|   |   |   |   |   |   |   |   |   |   |   |   |
|---|---|---|---|---|---|---|---|---|---|---|---|
|   |   |   |   |   |D04|D05|   |   |   |   |   |
|---|---|---|---|---|---|---|---|---|---|---|---|
|   |   |III|III|III|III|III|III|III|III|III|   |
|---|---|---|---|---|---|---|---|---|---|---|---|
|   |   |   |   |   |D06|D07|   |   |   |   |   |
|---|---|---|---|---|---|---|---|---|---|---|---|
********
-----
Turn 85:
-----
Enemy tried to move East
Enemy owns 1 diamond mines
Enemy has 90 health
|---|---|---|---|---|---|---|---|---|---|---|---|
|   |   |   |   |   |D00|D01|   |   |   |   |   |
|---|---|---|---|---|---|---|---|---|---|---|---|
|   |III|III|III|III|III|III|III|III|III|III|   |
|---|---|---|---|---|---|---|---|---|---|---|---|
|   |   |   |   |   |   |H02|   |   |   |   |   |
|---|---|---|---|---|---|---|---|---|---|---|---|
|   |   |H00|WWW|   |   |   |   |WWW|   |   |   |
|---|---|---|---|---|---|---|---|---|---|---|---|
|   |   |   |   |III|   |   |III|   |   |   |   |
|---|---|---|---|---|---|---|---|---|---|---|---|
|D08|   |   |   |   |D02|D03|   |   |   |   |D10|
|---|---|---|---|---|---|---|---|---|---|---|---|
|D09|   |   |   |III|   |   |III|   |   |H03|D11|
|---|---|---|---|---|---|---|---|---|---|---|---|
|   |   |H01|WWW|   |   |   |   |WWW|   |   |   |
|---|---|---|---|---|---|---|---|---|---|---|---|
|   |   |   |   |   |   |   |   |   |   |   |   |
|---|---|---|---|---|---|---|---|---|---|---|---|
|   |   |   |   |   |D04|D05|   |   |   |   |   |
|---|---|---|---|---|---|---|---|---|---|---|---|
|   |   |III|III|III|III|III|III|III|III|III|   |
|---|---|---|---|---|---|---|---|---|---|---|---|
|   |   |   |   |   |D06|D07|   |   |   |   |   |
|---|---|---|---|---|---|---|---|---|---|---|---|
********
-----
Turn 86:
-----
Assassin tried to move undefined
Assassin owns 0 diamond mines
Assassin has 100 health
|---|---|---|---|---|---|---|---|---|---|---|---|
|   |   |   |   |   |D00|D01|   |   |   |   |   |
|---|---|---|---|---|---|---|---|---|---|---|---|
|   |III|III|III|III|III|III|III|III|III|III|   |
|---|---|---|---|---|---|---|---|---|---|---|---|
|   |   |   |   |   |   |H02|   |   |   |   |   |
|---|---|---|---|---|---|---|---|---|---|---|---|
|   |   |H00|WWW|   |   |   |   |WWW|   |   |   |
|---|---|---|---|---|---|---|---|---|---|---|---|
|   |   |   |   |III|   |   |III|   |   |   |   |
|---|---|---|---|---|---|---|---|---|---|---|---|
|D08|   |   |   |   |D02|D03|   |   |   |   |D10|
|---|---|---|---|---|---|---|---|---|---|---|---|
|D09|   |   |   |III|   |   |III|   |   |H03|D11|
|---|---|---|---|---|---|---|---|---|---|---|---|
|   |   |H01|WWW|   |   |   |   |WWW|   |   |   |
|---|---|---|---|---|---|---|---|---|---|---|---|
|   |   |   |   |   |   |   |   |   |   |   |   |
|---|---|---|---|---|---|---|---|---|---|---|---|
|   |   |   |   |   |D04|D05|   |   |   |   |   |
|---|---|---|---|---|---|---|---|---|---|---|---|
|   |   |III|III|III|III|III|III|III|III|III|   |
|---|---|---|---|---|---|---|---|---|---|---|---|
|   |   |   |   |   |D06|D07|   |   |   |   |   |
|---|---|---|---|---|---|---|---|---|---|---|---|
********
-----
Turn 87:
-----
Miner tried to move North
Miner owns 4 diamond mines
Miner has 80 health
|---|---|---|---|---|---|---|---|---|---|---|---|
|   |   |   |   |   |D00|D01|   |   |   |   |   |
|---|---|---|---|---|---|---|---|---|---|---|---|
|   |III|III|III|III|III|III|III|III|III|III|   |
|---|---|---|---|---|---|---|---|---|---|---|---|
|   |   |   |   |   |   |H02|   |   |   |   |   |
|---|---|---|---|---|---|---|---|---|---|---|---|
|   |   |H00|WWW|   |   |   |   |WWW|   |   |   |
|---|---|---|---|---|---|---|---|---|---|---|---|
|   |   |   |   |III|   |   |III|   |   |   |   |
|---|---|---|---|---|---|---|---|---|---|---|---|
|D08|   |   |   |   |D02|D03|   |   |   |H03|D10|
|---|---|---|---|---|---|---|---|---|---|---|---|
|D09|   |   |   |III|   |   |III|   |   |   |D11|
|---|---|---|---|---|---|---|---|---|---|---|---|
|   |   |H01|WWW|   |   |   |   |WWW|   |   |   |
|---|---|---|---|---|---|---|---|---|---|---|---|
|   |   |   |   |   |   |   |   |   |   |   |   |
|---|---|---|---|---|---|---|---|---|---|---|---|
|   |   |   |   |   |D04|D05|   |   |   |   |   |
|---|---|---|---|---|---|---|---|---|---|---|---|
|   |   |III|III|III|III|III|III|III|III|III|   |
|---|---|---|---|---|---|---|---|---|---|---|---|
|   |   |   |   |   |D06|D07|   |   |   |   |   |
|---|---|---|---|---|---|---|---|---|---|---|---|
********
enemy path nodes: 4
enemy assumed path target: 4,3
enemy path nodes: 3
enemy assumed path target: 2,3
enemy path nodes: 10
-----
Turn 88:
-----
MyHero tried to move North
MyHero owns 0 diamond mines
MyHero has 100 health
|---|---|---|---|---|---|---|---|---|---|---|---|
|   |   |   |   |   |D00|D01|   |   |   |   |   |
|---|---|---|---|---|---|---|---|---|---|---|---|
|   |III|III|III|III|III|III|III|III|III|III|   |
|---|---|---|---|---|---|---|---|---|---|---|---|
|   |   |H00|   |   |   |H02|   |   |   |   |   |
|---|---|---|---|---|---|---|---|---|---|---|---|
|   |   |   |WWW|   |   |   |   |WWW|   |   |   |
|---|---|---|---|---|---|---|---|---|---|---|---|
|   |   |   |   |III|   |   |III|   |   |   |   |
|---|---|---|---|---|---|---|---|---|---|---|---|
|D08|   |   |   |   |D02|D03|   |   |   |H03|D10|
|---|---|---|---|---|---|---|---|---|---|---|---|
|D09|   |   |   |III|   |   |III|   |   |   |D11|
|---|---|---|---|---|---|---|---|---|---|---|---|
|   |   |H01|WWW|   |   |   |   |WWW|   |   |   |
|---|---|---|---|---|---|---|---|---|---|---|---|
|   |   |   |   |   |   |   |   |   |   |   |   |
|---|---|---|---|---|---|---|---|---|---|---|---|
|   |   |   |   |   |D04|D05|   |   |   |   |   |
|---|---|---|---|---|---|---|---|---|---|---|---|
|   |   |III|III|III|III|III|III|III|III|III|   |
|---|---|---|---|---|---|---|---|---|---|---|---|
|   |   |   |   |   |D06|D07|   |   |   |   |   |
|---|---|---|---|---|---|---|---|---|---|---|---|
********
-----
Turn 89:
-----
Enemy tried to move South
Enemy owns 1 diamond mines
Enemy has 100 health
|---|---|---|---|---|---|---|---|---|---|---|---|
|   |   |   |   |   |D00|D01|   |   |   |   |   |
|---|---|---|---|---|---|---|---|---|---|---|---|
|   |III|III|III|III|III|III|III|III|III|III|   |
|---|---|---|---|---|---|---|---|---|---|---|---|
|   |   |H00|   |   |   |H02|   |   |   |   |   |
|---|---|---|---|---|---|---|---|---|---|---|---|
|   |   |   |WWW|   |   |   |   |WWW|   |   |   |
|---|---|---|---|---|---|---|---|---|---|---|---|
|   |   |   |   |III|   |   |III|   |   |   |   |
|---|---|---|---|---|---|---|---|---|---|---|---|
|D08|   |   |   |   |D02|D03|   |   |   |H03|D10|
|---|---|---|---|---|---|---|---|---|---|---|---|
|D09|   |   |   |III|   |   |III|   |   |   |D11|
|---|---|---|---|---|---|---|---|---|---|---|---|
|   |   |   |WWW|   |   |   |   |WWW|   |   |   |
|---|---|---|---|---|---|---|---|---|---|---|---|
|   |   |H01|   |   |   |   |   |   |   |   |   |
|---|---|---|---|---|---|---|---|---|---|---|---|
|   |   |   |   |   |D04|D05|   |   |   |   |   |
|---|---|---|---|---|---|---|---|---|---|---|---|
|   |   |III|III|III|III|III|III|III|III|III|   |
|---|---|---|---|---|---|---|---|---|---|---|---|
|   |   |   |   |   |D06|D07|   |   |   |   |   |
|---|---|---|---|---|---|---|---|---|---|---|---|
********
-----
Turn 90:
-----
Assassin tried to move undefined
Assassin owns 0 diamond mines
Assassin has 100 health
|---|---|---|---|---|---|---|---|---|---|---|---|
|   |   |   |   |   |D00|D01|   |   |   |   |   |
|---|---|---|---|---|---|---|---|---|---|---|---|
|   |III|III|III|III|III|III|III|III|III|III|   |
|---|---|---|---|---|---|---|---|---|---|---|---|
|   |   |H00|   |   |   |H02|   |   |   |   |   |
|---|---|---|---|---|---|---|---|---|---|---|---|
|   |   |   |WWW|   |   |   |   |WWW|   |   |   |
|---|---|---|---|---|---|---|---|---|---|---|---|
|   |   |   |   |III|   |   |III|   |   |   |   |
|---|---|---|---|---|---|---|---|---|---|---|---|
|D08|   |   |   |   |D02|D03|   |   |   |H03|D10|
|---|---|---|---|---|---|---|---|---|---|---|---|
|D09|   |   |   |III|   |   |III|   |   |   |D11|
|---|---|---|---|---|---|---|---|---|---|---|---|
|   |   |   |WWW|   |   |   |   |WWW|   |   |   |
|---|---|---|---|---|---|---|---|---|---|---|---|
|   |   |H01|   |   |   |   |   |   |   |   |   |
|---|---|---|---|---|---|---|---|---|---|---|---|
|   |   |   |   |   |D04|D05|   |   |   |   |   |
|---|---|---|---|---|---|---|---|---|---|---|---|
|   |   |III|III|III|III|III|III|III|III|III|   |
|---|---|---|---|---|---|---|---|---|---|---|---|
|   |   |   |   |   |D06|D07|   |   |   |   |   |
|---|---|---|---|---|---|---|---|---|---|---|---|
********
-----
Turn 91:
-----
Miner tried to move East
Miner owns 4 diamond mines
Miner has 80 health
|---|---|---|---|---|---|---|---|---|---|---|---|
|   |   |   |   |   |D00|D01|   |   |   |   |   |
|---|---|---|---|---|---|---|---|---|---|---|---|
|   |III|III|III|III|III|III|III|III|III|III|   |
|---|---|---|---|---|---|---|---|---|---|---|---|
|   |   |H00|   |   |   |H02|   |   |   |   |   |
|---|---|---|---|---|---|---|---|---|---|---|---|
|   |   |   |WWW|   |   |   |   |WWW|   |   |   |
|---|---|---|---|---|---|---|---|---|---|---|---|
|   |   |   |   |III|   |   |III|   |   |   |   |
|---|---|---|---|---|---|---|---|---|---|---|---|
|D08|   |   |   |   |D02|D03|   |   |   |H03|D10|
|---|---|---|---|---|---|---|---|---|---|---|---|
|D09|   |   |   |III|   |   |III|   |   |   |D11|
|---|---|---|---|---|---|---|---|---|---|---|---|
|   |   |   |WWW|   |   |   |   |WWW|   |   |   |
|---|---|---|---|---|---|---|---|---|---|---|---|
|   |   |H01|   |   |   |   |   |   |   |   |   |
|---|---|---|---|---|---|---|---|---|---|---|---|
|   |   |   |   |   |D04|D05|   |   |   |   |   |
|---|---|---|---|---|---|---|---|---|---|---|---|
|   |   |III|III|III|III|III|III|III|III|III|   |
|---|---|---|---|---|---|---|---|---|---|---|---|
|   |   |   |   |   |D06|D07|   |   |   |   |   |
|---|---|---|---|---|---|---|---|---|---|---|---|
********
enemy path nodes: 5
enemy path nodes: 3
enemy assumed path target: 2,3
enemy path nodes: 10
-----
Turn 92:
-----
MyHero tried to move East
MyHero owns 0 diamond mines
MyHero has 100 health
|---|---|---|---|---|---|---|---|---|---|---|---|
|   |   |   |   |   |D00|D01|   |   |   |   |   |
|---|---|---|---|---|---|---|---|---|---|---|---|
|   |III|III|III|III|III|III|III|III|III|III|   |
|---|---|---|---|---|---|---|---|---|---|---|---|
|   |   |   |H00|   |   |H02|   |   |   |   |   |
|---|---|---|---|---|---|---|---|---|---|---|---|
|   |   |   |WWW|   |   |   |   |WWW|   |   |   |
|---|---|---|---|---|---|---|---|---|---|---|---|
|   |   |   |   |III|   |   |III|   |   |   |   |
|---|---|---|---|---|---|---|---|---|---|---|---|
|D08|   |   |   |   |D02|D03|   |   |   |H03|D10|
|---|---|---|---|---|---|---|---|---|---|---|---|
|D09|   |   |   |III|   |   |III|   |   |   |D11|
|---|---|---|---|---|---|---|---|---|---|---|---|
|   |   |   |WWW|   |   |   |   |WWW|   |   |   |
|---|---|---|---|---|---|---|---|---|---|---|---|
|   |   |H01|   |   |   |   |   |   |   |   |   |
|---|---|---|---|---|---|---|---|---|---|---|---|
|   |   |   |   |   |D04|D05|   |   |   |   |   |
|---|---|---|---|---|---|---|---|---|---|---|---|
|   |   |III|III|III|III|III|III|III|III|III|   |
|---|---|---|---|---|---|---|---|---|---|---|---|
|   |   |   |   |   |D06|D07|   |   |   |   |   |
|---|---|---|---|---|---|---|---|---|---|---|---|
********
-----
Turn 93:
-----
Enemy tried to move South
Enemy owns 1 diamond mines
Enemy has 100 health
|---|---|---|---|---|---|---|---|---|---|---|---|
|   |   |   |   |   |D00|D01|   |   |   |   |   |
|---|---|---|---|---|---|---|---|---|---|---|---|
|   |III|III|III|III|III|III|III|III|III|III|   |
|---|---|---|---|---|---|---|---|---|---|---|---|
|   |   |   |H00|   |   |H02|   |   |   |   |   |
|---|---|---|---|---|---|---|---|---|---|---|---|
|   |   |   |WWW|   |   |   |   |WWW|   |   |   |
|---|---|---|---|---|---|---|---|---|---|---|---|
|   |   |   |   |III|   |   |III|   |   |   |   |
|---|---|---|---|---|---|---|---|---|---|---|---|
|D08|   |   |   |   |D02|D03|   |   |   |H03|D10|
|---|---|---|---|---|---|---|---|---|---|---|---|
|D09|   |   |   |III|   |   |III|   |   |   |D11|
|---|---|---|---|---|---|---|---|---|---|---|---|
|   |   |   |WWW|   |   |   |   |WWW|   |   |   |
|---|---|---|---|---|---|---|---|---|---|---|---|
|   |   |   |   |   |   |   |   |   |   |   |   |
|---|---|---|---|---|---|---|---|---|---|---|---|
|   |   |H01|   |   |D04|D05|   |   |   |   |   |
|---|---|---|---|---|---|---|---|---|---|---|---|
|   |   |III|III|III|III|III|III|III|III|III|   |
|---|---|---|---|---|---|---|---|---|---|---|---|
|   |   |   |   |   |D06|D07|   |   |   |   |   |
|---|---|---|---|---|---|---|---|---|---|---|---|
********
-----
Turn 94:
-----
Assassin tried to move undefined
Assassin owns 0 diamond mines
Assassin has 100 health
|---|---|---|---|---|---|---|---|---|---|---|---|
|   |   |   |   |   |D00|D01|   |   |   |   |   |
|---|---|---|---|---|---|---|---|---|---|---|---|
|   |III|III|III|III|III|III|III|III|III|III|   |
|---|---|---|---|---|---|---|---|---|---|---|---|
|   |   |   |H00|   |   |H02|   |   |   |   |   |
|---|---|---|---|---|---|---|---|---|---|---|---|
|   |   |   |WWW|   |   |   |   |WWW|   |   |   |
|---|---|---|---|---|---|---|---|---|---|---|---|
|   |   |   |   |III|   |   |III|   |   |   |   |
|---|---|---|---|---|---|---|---|---|---|---|---|
|D08|   |   |   |   |D02|D03|   |   |   |H03|D10|
|---|---|---|---|---|---|---|---|---|---|---|---|
|D09|   |   |   |III|   |   |III|   |   |   |D11|
|---|---|---|---|---|---|---|---|---|---|---|---|
|   |   |   |WWW|   |   |   |   |WWW|   |   |   |
|---|---|---|---|---|---|---|---|---|---|---|---|
|   |   |   |   |   |   |   |   |   |   |   |   |
|---|---|---|---|---|---|---|---|---|---|---|---|
|   |   |H01|   |   |D04|D05|   |   |   |   |   |
|---|---|---|---|---|---|---|---|---|---|---|---|
|   |   |III|III|III|III|III|III|III|III|III|   |
|---|---|---|---|---|---|---|---|---|---|---|---|
|   |   |   |   |   |D06|D07|   |   |   |   |   |
|---|---|---|---|---|---|---|---|---|---|---|---|
********
-----
Turn 95:
-----
Miner tried to move North
Miner owns 5 diamond mines
Miner has 60 health
|---|---|---|---|---|---|---|---|---|---|---|---|
|   |   |   |   |   |D00|D01|   |   |   |   |   |
|---|---|---|---|---|---|---|---|---|---|---|---|
|   |III|III|III|III|III|III|III|III|III|III|   |
|---|---|---|---|---|---|---|---|---|---|---|---|
|   |   |   |H00|   |   |H02|   |   |   |   |   |
|---|---|---|---|---|---|---|---|---|---|---|---|
|   |   |   |WWW|   |   |   |   |WWW|   |   |   |
|---|---|---|---|---|---|---|---|---|---|---|---|
|   |   |   |   |III|   |   |III|   |   |H03|   |
|---|---|---|---|---|---|---|---|---|---|---|---|
|D08|   |   |   |   |D02|D03|   |   |   |   |D10|
|---|---|---|---|---|---|---|---|---|---|---|---|
|D09|   |   |   |III|   |   |III|   |   |   |D11|
|---|---|---|---|---|---|---|---|---|---|---|---|
|   |   |   |WWW|   |   |   |   |WWW|   |   |   |
|---|---|---|---|---|---|---|---|---|---|---|---|
|   |   |   |   |   |   |   |   |   |   |   |   |
|---|---|---|---|---|---|---|---|---|---|---|---|
|   |   |H01|   |   |D04|D05|   |   |   |   |   |
|---|---|---|---|---|---|---|---|---|---|---|---|
|   |   |III|III|III|III|III|III|III|III|III|   |
|---|---|---|---|---|---|---|---|---|---|---|---|
|   |   |   |   |   |D06|D07|   |   |   |   |   |
|---|---|---|---|---|---|---|---|---|---|---|---|
********
enemy path nodes: 6
enemy path nodes: 3
enemy assumed path target: 3,4
enemy path nodes: 9
-----
Turn 96:
-----
MyHero tried to move East
MyHero owns 0 diamond mines
MyHero has 100 health
|---|---|---|---|---|---|---|---|---|---|---|---|
|   |   |   |   |   |D00|D01|   |   |   |   |   |
|---|---|---|---|---|---|---|---|---|---|---|---|
|   |III|III|III|III|III|III|III|III|III|III|   |
|---|---|---|---|---|---|---|---|---|---|---|---|
|   |   |   |   |H00|   |H02|   |   |   |   |   |
|---|---|---|---|---|---|---|---|---|---|---|---|
|   |   |   |WWW|   |   |   |   |WWW|   |   |   |
|---|---|---|---|---|---|---|---|---|---|---|---|
|   |   |   |   |III|   |   |III|   |   |H03|   |
|---|---|---|---|---|---|---|---|---|---|---|---|
|D08|   |   |   |   |D02|D03|   |   |   |   |D10|
|---|---|---|---|---|---|---|---|---|---|---|---|
|D09|   |   |   |III|   |   |III|   |   |   |D11|
|---|---|---|---|---|---|---|---|---|---|---|---|
|   |   |   |WWW|   |   |   |   |WWW|   |   |   |
|---|---|---|---|---|---|---|---|---|---|---|---|
|   |   |   |   |   |   |   |   |   |   |   |   |
|---|---|---|---|---|---|---|---|---|---|---|---|
|   |   |H01|   |   |D04|D05|   |   |   |   |   |
|---|---|---|---|---|---|---|---|---|---|---|---|
|   |   |III|III|III|III|III|III|III|III|III|   |
|---|---|---|---|---|---|---|---|---|---|---|---|
|   |   |   |   |   |D06|D07|   |   |   |   |   |
|---|---|---|---|---|---|---|---|---|---|---|---|
********
-----
Turn 97:
-----
Enemy tried to move West
Enemy owns 1 diamond mines
Enemy has 100 health
|---|---|---|---|---|---|---|---|---|---|---|---|
|   |   |   |   |   |D00|D01|   |   |   |   |   |
|---|---|---|---|---|---|---|---|---|---|---|---|
|   |III|III|III|III|III|III|III|III|III|III|   |
|---|---|---|---|---|---|---|---|---|---|---|---|
|   |   |   |   |H00|   |H02|   |   |   |   |   |
|---|---|---|---|---|---|---|---|---|---|---|---|
|   |   |   |WWW|   |   |   |   |WWW|   |   |   |
|---|---|---|---|---|---|---|---|---|---|---|---|
|   |   |   |   |III|   |   |III|   |   |H03|   |
|---|---|---|---|---|---|---|---|---|---|---|---|
|D08|   |   |   |   |D02|D03|   |   |   |   |D10|
|---|---|---|---|---|---|---|---|---|---|---|---|
|D09|   |   |   |III|   |   |III|   |   |   |D11|
|---|---|---|---|---|---|---|---|---|---|---|---|
|   |   |   |WWW|   |   |   |   |WWW|   |   |   |
|---|---|---|---|---|---|---|---|---|---|---|---|
|   |   |   |   |   |   |   |   |   |   |   |   |
|---|---|---|---|---|---|---|---|---|---|---|---|
|   |H01|   |   |   |D04|D05|   |   |   |   |   |
|---|---|---|---|---|---|---|---|---|---|---|---|
|   |   |III|III|III|III|III|III|III|III|III|   |
|---|---|---|---|---|---|---|---|---|---|---|---|
|   |   |   |   |   |D06|D07|   |   |   |   |   |
|---|---|---|---|---|---|---|---|---|---|---|---|
********
-----
Turn 98:
-----
Assassin tried to move undefined
Assassin owns 0 diamond mines
Assassin has 100 health
|---|---|---|---|---|---|---|---|---|---|---|---|
|   |   |   |   |   |D00|D01|   |   |   |   |   |
|---|---|---|---|---|---|---|---|---|---|---|---|
|   |III|III|III|III|III|III|III|III|III|III|   |
|---|---|---|---|---|---|---|---|---|---|---|---|
|   |   |   |   |H00|   |H02|   |   |   |   |   |
|---|---|---|---|---|---|---|---|---|---|---|---|
|   |   |   |WWW|   |   |   |   |WWW|   |   |   |
|---|---|---|---|---|---|---|---|---|---|---|---|
|   |   |   |   |III|   |   |III|   |   |H03|   |
|---|---|---|---|---|---|---|---|---|---|---|---|
|D08|   |   |   |   |D02|D03|   |   |   |   |D10|
|---|---|---|---|---|---|---|---|---|---|---|---|
|D09|   |   |   |III|   |   |III|   |   |   |D11|
|---|---|---|---|---|---|---|---|---|---|---|---|
|   |   |   |WWW|   |   |   |   |WWW|   |   |   |
|---|---|---|---|---|---|---|---|---|---|---|---|
|   |   |   |   |   |   |   |   |   |   |   |   |
|---|---|---|---|---|---|---|---|---|---|---|---|
|   |H01|   |   |   |D04|D05|   |   |   |   |   |
|---|---|---|---|---|---|---|---|---|---|---|---|
|   |   |III|III|III|III|III|III|III|III|III|   |
|---|---|---|---|---|---|---|---|---|---|---|---|
|   |   |   |   |   |D06|D07|   |   |   |   |   |
|---|---|---|---|---|---|---|---|---|---|---|---|
********
-----
Turn 99:
-----
Miner tried to move North
Miner owns 5 diamond mines
Miner has 60 health
|---|---|---|---|---|---|---|---|---|---|---|---|
|   |   |   |   |   |D00|D01|   |   |   |   |   |
|---|---|---|---|---|---|---|---|---|---|---|---|
|   |III|III|III|III|III|III|III|III|III|III|   |
|---|---|---|---|---|---|---|---|---|---|---|---|
|   |   |   |   |H00|   |H02|   |   |   |   |   |
|---|---|---|---|---|---|---|---|---|---|---|---|
|   |   |   |WWW|   |   |   |   |WWW|   |H03|   |
|---|---|---|---|---|---|---|---|---|---|---|---|
|   |   |   |   |III|   |   |III|   |   |   |   |
|---|---|---|---|---|---|---|---|---|---|---|---|
|D08|   |   |   |   |D02|D03|   |   |   |   |D10|
|---|---|---|---|---|---|---|---|---|---|---|---|
|D09|   |   |   |III|   |   |III|   |   |   |D11|
|---|---|---|---|---|---|---|---|---|---|---|---|
|   |   |   |WWW|   |   |   |   |WWW|   |   |   |
|---|---|---|---|---|---|---|---|---|---|---|---|
|   |   |   |   |   |   |   |   |   |   |   |   |
|---|---|---|---|---|---|---|---|---|---|---|---|
|   |H01|   |   |   |D04|D05|   |   |   |   |   |
|---|---|---|---|---|---|---|---|---|---|---|---|
|   |   |III|III|III|III|III|III|III|III|III|   |
|---|---|---|---|---|---|---|---|---|---|---|---|
|   |   |   |   |   |D06|D07|   |   |   |   |   |
|---|---|---|---|---|---|---|---|---|---|---|---|
********
enemy path nodes: 7
enemy path nodes: 23
enemy path nodes: 8
-----
Turn 100:
-----
MyHero tried to move East
MyHero owns 0 diamond mines
MyHero has 100 health
|---|---|---|---|---|---|---|---|---|---|---|---|
|   |   |   |   |   |D00|D01|   |   |   |   |   |
|---|---|---|---|---|---|---|---|---|---|---|---|
|   |III|III|III|III|III|III|III|III|III|III|   |
|---|---|---|---|---|---|---|---|---|---|---|---|
|   |   |   |   |   |H00|H02|   |   |   |   |   |
|---|---|---|---|---|---|---|---|---|---|---|---|
|   |   |   |WWW|   |   |   |   |WWW|   |H03|   |
|---|---|---|---|---|---|---|---|---|---|---|---|
|   |   |   |   |III|   |   |III|   |   |   |   |
|---|---|---|---|---|---|---|---|---|---|---|---|
|D08|   |   |   |   |D02|D03|   |   |   |   |D10|
|---|---|---|---|---|---|---|---|---|---|---|---|
|D09|   |   |   |III|   |   |III|   |   |   |D11|
|---|---|---|---|---|---|---|---|---|---|---|---|
|   |   |   |WWW|   |   |   |   |WWW|   |   |   |
|---|---|---|---|---|---|---|---|---|---|---|---|
|   |   |   |   |   |   |   |   |   |   |   |   |
|---|---|---|---|---|---|---|---|---|---|---|---|
|   |H01|   |   |   |D04|D05|   |   |   |   |   |
|---|---|---|---|---|---|---|---|---|---|---|---|
|   |   |III|III|III|III|III|III|III|III|III|   |
|---|---|---|---|---|---|---|---|---|---|---|---|
|   |   |   |   |   |D06|D07|   |   |   |   |   |
|---|---|---|---|---|---|---|---|---|---|---|---|
********
-----
Turn 101:
-----
Enemy tried to move South
Enemy owns 1 diamond mines
Enemy has 100 health
|---|---|---|---|---|---|---|---|---|---|---|---|
|   |   |   |   |   |D00|D01|   |   |   |   |   |
|---|---|---|---|---|---|---|---|---|---|---|---|
|   |III|III|III|III|III|III|III|III|III|III|   |
|---|---|---|---|---|---|---|---|---|---|---|---|
|   |   |   |   |   |H00|H02|   |   |   |   |   |
|---|---|---|---|---|---|---|---|---|---|---|---|
|   |   |   |WWW|   |   |   |   |WWW|   |H03|   |
|---|---|---|---|---|---|---|---|---|---|---|---|
|   |   |   |   |III|   |   |III|   |   |   |   |
|---|---|---|---|---|---|---|---|---|---|---|---|
|D08|   |   |   |   |D02|D03|   |   |   |   |D10|
|---|---|---|---|---|---|---|---|---|---|---|---|
|D09|   |   |   |III|   |   |III|   |   |   |D11|
|---|---|---|---|---|---|---|---|---|---|---|---|
|   |   |   |WWW|   |   |   |   |WWW|   |   |   |
|---|---|---|---|---|---|---|---|---|---|---|---|
|   |   |   |   |   |   |   |   |   |   |   |   |
|---|---|---|---|---|---|---|---|---|---|---|---|
|   |   |   |   |   |D04|D05|   |   |   |   |   |
|---|---|---|---|---|---|---|---|---|---|---|---|
|   |H01|III|III|III|III|III|III|III|III|III|   |
|---|---|---|---|---|---|---|---|---|---|---|---|
|   |   |   |   |   |D06|D07|   |   |   |   |   |
|---|---|---|---|---|---|---|---|---|---|---|---|
********
-----
Turn 102:
-----
Assassin tried to move undefined
Assassin owns 0 diamond mines
Assassin has 80 health
|---|---|---|---|---|---|---|---|---|---|---|---|
|   |   |   |   |   |D00|D01|   |   |   |   |   |
|---|---|---|---|---|---|---|---|---|---|---|---|
|   |III|III|III|III|III|III|III|III|III|III|   |
|---|---|---|---|---|---|---|---|---|---|---|---|
|   |   |   |   |   |H00|H02|   |   |   |   |   |
|---|---|---|---|---|---|---|---|---|---|---|---|
|   |   |   |WWW|   |   |   |   |WWW|   |H03|   |
|---|---|---|---|---|---|---|---|---|---|---|---|
|   |   |   |   |III|   |   |III|   |   |   |   |
|---|---|---|---|---|---|---|---|---|---|---|---|
|D08|   |   |   |   |D02|D03|   |   |   |   |D10|
|---|---|---|---|---|---|---|---|---|---|---|---|
|D09|   |   |   |III|   |   |III|   |   |   |D11|
|---|---|---|---|---|---|---|---|---|---|---|---|
|   |   |   |WWW|   |   |   |   |WWW|   |   |   |
|---|---|---|---|---|---|---|---|---|---|---|---|
|   |   |   |   |   |   |   |   |   |   |   |   |
|---|---|---|---|---|---|---|---|---|---|---|---|
|   |   |   |   |   |D04|D05|   |   |   |   |   |
|---|---|---|---|---|---|---|---|---|---|---|---|
|   |H01|III|III|III|III|III|III|III|III|III|   |
|---|---|---|---|---|---|---|---|---|---|---|---|
|   |   |   |   |   |D06|D07|   |   |   |   |   |
|---|---|---|---|---|---|---|---|---|---|---|---|
********
-----
Turn 103:
-----
Miner tried to move North
Miner owns 5 diamond mines
Miner has 60 health
|---|---|---|---|---|---|---|---|---|---|---|---|
|   |   |   |   |   |D00|D01|   |   |   |   |   |
|---|---|---|---|---|---|---|---|---|---|---|---|
|   |III|III|III|III|III|III|III|III|III|III|   |
|---|---|---|---|---|---|---|---|---|---|---|---|
|   |   |   |   |   |H00|H02|   |   |   |H03|   |
|---|---|---|---|---|---|---|---|---|---|---|---|
|   |   |   |WWW|   |   |   |   |WWW|   |   |   |
|---|---|---|---|---|---|---|---|---|---|---|---|
|   |   |   |   |III|   |   |III|   |   |   |   |
|---|---|---|---|---|---|---|---|---|---|---|---|
|D08|   |   |   |   |D02|D03|   |   |   |   |D10|
|---|---|---|---|---|---|---|---|---|---|---|---|
|D09|   |   |   |III|   |   |III|   |   |   |D11|
|---|---|---|---|---|---|---|---|---|---|---|---|
|   |   |   |WWW|   |   |   |   |WWW|   |   |   |
|---|---|---|---|---|---|---|---|---|---|---|---|
|   |   |   |   |   |   |   |   |   |   |   |   |
|---|---|---|---|---|---|---|---|---|---|---|---|
|   |   |   |   |   |D04|D05|   |   |   |   |   |
|---|---|---|---|---|---|---|---|---|---|---|---|
|   |H01|III|III|III|III|III|III|III|III|III|   |
|---|---|---|---|---|---|---|---|---|---|---|---|
|   |   |   |   |   |D06|D07|   |   |   |   |   |
|---|---|---|---|---|---|---|---|---|---|---|---|
********
enemy path nodes: 8
enemy path nodes: 5
enemy path nodes: 9
-----
Turn 104:
-----
MyHero tried to move South
MyHero owns 0 diamond mines
MyHero has 80 health
|---|---|---|---|---|---|---|---|---|---|---|---|
|   |   |   |   |   |D00|D01|   |   |   |   |   |
|---|---|---|---|---|---|---|---|---|---|---|---|
|   |III|III|III|III|III|III|III|III|III|III|   |
|---|---|---|---|---|---|---|---|---|---|---|---|
|   |   |   |   |   |   |H02|   |   |   |H03|   |
|---|---|---|---|---|---|---|---|---|---|---|---|
|   |   |   |WWW|   |H00|   |   |WWW|   |   |   |
|---|---|---|---|---|---|---|---|---|---|---|---|
|   |   |   |   |III|   |   |III|   |   |   |   |
|---|---|---|---|---|---|---|---|---|---|---|---|
|D08|   |   |   |   |D02|D03|   |   |   |   |D10|
|---|---|---|---|---|---|---|---|---|---|---|---|
|D09|   |   |   |III|   |   |III|   |   |   |D11|
|---|---|---|---|---|---|---|---|---|---|---|---|
|   |   |   |WWW|   |   |   |   |WWW|   |   |   |
|---|---|---|---|---|---|---|---|---|---|---|---|
|   |   |   |   |   |   |   |   |   |   |   |   |
|---|---|---|---|---|---|---|---|---|---|---|---|
|   |   |   |   |   |D04|D05|   |   |   |   |   |
|---|---|---|---|---|---|---|---|---|---|---|---|
|   |H01|III|III|III|III|III|III|III|III|III|   |
|---|---|---|---|---|---|---|---|---|---|---|---|
|   |   |   |   |   |D06|D07|   |   |   |   |   |
|---|---|---|---|---|---|---|---|---|---|---|---|
********
-----
Turn 105:
-----
Enemy tried to move East
Enemy owns 1 diamond mines
Enemy has 100 health
|---|---|---|---|---|---|---|---|---|---|---|---|
|   |   |   |   |   |D00|D01|   |   |   |   |   |
|---|---|---|---|---|---|---|---|---|---|---|---|
|   |III|III|III|III|III|III|III|III|III|III|   |
|---|---|---|---|---|---|---|---|---|---|---|---|
|   |   |   |   |   |   |H02|   |   |   |H03|   |
|---|---|---|---|---|---|---|---|---|---|---|---|
|   |   |   |WWW|   |H00|   |   |WWW|   |   |   |
|---|---|---|---|---|---|---|---|---|---|---|---|
|   |   |   |   |III|   |   |III|   |   |   |   |
|---|---|---|---|---|---|---|---|---|---|---|---|
|D08|   |   |   |   |D02|D03|   |   |   |   |D10|
|---|---|---|---|---|---|---|---|---|---|---|---|
|D09|   |   |   |III|   |   |III|   |   |   |D11|
|---|---|---|---|---|---|---|---|---|---|---|---|
|   |   |   |WWW|   |   |   |   |WWW|   |   |   |
|---|---|---|---|---|---|---|---|---|---|---|---|
|   |   |   |   |   |   |   |   |   |   |   |   |
|---|---|---|---|---|---|---|---|---|---|---|---|
|   |   |   |   |   |D04|D05|   |   |   |   |   |
|---|---|---|---|---|---|---|---|---|---|---|---|
|   |H01|III|III|III|III|III|III|III|III|III|   |
|---|---|---|---|---|---|---|---|---|---|---|---|
|   |   |   |   |   |D06|D07|   |   |   |   |   |
|---|---|---|---|---|---|---|---|---|---|---|---|
********
-----
Turn 106:
-----
Assassin tried to move undefined
Assassin owns 0 diamond mines
Assassin has 80 health
|---|---|---|---|---|---|---|---|---|---|---|---|
|   |   |   |   |   |D00|D01|   |   |   |   |   |
|---|---|---|---|---|---|---|---|---|---|---|---|
|   |III|III|III|III|III|III|III|III|III|III|   |
|---|---|---|---|---|---|---|---|---|---|---|---|
|   |   |   |   |   |   |H02|   |   |   |H03|   |
|---|---|---|---|---|---|---|---|---|---|---|---|
|   |   |   |WWW|   |H00|   |   |WWW|   |   |   |
|---|---|---|---|---|---|---|---|---|---|---|---|
|   |   |   |   |III|   |   |III|   |   |   |   |
|---|---|---|---|---|---|---|---|---|---|---|---|
|D08|   |   |   |   |D02|D03|   |   |   |   |D10|
|---|---|---|---|---|---|---|---|---|---|---|---|
|D09|   |   |   |III|   |   |III|   |   |   |D11|
|---|---|---|---|---|---|---|---|---|---|---|---|
|   |   |   |WWW|   |   |   |   |WWW|   |   |   |
|---|---|---|---|---|---|---|---|---|---|---|---|
|   |   |   |   |   |   |   |   |   |   |   |   |
|---|---|---|---|---|---|---|---|---|---|---|---|
|   |   |   |   |   |D04|D05|   |   |   |   |   |
|---|---|---|---|---|---|---|---|---|---|---|---|
|   |H01|III|III|III|III|III|III|III|III|III|   |
|---|---|---|---|---|---|---|---|---|---|---|---|
|   |   |   |   |   |D06|D07|   |   |   |   |   |
|---|---|---|---|---|---|---|---|---|---|---|---|
********
-----
Turn 107:
-----
Miner tried to move East
Miner owns 5 diamond mines
Miner has 60 health
|---|---|---|---|---|---|---|---|---|---|---|---|
|   |   |   |   |   |D00|D01|   |   |   |   |   |
|---|---|---|---|---|---|---|---|---|---|---|---|
|   |III|III|III|III|III|III|III|III|III|III|   |
|---|---|---|---|---|---|---|---|---|---|---|---|
|   |   |   |   |   |   |H02|   |   |   |   |H03|
|---|---|---|---|---|---|---|---|---|---|---|---|
|   |   |   |WWW|   |H00|   |   |WWW|   |   |   |
|---|---|---|---|---|---|---|---|---|---|---|---|
|   |   |   |   |III|   |   |III|   |   |   |   |
|---|---|---|---|---|---|---|---|---|---|---|---|
|D08|   |   |   |   |D02|D03|   |   |   |   |D10|
|---|---|---|---|---|---|---|---|---|---|---|---|
|D09|   |   |   |III|   |   |III|   |   |   |D11|
|---|---|---|---|---|---|---|---|---|---|---|---|
|   |   |   |WWW|   |   |   |   |WWW|   |   |   |
|---|---|---|---|---|---|---|---|---|---|---|---|
|   |   |   |   |   |   |   |   |   |   |   |   |
|---|---|---|---|---|---|---|---|---|---|---|---|
|   |   |   |   |   |D04|D05|   |   |   |   |   |
|---|---|---|---|---|---|---|---|---|---|---|---|
|   |H01|III|III|III|III|III|III|III|III|III|   |
|---|---|---|---|---|---|---|---|---|---|---|---|
|   |   |   |   |   |D06|D07|   |   |   |   |   |
|---|---|---|---|---|---|---|---|---|---|---|---|
********
enemy path nodes: 8
enemy path nodes: 3
enemy assumed path target: 2,3
enemy path nodes: 22
-----
Turn 108:
-----
MyHero tried to move North
MyHero owns 0 diamond mines
MyHero has 80 health
|---|---|---|---|---|---|---|---|---|---|---|---|
|   |   |   |   |   |D00|D01|   |   |   |   |   |
|---|---|---|---|---|---|---|---|---|---|---|---|
|   |III|III|III|III|III|III|III|III|III|III|   |
|---|---|---|---|---|---|---|---|---|---|---|---|
|   |   |   |   |   |H00|H02|   |   |   |   |H03|
|---|---|---|---|---|---|---|---|---|---|---|---|
|   |   |   |WWW|   |   |   |   |WWW|   |   |   |
|---|---|---|---|---|---|---|---|---|---|---|---|
|   |   |   |   |III|   |   |III|   |   |   |   |
|---|---|---|---|---|---|---|---|---|---|---|---|
|D08|   |   |   |   |D02|D03|   |   |   |   |D10|
|---|---|---|---|---|---|---|---|---|---|---|---|
|D09|   |   |   |III|   |   |III|   |   |   |D11|
|---|---|---|---|---|---|---|---|---|---|---|---|
|   |   |   |WWW|   |   |   |   |WWW|   |   |   |
|---|---|---|---|---|---|---|---|---|---|---|---|
|   |   |   |   |   |   |   |   |   |   |   |   |
|---|---|---|---|---|---|---|---|---|---|---|---|
|   |   |   |   |   |D04|D05|   |   |   |   |   |
|---|---|---|---|---|---|---|---|---|---|---|---|
|   |H01|III|III|III|III|III|III|III|III|III|   |
|---|---|---|---|---|---|---|---|---|---|---|---|
|   |   |   |   |   |D06|D07|   |   |   |   |   |
|---|---|---|---|---|---|---|---|---|---|---|---|
********
-----
Turn 109:
-----
Enemy tried to move East
Enemy owns 1 diamond mines
Enemy has 100 health
|---|---|---|---|---|---|---|---|---|---|---|---|
|   |   |   |   |   |D00|D01|   |   |   |   |   |
|---|---|---|---|---|---|---|---|---|---|---|---|
|   |III|III|III|III|III|III|III|III|III|III|   |
|---|---|---|---|---|---|---|---|---|---|---|---|
|   |   |   |   |   |H00|H02|   |   |   |   |H03|
|---|---|---|---|---|---|---|---|---|---|---|---|
|   |   |   |WWW|   |   |   |   |WWW|   |   |   |
|---|---|---|---|---|---|---|---|---|---|---|---|
|   |   |   |   |III|   |   |III|   |   |   |   |
|---|---|---|---|---|---|---|---|---|---|---|---|
|D08|   |   |   |   |D02|D03|   |   |   |   |D10|
|---|---|---|---|---|---|---|---|---|---|---|---|
|D09|   |   |   |III|   |   |III|   |   |   |D11|
|---|---|---|---|---|---|---|---|---|---|---|---|
|   |   |   |WWW|   |   |   |   |WWW|   |   |   |
|---|---|---|---|---|---|---|---|---|---|---|---|
|   |   |   |   |   |   |   |   |   |   |   |   |
|---|---|---|---|---|---|---|---|---|---|---|---|
|   |   |   |   |   |D04|D05|   |   |   |   |   |
|---|---|---|---|---|---|---|---|---|---|---|---|
|   |H01|III|III|III|III|III|III|III|III|III|   |
|---|---|---|---|---|---|---|---|---|---|---|---|
|   |   |   |   |   |D06|D07|   |   |   |   |   |
|---|---|---|---|---|---|---|---|---|---|---|---|
********
-----
Turn 110:
-----
Assassin tried to move undefined
Assassin owns 0 diamond mines
Assassin has 60 health
|---|---|---|---|---|---|---|---|---|---|---|---|
|   |   |   |   |   |D00|D01|   |   |   |   |   |
|---|---|---|---|---|---|---|---|---|---|---|---|
|   |III|III|III|III|III|III|III|III|III|III|   |
|---|---|---|---|---|---|---|---|---|---|---|---|
|   |   |   |   |   |H00|H02|   |   |   |   |H03|
|---|---|---|---|---|---|---|---|---|---|---|---|
|   |   |   |WWW|   |   |   |   |WWW|   |   |   |
|---|---|---|---|---|---|---|---|---|---|---|---|
|   |   |   |   |III|   |   |III|   |   |   |   |
|---|---|---|---|---|---|---|---|---|---|---|---|
|D08|   |   |   |   |D02|D03|   |   |   |   |D10|
|---|---|---|---|---|---|---|---|---|---|---|---|
|D09|   |   |   |III|   |   |III|   |   |   |D11|
|---|---|---|---|---|---|---|---|---|---|---|---|
|   |   |   |WWW|   |   |   |   |WWW|   |   |   |
|---|---|---|---|---|---|---|---|---|---|---|---|
|   |   |   |   |   |   |   |   |   |   |   |   |
|---|---|---|---|---|---|---|---|---|---|---|---|
|   |   |   |   |   |D04|D05|   |   |   |   |   |
|---|---|---|---|---|---|---|---|---|---|---|---|
|   |H01|III|III|III|III|III|III|III|III|III|   |
|---|---|---|---|---|---|---|---|---|---|---|---|
|   |   |   |   |   |D06|D07|   |   |   |   |   |
|---|---|---|---|---|---|---|---|---|---|---|---|
********
-----
Turn 111:
-----
Miner tried to move North
Miner owns 5 diamond mines
Miner has 60 health
|---|---|---|---|---|---|---|---|---|---|---|---|
|   |   |   |   |   |D00|D01|   |   |   |   |   |
|---|---|---|---|---|---|---|---|---|---|---|---|
|   |III|III|III|III|III|III|III|III|III|III|H03|
|---|---|---|---|---|---|---|---|---|---|---|---|
|   |   |   |   |   |H00|H02|   |   |   |   |   |
|---|---|---|---|---|---|---|---|---|---|---|---|
|   |   |   |WWW|   |   |   |   |WWW|   |   |   |
|---|---|---|---|---|---|---|---|---|---|---|---|
|   |   |   |   |III|   |   |III|   |   |   |   |
|---|---|---|---|---|---|---|---|---|---|---|---|
|D08|   |   |   |   |D02|D03|   |   |   |   |D10|
|---|---|---|---|---|---|---|---|---|---|---|---|
|D09|   |   |   |III|   |   |III|   |   |   |D11|
|---|---|---|---|---|---|---|---|---|---|---|---|
|   |   |   |WWW|   |   |   |   |WWW|   |   |   |
|---|---|---|---|---|---|---|---|---|---|---|---|
|   |   |   |   |   |   |   |   |   |   |   |   |
|---|---|---|---|---|---|---|---|---|---|---|---|
|   |   |   |   |   |D04|D05|   |   |   |   |   |
|---|---|---|---|---|---|---|---|---|---|---|---|
|   |H01|III|III|III|III|III|III|III|III|III|   |
|---|---|---|---|---|---|---|---|---|---|---|---|
|   |   |   |   |   |D06|D07|   |   |   |   |   |
|---|---|---|---|---|---|---|---|---|---|---|---|
********
enemy path nodes: 8
enemy path nodes: 5
enemy path nodes: 11
-----
Turn 112:
-----
MyHero tried to move South
MyHero owns 0 diamond mines
MyHero has 60 health
|---|---|---|---|---|---|---|---|---|---|---|---|
|   |   |   |   |   |D00|D01|   |   |   |   |   |
|---|---|---|---|---|---|---|---|---|---|---|---|
|   |III|III|III|III|III|III|III|III|III|III|H03|
|---|---|---|---|---|---|---|---|---|---|---|---|
|   |   |   |   |   |   |H02|   |   |   |   |   |
|---|---|---|---|---|---|---|---|---|---|---|---|
|   |   |   |WWW|   |H00|   |   |WWW|   |   |   |
|---|---|---|---|---|---|---|---|---|---|---|---|
|   |   |   |   |III|   |   |III|   |   |   |   |
|---|---|---|---|---|---|---|---|---|---|---|---|
|D08|   |   |   |   |D02|D03|   |   |   |   |D10|
|---|---|---|---|---|---|---|---|---|---|---|---|
|D09|   |   |   |III|   |   |III|   |   |   |D11|
|---|---|---|---|---|---|---|---|---|---|---|---|
|   |   |   |WWW|   |   |   |   |WWW|   |   |   |
|---|---|---|---|---|---|---|---|---|---|---|---|
|   |   |   |   |   |   |   |   |   |   |   |   |
|---|---|---|---|---|---|---|---|---|---|---|---|
|   |   |   |   |   |D04|D05|   |   |   |   |   |
|---|---|---|---|---|---|---|---|---|---|---|---|
|   |H01|III|III|III|III|III|III|III|III|III|   |
|---|---|---|---|---|---|---|---|---|---|---|---|
|   |   |   |   |   |D06|D07|   |   |   |   |   |
|---|---|---|---|---|---|---|---|---|---|---|---|
********
-----
Turn 113:
-----
Enemy tried to move South
Enemy owns 1 diamond mines
Enemy has 100 health
|---|---|---|---|---|---|---|---|---|---|---|---|
|   |   |   |   |   |D00|D01|   |   |   |   |   |
|---|---|---|---|---|---|---|---|---|---|---|---|
|   |III|III|III|III|III|III|III|III|III|III|H03|
|---|---|---|---|---|---|---|---|---|---|---|---|
|   |   |   |   |   |   |H02|   |   |   |   |   |
|---|---|---|---|---|---|---|---|---|---|---|---|
|   |   |   |WWW|   |H00|   |   |WWW|   |   |   |
|---|---|---|---|---|---|---|---|---|---|---|---|
|   |   |   |   |III|   |   |III|   |   |   |   |
|---|---|---|---|---|---|---|---|---|---|---|---|
|D08|   |   |   |   |D02|D03|   |   |   |   |D10|
|---|---|---|---|---|---|---|---|---|---|---|---|
|D09|   |   |   |III|   |   |III|   |   |   |D11|
|---|---|---|---|---|---|---|---|---|---|---|---|
|   |   |   |WWW|   |   |   |   |WWW|   |   |   |
|---|---|---|---|---|---|---|---|---|---|---|---|
|   |   |   |   |   |   |   |   |   |   |   |   |
|---|---|---|---|---|---|---|---|---|---|---|---|
|   |   |   |   |   |D04|D05|   |   |   |   |   |
|---|---|---|---|---|---|---|---|---|---|---|---|
|   |   |III|III|III|III|III|III|III|III|III|   |
|---|---|---|---|---|---|---|---|---|---|---|---|
|   |H01|   |   |   |D06|D07|   |   |   |   |   |
|---|---|---|---|---|---|---|---|---|---|---|---|
********
-----
Turn 114:
-----
Assassin tried to move undefined
Assassin owns 0 diamond mines
Assassin has 60 health
|---|---|---|---|---|---|---|---|---|---|---|---|
|   |   |   |   |   |D00|D01|   |   |   |   |   |
|---|---|---|---|---|---|---|---|---|---|---|---|
|   |III|III|III|III|III|III|III|III|III|III|H03|
|---|---|---|---|---|---|---|---|---|---|---|---|
|   |   |   |   |   |   |H02|   |   |   |   |   |
|---|---|---|---|---|---|---|---|---|---|---|---|
|   |   |   |WWW|   |H00|   |   |WWW|   |   |   |
|---|---|---|---|---|---|---|---|---|---|---|---|
|   |   |   |   |III|   |   |III|   |   |   |   |
|---|---|---|---|---|---|---|---|---|---|---|---|
|D08|   |   |   |   |D02|D03|   |   |   |   |D10|
|---|---|---|---|---|---|---|---|---|---|---|---|
|D09|   |   |   |III|   |   |III|   |   |   |D11|
|---|---|---|---|---|---|---|---|---|---|---|---|
|   |   |   |WWW|   |   |   |   |WWW|   |   |   |
|---|---|---|---|---|---|---|---|---|---|---|---|
|   |   |   |   |   |   |   |   |   |   |   |   |
|---|---|---|---|---|---|---|---|---|---|---|---|
|   |   |   |   |   |D04|D05|   |   |   |   |   |
|---|---|---|---|---|---|---|---|---|---|---|---|
|   |   |III|III|III|III|III|III|III|III|III|   |
|---|---|---|---|---|---|---|---|---|---|---|---|
|   |H01|   |   |   |D06|D07|   |   |   |   |   |
|---|---|---|---|---|---|---|---|---|---|---|---|
********
-----
Turn 115:
-----
Miner tried to move North
Miner owns 5 diamond mines
Miner has 60 health
|---|---|---|---|---|---|---|---|---|---|---|---|
|   |   |   |   |   |D00|D01|   |   |   |   |H03|
|---|---|---|---|---|---|---|---|---|---|---|---|
|   |III|III|III|III|III|III|III|III|III|III|   |
|---|---|---|---|---|---|---|---|---|---|---|---|
|   |   |   |   |   |   |H02|   |   |   |   |   |
|---|---|---|---|---|---|---|---|---|---|---|---|
|   |   |   |WWW|   |H00|   |   |WWW|   |   |   |
|---|---|---|---|---|---|---|---|---|---|---|---|
|   |   |   |   |III|   |   |III|   |   |   |   |
|---|---|---|---|---|---|---|---|---|---|---|---|
|D08|   |   |   |   |D02|D03|   |   |   |   |D10|
|---|---|---|---|---|---|---|---|---|---|---|---|
|D09|   |   |   |III|   |   |III|   |   |   |D11|
|---|---|---|---|---|---|---|---|---|---|---|---|
|   |   |   |WWW|   |   |   |   |WWW|   |   |   |
|---|---|---|---|---|---|---|---|---|---|---|---|
|   |   |   |   |   |   |   |   |   |   |   |   |
|---|---|---|---|---|---|---|---|---|---|---|---|
|   |   |   |   |   |D04|D05|   |   |   |   |   |
|---|---|---|---|---|---|---|---|---|---|---|---|
|   |   |III|III|III|III|III|III|III|III|III|   |
|---|---|---|---|---|---|---|---|---|---|---|---|
|   |H01|   |   |   |D06|D07|   |   |   |   |   |
|---|---|---|---|---|---|---|---|---|---|---|---|
********
enemy path nodes: 9
enemy path nodes: 3
enemy assumed path target: 2,3
enemy path nodes: 24
-----
Turn 116:
-----
MyHero tried to move North
MyHero owns 0 diamond mines
MyHero has 60 health
|---|---|---|---|---|---|---|---|---|---|---|---|
|   |   |   |   |   |D00|D01|   |   |   |   |H03|
|---|---|---|---|---|---|---|---|---|---|---|---|
|   |III|III|III|III|III|III|III|III|III|III|   |
|---|---|---|---|---|---|---|---|---|---|---|---|
|   |   |   |   |   |H00|H02|   |   |   |   |   |
|---|---|---|---|---|---|---|---|---|---|---|---|
|   |   |   |WWW|   |   |   |   |WWW|   |   |   |
|---|---|---|---|---|---|---|---|---|---|---|---|
|   |   |   |   |III|   |   |III|   |   |   |   |
|---|---|---|---|---|---|---|---|---|---|---|---|
|D08|   |   |   |   |D02|D03|   |   |   |   |D10|
|---|---|---|---|---|---|---|---|---|---|---|---|
|D09|   |   |   |III|   |   |III|   |   |   |D11|
|---|---|---|---|---|---|---|---|---|---|---|---|
|   |   |   |WWW|   |   |   |   |WWW|   |   |   |
|---|---|---|---|---|---|---|---|---|---|---|---|
|   |   |   |   |   |   |   |   |   |   |   |   |
|---|---|---|---|---|---|---|---|---|---|---|---|
|   |   |   |   |   |D04|D05|   |   |   |   |   |
|---|---|---|---|---|---|---|---|---|---|---|---|
|   |   |III|III|III|III|III|III|III|III|III|   |
|---|---|---|---|---|---|---|---|---|---|---|---|
|   |H01|   |   |   |D06|D07|   |   |   |   |   |
|---|---|---|---|---|---|---|---|---|---|---|---|
********
-----
Turn 117:
-----
Enemy tried to move North
Enemy owns 1 diamond mines
Enemy has 100 health
|---|---|---|---|---|---|---|---|---|---|---|---|
|   |   |   |   |   |D00|D01|   |   |   |   |H03|
|---|---|---|---|---|---|---|---|---|---|---|---|
|   |III|III|III|III|III|III|III|III|III|III|   |
|---|---|---|---|---|---|---|---|---|---|---|---|
|   |   |   |   |   |H00|H02|   |   |   |   |   |
|---|---|---|---|---|---|---|---|---|---|---|---|
|   |   |   |WWW|   |   |   |   |WWW|   |   |   |
|---|---|---|---|---|---|---|---|---|---|---|---|
|   |   |   |   |III|   |   |III|   |   |   |   |
|---|---|---|---|---|---|---|---|---|---|---|---|
|D08|   |   |   |   |D02|D03|   |   |   |   |D10|
|---|---|---|---|---|---|---|---|---|---|---|---|
|D09|   |   |   |III|   |   |III|   |   |   |D11|
|---|---|---|---|---|---|---|---|---|---|---|---|
|   |   |   |WWW|   |   |   |   |WWW|   |   |   |
|---|---|---|---|---|---|---|---|---|---|---|---|
|   |   |   |   |   |   |   |   |   |   |   |   |
|---|---|---|---|---|---|---|---|---|---|---|---|
|   |   |   |   |   |D04|D05|   |   |   |   |   |
|---|---|---|---|---|---|---|---|---|---|---|---|
|   |H01|III|III|III|III|III|III|III|III|III|   |
|---|---|---|---|---|---|---|---|---|---|---|---|
|   |   |   |   |   |D06|D07|   |   |   |   |   |
|---|---|---|---|---|---|---|---|---|---|---|---|
********
-----
Turn 118:
-----
Assassin tried to move East
Assassin owns 0 diamond mines
Assassin has 40 health
|---|---|---|---|---|---|---|---|---|---|---|---|
|   |   |   |   |   |D00|D01|   |   |   |   |H03|
|---|---|---|---|---|---|---|---|---|---|---|---|
|   |III|III|III|III|III|III|III|III|III|III|   |
|---|---|---|---|---|---|---|---|---|---|---|---|
|   |   |   |   |   |H00|   |H02|   |   |   |   |
|---|---|---|---|---|---|---|---|---|---|---|---|
|   |   |   |WWW|   |   |   |   |WWW|   |   |   |
|---|---|---|---|---|---|---|---|---|---|---|---|
|   |   |   |   |III|   |   |III|   |   |   |   |
|---|---|---|---|---|---|---|---|---|---|---|---|
|D08|   |   |   |   |D02|D03|   |   |   |   |D10|
|---|---|---|---|---|---|---|---|---|---|---|---|
|D09|   |   |   |III|   |   |III|   |   |   |D11|
|---|---|---|---|---|---|---|---|---|---|---|---|
|   |   |   |WWW|   |   |   |   |WWW|   |   |   |
|---|---|---|---|---|---|---|---|---|---|---|---|
|   |   |   |   |   |   |   |   |   |   |   |   |
|---|---|---|---|---|---|---|---|---|---|---|---|
|   |   |   |   |   |D04|D05|   |   |   |   |   |
|---|---|---|---|---|---|---|---|---|---|---|---|
|   |H01|III|III|III|III|III|III|III|III|III|   |
|---|---|---|---|---|---|---|---|---|---|---|---|
|   |   |   |   |   |D06|D07|   |   |   |   |   |
|---|---|---|---|---|---|---|---|---|---|---|---|
********
-----
Turn 119:
-----
Miner tried to move West
Miner owns 5 diamond mines
Miner has 60 health
|---|---|---|---|---|---|---|---|---|---|---|---|
|   |   |   |   |   |D00|D01|   |   |   |H03|   |
|---|---|---|---|---|---|---|---|---|---|---|---|
|   |III|III|III|III|III|III|III|III|III|III|   |
|---|---|---|---|---|---|---|---|---|---|---|---|
|   |   |   |   |   |H00|   |H02|   |   |   |   |
|---|---|---|---|---|---|---|---|---|---|---|---|
|   |   |   |WWW|   |   |   |   |WWW|   |   |   |
|---|---|---|---|---|---|---|---|---|---|---|---|
|   |   |   |   |III|   |   |III|   |   |   |   |
|---|---|---|---|---|---|---|---|---|---|---|---|
|D08|   |   |   |   |D02|D03|   |   |   |   |D10|
|---|---|---|---|---|---|---|---|---|---|---|---|
|D09|   |   |   |III|   |   |III|   |   |   |D11|
|---|---|---|---|---|---|---|---|---|---|---|---|
|   |   |   |WWW|   |   |   |   |WWW|   |   |   |
|---|---|---|---|---|---|---|---|---|---|---|---|
|   |   |   |   |   |   |   |   |   |   |   |   |
|---|---|---|---|---|---|---|---|---|---|---|---|
|   |   |   |   |   |D04|D05|   |   |   |   |   |
|---|---|---|---|---|---|---|---|---|---|---|---|
|   |H01|III|III|III|III|III|III|III|III|III|   |
|---|---|---|---|---|---|---|---|---|---|---|---|
|   |   |   |   |   |D06|D07|   |   |   |   |   |
|---|---|---|---|---|---|---|---|---|---|---|---|
********
enemy path nodes: 8
enemy path nodes: 6
enemy path nodes: 25
-----
Turn 120:
-----
MyHero tried to move South
MyHero owns 0 diamond mines
MyHero has 60 health
|---|---|---|---|---|---|---|---|---|---|---|---|
|   |   |   |   |   |D00|D01|   |   |   |H03|   |
|---|---|---|---|---|---|---|---|---|---|---|---|
|   |III|III|III|III|III|III|III|III|III|III|   |
|---|---|---|---|---|---|---|---|---|---|---|---|
|   |   |   |   |   |   |   |H02|   |   |   |   |
|---|---|---|---|---|---|---|---|---|---|---|---|
|   |   |   |WWW|   |H00|   |   |WWW|   |   |   |
|---|---|---|---|---|---|---|---|---|---|---|---|
|   |   |   |   |III|   |   |III|   |   |   |   |
|---|---|---|---|---|---|---|---|---|---|---|---|
|D08|   |   |   |   |D02|D03|   |   |   |   |D10|
|---|---|---|---|---|---|---|---|---|---|---|---|
|D09|   |   |   |III|   |   |III|   |   |   |D11|
|---|---|---|---|---|---|---|---|---|---|---|---|
|   |   |   |WWW|   |   |   |   |WWW|   |   |   |
|---|---|---|---|---|---|---|---|---|---|---|---|
|   |   |   |   |   |   |   |   |   |   |   |   |
|---|---|---|---|---|---|---|---|---|---|---|---|
|   |   |   |   |   |D04|D05|   |   |   |   |   |
|---|---|---|---|---|---|---|---|---|---|---|---|
|   |H01|III|III|III|III|III|III|III|III|III|   |
|---|---|---|---|---|---|---|---|---|---|---|---|
|   |   |   |   |   |D06|D07|   |   |   |   |   |
|---|---|---|---|---|---|---|---|---|---|---|---|
********
-----
Turn 121:
-----
Enemy tried to move East
Enemy owns 1 diamond mines
Enemy has 100 health
|---|---|---|---|---|---|---|---|---|---|---|---|
|   |   |   |   |   |D00|D01|   |   |   |H03|   |
|---|---|---|---|---|---|---|---|---|---|---|---|
|   |III|III|III|III|III|III|III|III|III|III|   |
|---|---|---|---|---|---|---|---|---|---|---|---|
|   |   |   |   |   |   |   |H02|   |   |   |   |
|---|---|---|---|---|---|---|---|---|---|---|---|
|   |   |   |WWW|   |H00|   |   |WWW|   |   |   |
|---|---|---|---|---|---|---|---|---|---|---|---|
|   |   |   |   |III|   |   |III|   |   |   |   |
|---|---|---|---|---|---|---|---|---|---|---|---|
|D08|   |   |   |   |D02|D03|   |   |   |   |D10|
|---|---|---|---|---|---|---|---|---|---|---|---|
|D09|   |   |   |III|   |   |III|   |   |   |D11|
|---|---|---|---|---|---|---|---|---|---|---|---|
|   |   |   |WWW|   |   |   |   |WWW|   |   |   |
|---|---|---|---|---|---|---|---|---|---|---|---|
|   |   |   |   |   |   |   |   |   |   |   |   |
|---|---|---|---|---|---|---|---|---|---|---|---|
|   |   |   |   |   |D04|D05|   |   |   |   |   |
|---|---|---|---|---|---|---|---|---|---|---|---|
|   |H01|III|III|III|III|III|III|III|III|III|   |
|---|---|---|---|---|---|---|---|---|---|---|---|
|   |   |   |   |   |D06|D07|   |   |   |   |   |
|---|---|---|---|---|---|---|---|---|---|---|---|
********
-----
Turn 122:
-----
Assassin tried to move East
Assassin owns 0 diamond mines
Assassin has 40 health
|---|---|---|---|---|---|---|---|---|---|---|---|
|   |   |   |   |   |D00|D01|   |   |   |H03|   |
|---|---|---|---|---|---|---|---|---|---|---|---|
|   |III|III|III|III|III|III|III|III|III|III|   |
|---|---|---|---|---|---|---|---|---|---|---|---|
|   |   |   |   |   |   |   |   |H02|   |   |   |
|---|---|---|---|---|---|---|---|---|---|---|---|
|   |   |   |WWW|   |H00|   |   |WWW|   |   |   |
|---|---|---|---|---|---|---|---|---|---|---|---|
|   |   |   |   |III|   |   |III|   |   |   |   |
|---|---|---|---|---|---|---|---|---|---|---|---|
|D08|   |   |   |   |D02|D03|   |   |   |   |D10|
|---|---|---|---|---|---|---|---|---|---|---|---|
|D09|   |   |   |III|   |   |III|   |   |   |D11|
|---|---|---|---|---|---|---|---|---|---|---|---|
|   |   |   |WWW|   |   |   |   |WWW|   |   |   |
|---|---|---|---|---|---|---|---|---|---|---|---|
|   |   |   |   |   |   |   |   |   |   |   |   |
|---|---|---|---|---|---|---|---|---|---|---|---|
|   |   |   |   |   |D04|D05|   |   |   |   |   |
|---|---|---|---|---|---|---|---|---|---|---|---|
|   |H01|III|III|III|III|III|III|III|III|III|   |
|---|---|---|---|---|---|---|---|---|---|---|---|
|   |   |   |   |   |D06|D07|   |   |   |   |   |
|---|---|---|---|---|---|---|---|---|---|---|---|
********
-----
Turn 123:
-----
Miner tried to move West
Miner owns 5 diamond mines
Miner has 60 health
|---|---|---|---|---|---|---|---|---|---|---|---|
|   |   |   |   |   |D00|D01|   |   |H03|   |   |
|---|---|---|---|---|---|---|---|---|---|---|---|
|   |III|III|III|III|III|III|III|III|III|III|   |
|---|---|---|---|---|---|---|---|---|---|---|---|
|   |   |   |   |   |   |   |   |H02|   |   |   |
|---|---|---|---|---|---|---|---|---|---|---|---|
|   |   |   |WWW|   |H00|   |   |WWW|   |   |   |
|---|---|---|---|---|---|---|---|---|---|---|---|
|   |   |   |   |III|   |   |III|   |   |   |   |
|---|---|---|---|---|---|---|---|---|---|---|---|
|D08|   |   |   |   |D02|D03|   |   |   |   |D10|
|---|---|---|---|---|---|---|---|---|---|---|---|
|D09|   |   |   |III|   |   |III|   |   |   |D11|
|---|---|---|---|---|---|---|---|---|---|---|---|
|   |   |   |WWW|   |   |   |   |WWW|   |   |   |
|---|---|---|---|---|---|---|---|---|---|---|---|
|   |   |   |   |   |   |   |   |   |   |   |   |
|---|---|---|---|---|---|---|---|---|---|---|---|
|   |   |   |   |   |D04|D05|   |   |   |   |   |
|---|---|---|---|---|---|---|---|---|---|---|---|
|   |H01|III|III|III|III|III|III|III|III|III|   |
|---|---|---|---|---|---|---|---|---|---|---|---|
|   |   |   |   |   |D06|D07|   |   |   |   |   |
|---|---|---|---|---|---|---|---|---|---|---|---|
********
enemy path nodes: 8
enemy path nodes: 5
enemy path nodes: 26
-----
Turn 124:
-----
MyHero tried to move South
MyHero owns 0 diamond mines
MyHero has 60 health
|---|---|---|---|---|---|---|---|---|---|---|---|
|   |   |   |   |   |D00|D01|   |   |H03|   |   |
|---|---|---|---|---|---|---|---|---|---|---|---|
|   |III|III|III|III|III|III|III|III|III|III|   |
|---|---|---|---|---|---|---|---|---|---|---|---|
|   |   |   |   |   |   |   |   |H02|   |   |   |
|---|---|---|---|---|---|---|---|---|---|---|---|
|   |   |   |WWW|   |   |   |   |WWW|   |   |   |
|---|---|---|---|---|---|---|---|---|---|---|---|
|   |   |   |   |III|H00|   |III|   |   |   |   |
|---|---|---|---|---|---|---|---|---|---|---|---|
|D08|   |   |   |   |D02|D03|   |   |   |   |D10|
|---|---|---|---|---|---|---|---|---|---|---|---|
|D09|   |   |   |III|   |   |III|   |   |   |D11|
|---|---|---|---|---|---|---|---|---|---|---|---|
|   |   |   |WWW|   |   |   |   |WWW|   |   |   |
|---|---|---|---|---|---|---|---|---|---|---|---|
|   |   |   |   |   |   |   |   |   |   |   |   |
|---|---|---|---|---|---|---|---|---|---|---|---|
|   |   |   |   |   |D04|D05|   |   |   |   |   |
|---|---|---|---|---|---|---|---|---|---|---|---|
|   |H01|III|III|III|III|III|III|III|III|III|   |
|---|---|---|---|---|---|---|---|---|---|---|---|
|   |   |   |   |   |D06|D07|   |   |   |   |   |
|---|---|---|---|---|---|---|---|---|---|---|---|
********
-----
Turn 125:
-----
Enemy tried to move North
Enemy owns 1 diamond mines
Enemy has 100 health
|---|---|---|---|---|---|---|---|---|---|---|---|
|   |   |   |   |   |D00|D01|   |   |H03|   |   |
|---|---|---|---|---|---|---|---|---|---|---|---|
|   |III|III|III|III|III|III|III|III|III|III|   |
|---|---|---|---|---|---|---|---|---|---|---|---|
|   |   |   |   |   |   |   |   |H02|   |   |   |
|---|---|---|---|---|---|---|---|---|---|---|---|
|   |   |   |WWW|   |   |   |   |WWW|   |   |   |
|---|---|---|---|---|---|---|---|---|---|---|---|
|   |   |   |   |III|H00|   |III|   |   |   |   |
|---|---|---|---|---|---|---|---|---|---|---|---|
|D08|   |   |   |   |D02|D03|   |   |   |   |D10|
|---|---|---|---|---|---|---|---|---|---|---|---|
|D09|   |   |   |III|   |   |III|   |   |   |D11|
|---|---|---|---|---|---|---|---|---|---|---|---|
|   |   |   |WWW|   |   |   |   |WWW|   |   |   |
|---|---|---|---|---|---|---|---|---|---|---|---|
|   |   |   |   |   |   |   |   |   |   |   |   |
|---|---|---|---|---|---|---|---|---|---|---|---|
|   |H01|   |   |   |D04|D05|   |   |   |   |   |
|---|---|---|---|---|---|---|---|---|---|---|---|
|   |   |III|III|III|III|III|III|III|III|III|   |
|---|---|---|---|---|---|---|---|---|---|---|---|
|   |   |   |   |   |D06|D07|   |   |   |   |   |
|---|---|---|---|---|---|---|---|---|---|---|---|
********
-----
Turn 126:
-----
Assassin tried to move South
Assassin owns 0 diamond mines
Assassin has 40 health
|---|---|---|---|---|---|---|---|---|---|---|---|
|   |   |   |   |   |D00|D01|   |   |H03|   |   |
|---|---|---|---|---|---|---|---|---|---|---|---|
|   |III|III|III|III|III|III|III|III|III|III|   |
|---|---|---|---|---|---|---|---|---|---|---|---|
|   |   |   |   |   |   |   |   |H02|   |   |   |
|---|---|---|---|---|---|---|---|---|---|---|---|
|   |   |   |WWW|   |   |   |   |WWW|   |   |   |
|---|---|---|---|---|---|---|---|---|---|---|---|
|   |   |   |   |III|H00|   |III|   |   |   |   |
|---|---|---|---|---|---|---|---|---|---|---|---|
|D08|   |   |   |   |D02|D03|   |   |   |   |D10|
|---|---|---|---|---|---|---|---|---|---|---|---|
|D09|   |   |   |III|   |   |III|   |   |   |D11|
|---|---|---|---|---|---|---|---|---|---|---|---|
|   |   |   |WWW|   |   |   |   |WWW|   |   |   |
|---|---|---|---|---|---|---|---|---|---|---|---|
|   |   |   |   |   |   |   |   |   |   |   |   |
|---|---|---|---|---|---|---|---|---|---|---|---|
|   |H01|   |   |   |D04|D05|   |   |   |   |   |
|---|---|---|---|---|---|---|---|---|---|---|---|
|   |   |III|III|III|III|III|III|III|III|III|   |
|---|---|---|---|---|---|---|---|---|---|---|---|
|   |   |   |   |   |D06|D07|   |   |   |   |   |
|---|---|---|---|---|---|---|---|---|---|---|---|
********
-----
Turn 127:
-----
Miner tried to move West
Miner owns 5 diamond mines
Miner has 60 health
|---|---|---|---|---|---|---|---|---|---|---|---|
|   |   |   |   |   |D00|D01|   |H03|   |   |   |
|---|---|---|---|---|---|---|---|---|---|---|---|
|   |III|III|III|III|III|III|III|III|III|III|   |
|---|---|---|---|---|---|---|---|---|---|---|---|
|   |   |   |   |   |   |   |   |H02|   |   |   |
|---|---|---|---|---|---|---|---|---|---|---|---|
|   |   |   |WWW|   |   |   |   |WWW|   |   |   |
|---|---|---|---|---|---|---|---|---|---|---|---|
|   |   |   |   |III|H00|   |III|   |   |   |   |
|---|---|---|---|---|---|---|---|---|---|---|---|
|D08|   |   |   |   |D02|D03|   |   |   |   |D10|
|---|---|---|---|---|---|---|---|---|---|---|---|
|D09|   |   |   |III|   |   |III|   |   |   |D11|
|---|---|---|---|---|---|---|---|---|---|---|---|
|   |   |   |WWW|   |   |   |   |WWW|   |   |   |
|---|---|---|---|---|---|---|---|---|---|---|---|
|   |   |   |   |   |   |   |   |   |   |   |   |
|---|---|---|---|---|---|---|---|---|---|---|---|
|   |H01|   |   |   |D04|D05|   |   |   |   |   |
|---|---|---|---|---|---|---|---|---|---|---|---|
|   |   |III|III|III|III|III|III|III|III|III|   |
|---|---|---|---|---|---|---|---|---|---|---|---|
|   |   |   |   |   |D06|D07|   |   |   |   |   |
|---|---|---|---|---|---|---|---|---|---|---|---|
********
enemy path nodes: 7
enemy path nodes: 5
enemy path nodes: 27
-----
Turn 128:
-----
MyHero tried to move South
MyHero owns 0 diamond mines
MyHero has 60 health
|---|---|---|---|---|---|---|---|---|---|---|---|
|   |   |   |   |   |D00|D01|   |H03|   |   |   |
|---|---|---|---|---|---|---|---|---|---|---|---|
|   |III|III|III|III|III|III|III|III|III|III|   |
|---|---|---|---|---|---|---|---|---|---|---|---|
|   |   |   |   |   |   |   |   |H02|   |   |   |
|---|---|---|---|---|---|---|---|---|---|---|---|
|   |   |   |WWW|   |   |   |   |WWW|   |   |   |
|---|---|---|---|---|---|---|---|---|---|---|---|
|   |   |   |   |III|H00|   |III|   |   |   |   |
|---|---|---|---|---|---|---|---|---|---|---|---|
|D08|   |   |   |   |D02|D03|   |   |   |   |D10|
|---|---|---|---|---|---|---|---|---|---|---|---|
|D09|   |   |   |III|   |   |III|   |   |   |D11|
|---|---|---|---|---|---|---|---|---|---|---|---|
|   |   |   |WWW|   |   |   |   |WWW|   |   |   |
|---|---|---|---|---|---|---|---|---|---|---|---|
|   |   |   |   |   |   |   |   |   |   |   |   |
|---|---|---|---|---|---|---|---|---|---|---|---|
|   |H01|   |   |   |D04|D05|   |   |   |   |   |
|---|---|---|---|---|---|---|---|---|---|---|---|
|   |   |III|III|III|III|III|III|III|III|III|   |
|---|---|---|---|---|---|---|---|---|---|---|---|
|   |   |   |   |   |D06|D07|   |   |   |   |   |
|---|---|---|---|---|---|---|---|---|---|---|---|
********
-----
Turn 129:
-----
Enemy tried to move East
Enemy owns 0 diamond mines
Enemy has 100 health
|---|---|---|---|---|---|---|---|---|---|---|---|
|   |   |   |   |   |D00|D01|   |H03|   |   |   |
|---|---|---|---|---|---|---|---|---|---|---|---|
|   |III|III|III|III|III|III|III|III|III|III|   |
|---|---|---|---|---|---|---|---|---|---|---|---|
|   |   |   |   |   |   |   |   |H02|   |   |   |
|---|---|---|---|---|---|---|---|---|---|---|---|
|   |   |   |WWW|   |   |   |   |WWW|   |   |   |
|---|---|---|---|---|---|---|---|---|---|---|---|
|   |   |   |   |III|H00|   |III|   |   |   |   |
|---|---|---|---|---|---|---|---|---|---|---|---|
|D08|   |   |   |   |D02|D03|   |   |   |   |D10|
|---|---|---|---|---|---|---|---|---|---|---|---|
|D09|   |   |   |III|   |   |III|   |   |   |D11|
|---|---|---|---|---|---|---|---|---|---|---|---|
|   |   |   |WWW|   |   |   |   |WWW|   |   |   |
|---|---|---|---|---|---|---|---|---|---|---|---|
|   |   |   |   |   |   |   |   |   |   |   |   |
|---|---|---|---|---|---|---|---|---|---|---|---|
|   |   |H01|   |   |D04|D05|   |   |   |   |   |
|---|---|---|---|---|---|---|---|---|---|---|---|
|   |   |III|III|III|III|III|III|III|III|III|   |
|---|---|---|---|---|---|---|---|---|---|---|---|
|   |   |   |   |   |D06|D07|   |   |   |   |   |
|---|---|---|---|---|---|---|---|---|---|---|---|
********
-----
Turn 130:
-----
Assassin tried to move West
Assassin owns 0 diamond mines
Assassin has 70 health
|---|---|---|---|---|---|---|---|---|---|---|---|
|   |   |   |   |   |D00|D01|   |H03|   |   |   |
|---|---|---|---|---|---|---|---|---|---|---|---|
|   |III|III|III|III|III|III|III|III|III|III|   |
|---|---|---|---|---|---|---|---|---|---|---|---|
|   |   |   |   |   |   |   |H02|   |   |   |   |
|---|---|---|---|---|---|---|---|---|---|---|---|
|   |   |   |WWW|   |   |   |   |WWW|   |   |   |
|---|---|---|---|---|---|---|---|---|---|---|---|
|   |   |   |   |III|H00|   |III|   |   |   |   |
|---|---|---|---|---|---|---|---|---|---|---|---|
|D08|   |   |   |   |D02|D03|   |   |   |   |D10|
|---|---|---|---|---|---|---|---|---|---|---|---|
|D09|   |   |   |III|   |   |III|   |   |   |D11|
|---|---|---|---|---|---|---|---|---|---|---|---|
|   |   |   |WWW|   |   |   |   |WWW|   |   |   |
|---|---|---|---|---|---|---|---|---|---|---|---|
|   |   |   |   |   |   |   |   |   |   |   |   |
|---|---|---|---|---|---|---|---|---|---|---|---|
|   |   |H01|   |   |D04|D05|   |   |   |   |   |
|---|---|---|---|---|---|---|---|---|---|---|---|
|   |   |III|III|III|III|III|III|III|III|III|   |
|---|---|---|---|---|---|---|---|---|---|---|---|
|   |   |   |   |   |D06|D07|   |   |   |   |   |
|---|---|---|---|---|---|---|---|---|---|---|---|
********
-----
Turn 131:
-----
Miner tried to move West
Miner owns 5 diamond mines
Miner has 60 health
|---|---|---|---|---|---|---|---|---|---|---|---|
|   |   |   |   |   |D00|D01|H03|   |   |   |   |
|---|---|---|---|---|---|---|---|---|---|---|---|
|   |III|III|III|III|III|III|III|III|III|III|   |
|---|---|---|---|---|---|---|---|---|---|---|---|
|   |   |   |   |   |   |   |H02|   |   |   |   |
|---|---|---|---|---|---|---|---|---|---|---|---|
|   |   |   |WWW|   |   |   |   |WWW|   |   |   |
|---|---|---|---|---|---|---|---|---|---|---|---|
|   |   |   |   |III|H00|   |III|   |   |   |   |
|---|---|---|---|---|---|---|---|---|---|---|---|
|D08|   |   |   |   |D02|D03|   |   |   |   |D10|
|---|---|---|---|---|---|---|---|---|---|---|---|
|D09|   |   |   |III|   |   |III|   |   |   |D11|
|---|---|---|---|---|---|---|---|---|---|---|---|
|   |   |   |WWW|   |   |   |   |WWW|   |   |   |
|---|---|---|---|---|---|---|---|---|---|---|---|
|   |   |   |   |   |   |   |   |   |   |   |   |
|---|---|---|---|---|---|---|---|---|---|---|---|
|   |   |H01|   |   |D04|D05|   |   |   |   |   |
|---|---|---|---|---|---|---|---|---|---|---|---|
|   |   |III|III|III|III|III|III|III|III|III|   |
|---|---|---|---|---|---|---|---|---|---|---|---|
|   |   |   |   |   |D06|D07|   |   |   |   |   |
|---|---|---|---|---|---|---|---|---|---|---|---|
********
enemy path nodes: 6
enemy path nodes: 4
enemy assumed path target: 2,3
enemy path nodes: 28
-----
Turn 132:
-----
MyHero tried to move North
MyHero owns 1 diamond mines
MyHero has 40 health
|---|---|---|---|---|---|---|---|---|---|---|---|
|   |   |   |   |   |D00|D01|H03|   |   |   |   |
|---|---|---|---|---|---|---|---|---|---|---|---|
|   |III|III|III|III|III|III|III|III|III|III|   |
|---|---|---|---|---|---|---|---|---|---|---|---|
|   |   |   |   |   |   |   |H02|   |   |   |   |
|---|---|---|---|---|---|---|---|---|---|---|---|
|   |   |   |WWW|   |H00|   |   |WWW|   |   |   |
|---|---|---|---|---|---|---|---|---|---|---|---|
|   |   |   |   |III|   |   |III|   |   |   |   |
|---|---|---|---|---|---|---|---|---|---|---|---|
|D08|   |   |   |   |D02|D03|   |   |   |   |D10|
|---|---|---|---|---|---|---|---|---|---|---|---|
|D09|   |   |   |III|   |   |III|   |   |   |D11|
|---|---|---|---|---|---|---|---|---|---|---|---|
|   |   |   |WWW|   |   |   |   |WWW|   |   |   |
|---|---|---|---|---|---|---|---|---|---|---|---|
|   |   |   |   |   |   |   |   |   |   |   |   |
|---|---|---|---|---|---|---|---|---|---|---|---|
|   |   |H01|   |   |D04|D05|   |   |   |   |   |
|---|---|---|---|---|---|---|---|---|---|---|---|
|   |   |III|III|III|III|III|III|III|III|III|   |
|---|---|---|---|---|---|---|---|---|---|---|---|
|   |   |   |   |   |D06|D07|   |   |   |   |   |
|---|---|---|---|---|---|---|---|---|---|---|---|
********
-----
Turn 133:
-----
Enemy tried to move South
Enemy owns 0 diamond mines
Enemy has 100 health
|---|---|---|---|---|---|---|---|---|---|---|---|
|   |   |   |   |   |D00|D01|H03|   |   |   |   |
|---|---|---|---|---|---|---|---|---|---|---|---|
|   |III|III|III|III|III|III|III|III|III|III|   |
|---|---|---|---|---|---|---|---|---|---|---|---|
|   |   |   |   |   |   |   |H02|   |   |   |   |
|---|---|---|---|---|---|---|---|---|---|---|---|
|   |   |   |WWW|   |H00|   |   |WWW|   |   |   |
|---|---|---|---|---|---|---|---|---|---|---|---|
|   |   |   |   |III|   |   |III|   |   |   |   |
|---|---|---|---|---|---|---|---|---|---|---|---|
|D08|   |   |   |   |D02|D03|   |   |   |   |D10|
|---|---|---|---|---|---|---|---|---|---|---|---|
|D09|   |   |   |III|   |   |III|   |   |   |D11|
|---|---|---|---|---|---|---|---|---|---|---|---|
|   |   |   |WWW|   |   |   |   |WWW|   |   |   |
|---|---|---|---|---|---|---|---|---|---|---|---|
|   |   |   |   |   |   |   |   |   |   |   |   |
|---|---|---|---|---|---|---|---|---|---|---|---|
|   |   |H01|   |   |D04|D05|   |   |   |   |   |
|---|---|---|---|---|---|---|---|---|---|---|---|
|   |   |III|III|III|III|III|III|III|III|III|   |
|---|---|---|---|---|---|---|---|---|---|---|---|
|   |   |   |   |   |D06|D07|   |   |   |   |   |
|---|---|---|---|---|---|---|---|---|---|---|---|
********
-----
Turn 134:
-----
Assassin tried to move South
Assassin owns 0 diamond mines
Assassin has 70 health
|---|---|---|---|---|---|---|---|---|---|---|---|
|   |   |   |   |   |D00|D01|H03|   |   |   |   |
|---|---|---|---|---|---|---|---|---|---|---|---|
|   |III|III|III|III|III|III|III|III|III|III|   |
|---|---|---|---|---|---|---|---|---|---|---|---|
|   |   |   |   |   |   |   |   |   |   |   |   |
|---|---|---|---|---|---|---|---|---|---|---|---|
|   |   |   |WWW|   |H00|   |H02|WWW|   |   |   |
|---|---|---|---|---|---|---|---|---|---|---|---|
|   |   |   |   |III|   |   |III|   |   |   |   |
|---|---|---|---|---|---|---|---|---|---|---|---|
|D08|   |   |   |   |D02|D03|   |   |   |   |D10|
|---|---|---|---|---|---|---|---|---|---|---|---|
|D09|   |   |   |III|   |   |III|   |   |   |D11|
|---|---|---|---|---|---|---|---|---|---|---|---|
|   |   |   |WWW|   |   |   |   |WWW|   |   |   |
|---|---|---|---|---|---|---|---|---|---|---|---|
|   |   |   |   |   |   |   |   |   |   |   |   |
|---|---|---|---|---|---|---|---|---|---|---|---|
|   |   |H01|   |   |D04|D05|   |   |   |   |   |
|---|---|---|---|---|---|---|---|---|---|---|---|
|   |   |III|III|III|III|III|III|III|III|III|   |
|---|---|---|---|---|---|---|---|---|---|---|---|
|   |   |   |   |   |D06|D07|   |   |   |   |   |
|---|---|---|---|---|---|---|---|---|---|---|---|
********
-----
Turn 135:
-----
Miner tried to move West
Miner owns 5 diamond mines
Miner has 60 health
|---|---|---|---|---|---|---|---|---|---|---|---|
|   |   |   |   |   |D00|D01|H03|   |   |   |   |
|---|---|---|---|---|---|---|---|---|---|---|---|
|   |III|III|III|III|III|III|III|III|III|III|   |
|---|---|---|---|---|---|---|---|---|---|---|---|
|   |   |   |   |   |   |   |   |   |   |   |   |
|---|---|---|---|---|---|---|---|---|---|---|---|
|   |   |   |WWW|   |H00|   |H02|WWW|   |   |   |
|---|---|---|---|---|---|---|---|---|---|---|---|
|   |   |   |   |III|   |   |III|   |   |   |   |
|---|---|---|---|---|---|---|---|---|---|---|---|
|D08|   |   |   |   |D02|D03|   |   |   |   |D10|
|---|---|---|---|---|---|---|---|---|---|---|---|
|D09|   |   |   |III|   |   |III|   |   |   |D11|
|---|---|---|---|---|---|---|---|---|---|---|---|
|   |   |   |WWW|   |   |   |   |WWW|   |   |   |
|---|---|---|---|---|---|---|---|---|---|---|---|
|   |   |   |   |   |   |   |   |   |   |   |   |
|---|---|---|---|---|---|---|---|---|---|---|---|
|   |   |H01|   |   |D04|D05|   |   |   |   |   |
|---|---|---|---|---|---|---|---|---|---|---|---|
|   |   |III|III|III|III|III|III|III|III|III|   |
|---|---|---|---|---|---|---|---|---|---|---|---|
|   |   |   |   |   |D06|D07|   |   |   |   |   |
|---|---|---|---|---|---|---|---|---|---|---|---|
********
enemy path nodes: 6
enemy path nodes: 5
enemy path nodes: 14
-----
Turn 136:
-----
MyHero tried to move West
MyHero owns 1 diamond mines
MyHero has 40 health
|---|---|---|---|---|---|---|---|---|---|---|---|
|   |   |   |   |   |D00|D01|H03|   |   |   |   |
|---|---|---|---|---|---|---|---|---|---|---|---|
|   |III|III|III|III|III|III|III|III|III|III|   |
|---|---|---|---|---|---|---|---|---|---|---|---|
|   |   |   |   |   |   |   |   |   |   |   |   |
|---|---|---|---|---|---|---|---|---|---|---|---|
|   |   |   |WWW|H00|   |   |H02|WWW|   |   |   |
|---|---|---|---|---|---|---|---|---|---|---|---|
|   |   |   |   |III|   |   |III|   |   |   |   |
|---|---|---|---|---|---|---|---|---|---|---|---|
|D08|   |   |   |   |D02|D03|   |   |   |   |D10|
|---|---|---|---|---|---|---|---|---|---|---|---|
|D09|   |   |   |III|   |   |III|   |   |   |D11|
|---|---|---|---|---|---|---|---|---|---|---|---|
|   |   |   |WWW|   |   |   |   |WWW|   |   |   |
|---|---|---|---|---|---|---|---|---|---|---|---|
|   |   |   |   |   |   |   |   |   |   |   |   |
|---|---|---|---|---|---|---|---|---|---|---|---|
|   |   |H01|   |   |D04|D05|   |   |   |   |   |
|---|---|---|---|---|---|---|---|---|---|---|---|
|   |   |III|III|III|III|III|III|III|III|III|   |
|---|---|---|---|---|---|---|---|---|---|---|---|
|   |   |   |   |   |D06|D07|   |   |   |   |   |
|---|---|---|---|---|---|---|---|---|---|---|---|
********
-----
Turn 137:
-----
Enemy tried to move East
Enemy owns 0 diamond mines
Enemy has 100 health
|---|---|---|---|---|---|---|---|---|---|---|---|
|   |   |   |   |   |D00|D01|H03|   |   |   |   |
|---|---|---|---|---|---|---|---|---|---|---|---|
|   |III|III|III|III|III|III|III|III|III|III|   |
|---|---|---|---|---|---|---|---|---|---|---|---|
|   |   |   |   |   |   |   |   |   |   |   |   |
|---|---|---|---|---|---|---|---|---|---|---|---|
|   |   |   |WWW|H00|   |   |H02|WWW|   |   |   |
|---|---|---|---|---|---|---|---|---|---|---|---|
|   |   |   |   |III|   |   |III|   |   |   |   |
|---|---|---|---|---|---|---|---|---|---|---|---|
|D08|   |   |   |   |D02|D03|   |   |   |   |D10|
|---|---|---|---|---|---|---|---|---|---|---|---|
|D09|   |   |   |III|   |   |III|   |   |   |D11|
|---|---|---|---|---|---|---|---|---|---|---|---|
|   |   |   |WWW|   |   |   |   |WWW|   |   |   |
|---|---|---|---|---|---|---|---|---|---|---|---|
|   |   |   |   |   |   |   |   |   |   |   |   |
|---|---|---|---|---|---|---|---|---|---|---|---|
|   |   |   |H01|   |D04|D05|   |   |   |   |   |
|---|---|---|---|---|---|---|---|---|---|---|---|
|   |   |III|III|III|III|III|III|III|III|III|   |
|---|---|---|---|---|---|---|---|---|---|---|---|
|   |   |   |   |   |D06|D07|   |   |   |   |   |
|---|---|---|---|---|---|---|---|---|---|---|---|
********
-----
Turn 138:
-----
Assassin tried to move West
Assassin owns 0 diamond mines
Assassin has 70 health
|---|---|---|---|---|---|---|---|---|---|---|---|
|   |   |   |   |   |D00|D01|H03|   |   |   |   |
|---|---|---|---|---|---|---|---|---|---|---|---|
|   |III|III|III|III|III|III|III|III|III|III|   |
|---|---|---|---|---|---|---|---|---|---|---|---|
|   |   |   |   |   |   |   |   |   |   |   |   |
|---|---|---|---|---|---|---|---|---|---|---|---|
|   |   |   |WWW|H00|   |H02|   |WWW|   |   |   |
|---|---|---|---|---|---|---|---|---|---|---|---|
|   |   |   |   |III|   |   |III|   |   |   |   |
|---|---|---|---|---|---|---|---|---|---|---|---|
|D08|   |   |   |   |D02|D03|   |   |   |   |D10|
|---|---|---|---|---|---|---|---|---|---|---|---|
|D09|   |   |   |III|   |   |III|   |   |   |D11|
|---|---|---|---|---|---|---|---|---|---|---|---|
|   |   |   |WWW|   |   |   |   |WWW|   |   |   |
|---|---|---|---|---|---|---|---|---|---|---|---|
|   |   |   |   |   |   |   |   |   |   |   |   |
|---|---|---|---|---|---|---|---|---|---|---|---|
|   |   |   |H01|   |D04|D05|   |   |   |   |   |
|---|---|---|---|---|---|---|---|---|---|---|---|
|   |   |III|III|III|III|III|III|III|III|III|   |
|---|---|---|---|---|---|---|---|---|---|---|---|
|   |   |   |   |   |D06|D07|   |   |   |   |   |
|---|---|---|---|---|---|---|---|---|---|---|---|
********
-----
Turn 139:
-----
Miner tried to move East
Miner owns 6 diamond mines
Miner has 40 health
|---|---|---|---|---|---|---|---|---|---|---|---|
|   |   |   |   |   |D00|D01|   |H03|   |   |   |
|---|---|---|---|---|---|---|---|---|---|---|---|
|   |III|III|III|III|III|III|III|III|III|III|   |
|---|---|---|---|---|---|---|---|---|---|---|---|
|   |   |   |   |   |   |   |   |   |   |   |   |
|---|---|---|---|---|---|---|---|---|---|---|---|
|   |   |   |WWW|H00|   |H02|   |WWW|   |   |   |
|---|---|---|---|---|---|---|---|---|---|---|---|
|   |   |   |   |III|   |   |III|   |   |   |   |
|---|---|---|---|---|---|---|---|---|---|---|---|
|D08|   |   |   |   |D02|D03|   |   |   |   |D10|
|---|---|---|---|---|---|---|---|---|---|---|---|
|D09|   |   |   |III|   |   |III|   |   |   |D11|
|---|---|---|---|---|---|---|---|---|---|---|---|
|   |   |   |WWW|   |   |   |   |WWW|   |   |   |
|---|---|---|---|---|---|---|---|---|---|---|---|
|   |   |   |   |   |   |   |   |   |   |   |   |
|---|---|---|---|---|---|---|---|---|---|---|---|
|   |   |   |H01|   |D04|D05|   |   |   |   |   |
|---|---|---|---|---|---|---|---|---|---|---|---|
|   |   |III|III|III|III|III|III|III|III|III|   |
|---|---|---|---|---|---|---|---|---|---|---|---|
|   |   |   |   |   |D06|D07|   |   |   |   |   |
|---|---|---|---|---|---|---|---|---|---|---|---|
********
enemy path nodes: 7
enemy path nodes: 4
enemy assumed path target: 2,3
enemy path nodes: 13
-----
Turn 140:
-----
MyHero tried to move West
MyHero owns 1 diamond mines
MyHero has 40 health
|---|---|---|---|---|---|---|---|---|---|---|---|
|   |   |   |   |   |D00|D01|   |H03|   |   |   |
|---|---|---|---|---|---|---|---|---|---|---|---|
|   |III|III|III|III|III|III|III|III|III|III|   |
|---|---|---|---|---|---|---|---|---|---|---|---|
|   |   |   |   |   |   |   |   |   |   |   |   |
|---|---|---|---|---|---|---|---|---|---|---|---|
|   |   |   |WWW|H00|   |H02|   |WWW|   |   |   |
|---|---|---|---|---|---|---|---|---|---|---|---|
|   |   |   |   |III|   |   |III|   |   |   |   |
|---|---|---|---|---|---|---|---|---|---|---|---|
|D08|   |   |   |   |D02|D03|   |   |   |   |D10|
|---|---|---|---|---|---|---|---|---|---|---|---|
|D09|   |   |   |III|   |   |III|   |   |   |D11|
|---|---|---|---|---|---|---|---|---|---|---|---|
|   |   |   |WWW|   |   |   |   |WWW|   |   |   |
|---|---|---|---|---|---|---|---|---|---|---|---|
|   |   |   |   |   |   |   |   |   |   |   |   |
|---|---|---|---|---|---|---|---|---|---|---|---|
|   |   |   |H01|   |D04|D05|   |   |   |   |   |
|---|---|---|---|---|---|---|---|---|---|---|---|
|   |   |III|III|III|III|III|III|III|III|III|   |
|---|---|---|---|---|---|---|---|---|---|---|---|
|   |   |   |   |   |D06|D07|   |   |   |   |   |
|---|---|---|---|---|---|---|---|---|---|---|---|
********
-----
Turn 141:
-----
Enemy tried to move West
Enemy owns 0 diamond mines
Enemy has 100 health
|---|---|---|---|---|---|---|---|---|---|---|---|
|   |   |   |   |   |D00|D01|   |H03|   |   |   |
|---|---|---|---|---|---|---|---|---|---|---|---|
|   |III|III|III|III|III|III|III|III|III|III|   |
|---|---|---|---|---|---|---|---|---|---|---|---|
|   |   |   |   |   |   |   |   |   |   |   |   |
|---|---|---|---|---|---|---|---|---|---|---|---|
|   |   |   |WWW|H00|   |H02|   |WWW|   |   |   |
|---|---|---|---|---|---|---|---|---|---|---|---|
|   |   |   |   |III|   |   |III|   |   |   |   |
|---|---|---|---|---|---|---|---|---|---|---|---|
|D08|   |   |   |   |D02|D03|   |   |   |   |D10|
|---|---|---|---|---|---|---|---|---|---|---|---|
|D09|   |   |   |III|   |   |III|   |   |   |D11|
|---|---|---|---|---|---|---|---|---|---|---|---|
|   |   |   |WWW|   |   |   |   |WWW|   |   |   |
|---|---|---|---|---|---|---|---|---|---|---|---|
|   |   |   |   |   |   |   |   |   |   |   |   |
|---|---|---|---|---|---|---|---|---|---|---|---|
|   |   |H01|   |   |D04|D05|   |   |   |   |   |
|---|---|---|---|---|---|---|---|---|---|---|---|
|   |   |III|III|III|III|III|III|III|III|III|   |
|---|---|---|---|---|---|---|---|---|---|---|---|
|   |   |   |   |   |D06|D07|   |   |   |   |   |
|---|---|---|---|---|---|---|---|---|---|---|---|
********
-----
Turn 142:
-----
Assassin tried to move undefined
Assassin owns 0 diamond mines
Assassin has 70 health
|---|---|---|---|---|---|---|---|---|---|---|---|
|   |   |   |   |   |D00|D01|   |H03|   |   |   |
|---|---|---|---|---|---|---|---|---|---|---|---|
|   |III|III|III|III|III|III|III|III|III|III|   |
|---|---|---|---|---|---|---|---|---|---|---|---|
|   |   |   |   |   |   |   |   |   |   |   |   |
|---|---|---|---|---|---|---|---|---|---|---|---|
|   |   |   |WWW|H00|   |H02|   |WWW|   |   |   |
|---|---|---|---|---|---|---|---|---|---|---|---|
|   |   |   |   |III|   |   |III|   |   |   |   |
|---|---|---|---|---|---|---|---|---|---|---|---|
|D08|   |   |   |   |D02|D03|   |   |   |   |D10|
|---|---|---|---|---|---|---|---|---|---|---|---|
|D09|   |   |   |III|   |   |III|   |   |   |D11|
|---|---|---|---|---|---|---|---|---|---|---|---|
|   |   |   |WWW|   |   |   |   |WWW|   |   |   |
|---|---|---|---|---|---|---|---|---|---|---|---|
|   |   |   |   |   |   |   |   |   |   |   |   |
|---|---|---|---|---|---|---|---|---|---|---|---|
|   |   |H01|   |   |D04|D05|   |   |   |   |   |
|---|---|---|---|---|---|---|---|---|---|---|---|
|   |   |III|III|III|III|III|III|III|III|III|   |
|---|---|---|---|---|---|---|---|---|---|---|---|
|   |   |   |   |   |D06|D07|   |   |   |   |   |
|---|---|---|---|---|---|---|---|---|---|---|---|
********
-----
Turn 143:
-----
Miner tried to move East
Miner owns 6 diamond mines
Miner has 40 health
|---|---|---|---|---|---|---|---|---|---|---|---|
|   |   |   |   |   |D00|D01|   |   |H03|   |   |
|---|---|---|---|---|---|---|---|---|---|---|---|
|   |III|III|III|III|III|III|III|III|III|III|   |
|---|---|---|---|---|---|---|---|---|---|---|---|
|   |   |   |   |   |   |   |   |   |   |   |   |
|---|---|---|---|---|---|---|---|---|---|---|---|
|   |   |   |WWW|H00|   |H02|   |WWW|   |   |   |
|---|---|---|---|---|---|---|---|---|---|---|---|
|   |   |   |   |III|   |   |III|   |   |   |   |
|---|---|---|---|---|---|---|---|---|---|---|---|
|D08|   |   |   |   |D02|D03|   |   |   |   |D10|
|---|---|---|---|---|---|---|---|---|---|---|---|
|D09|   |   |   |III|   |   |III|   |   |   |D11|
|---|---|---|---|---|---|---|---|---|---|---|---|
|   |   |   |WWW|   |   |   |   |WWW|   |   |   |
|---|---|---|---|---|---|---|---|---|---|---|---|
|   |   |   |   |   |   |   |   |   |   |   |   |
|---|---|---|---|---|---|---|---|---|---|---|---|
|   |   |H01|   |   |D04|D05|   |   |   |   |   |
|---|---|---|---|---|---|---|---|---|---|---|---|
|   |   |III|III|III|III|III|III|III|III|III|   |
|---|---|---|---|---|---|---|---|---|---|---|---|
|   |   |   |   |   |D06|D07|   |   |   |   |   |
|---|---|---|---|---|---|---|---|---|---|---|---|
********
enemy path nodes: 6
enemy path nodes: 4
enemy assumed path target: 2,3
enemy path nodes: 12
-----
Turn 144:
-----
MyHero tried to move West
MyHero owns 1 diamond mines
MyHero has 70 health
|---|---|---|---|---|---|---|---|---|---|---|---|
|   |   |   |   |   |D00|D01|   |   |H03|   |   |
|---|---|---|---|---|---|---|---|---|---|---|---|
|   |III|III|III|III|III|III|III|III|III|III|   |
|---|---|---|---|---|---|---|---|---|---|---|---|
|   |   |   |   |   |   |   |   |   |   |   |   |
|---|---|---|---|---|---|---|---|---|---|---|---|
|   |   |   |WWW|H00|   |H02|   |WWW|   |   |   |
|---|---|---|---|---|---|---|---|---|---|---|---|
|   |   |   |   |III|   |   |III|   |   |   |   |
|---|---|---|---|---|---|---|---|---|---|---|---|
|D08|   |   |   |   |D02|D03|   |   |   |   |D10|
|---|---|---|---|---|---|---|---|---|---|---|---|
|D09|   |   |   |III|   |   |III|   |   |   |D11|
|---|---|---|---|---|---|---|---|---|---|---|---|
|   |   |   |WWW|   |   |   |   |WWW|   |   |   |
|---|---|---|---|---|---|---|---|---|---|---|---|
|   |   |   |   |   |   |   |   |   |   |   |   |
|---|---|---|---|---|---|---|---|---|---|---|---|
|   |   |H01|   |   |D04|D05|   |   |   |   |   |
|---|---|---|---|---|---|---|---|---|---|---|---|
|   |   |III|III|III|III|III|III|III|III|III|   |
|---|---|---|---|---|---|---|---|---|---|---|---|
|   |   |   |   |   |D06|D07|   |   |   |   |   |
|---|---|---|---|---|---|---|---|---|---|---|---|
********
-----
Turn 145:
-----
Enemy tried to move East
Enemy owns 0 diamond mines
Enemy has 100 health
|---|---|---|---|---|---|---|---|---|---|---|---|
|   |   |   |   |   |D00|D01|   |   |H03|   |   |
|---|---|---|---|---|---|---|---|---|---|---|---|
|   |III|III|III|III|III|III|III|III|III|III|   |
|---|---|---|---|---|---|---|---|---|---|---|---|
|   |   |   |   |   |   |   |   |   |   |   |   |
|---|---|---|---|---|---|---|---|---|---|---|---|
|   |   |   |WWW|H00|   |H02|   |WWW|   |   |   |
|---|---|---|---|---|---|---|---|---|---|---|---|
|   |   |   |   |III|   |   |III|   |   |   |   |
|---|---|---|---|---|---|---|---|---|---|---|---|
|D08|   |   |   |   |D02|D03|   |   |   |   |D10|
|---|---|---|---|---|---|---|---|---|---|---|---|
|D09|   |   |   |III|   |   |III|   |   |   |D11|
|---|---|---|---|---|---|---|---|---|---|---|---|
|   |   |   |WWW|   |   |   |   |WWW|   |   |   |
|---|---|---|---|---|---|---|---|---|---|---|---|
|   |   |   |   |   |   |   |   |   |   |   |   |
|---|---|---|---|---|---|---|---|---|---|---|---|
|   |   |   |H01|   |D04|D05|   |   |   |   |   |
|---|---|---|---|---|---|---|---|---|---|---|---|
|   |   |III|III|III|III|III|III|III|III|III|   |
|---|---|---|---|---|---|---|---|---|---|---|---|
|   |   |   |   |   |D06|D07|   |   |   |   |   |
|---|---|---|---|---|---|---|---|---|---|---|---|
********
-----
Turn 146:
-----
Assassin tried to move undefined
Assassin owns 0 diamond mines
Assassin has 70 health
|---|---|---|---|---|---|---|---|---|---|---|---|
|   |   |   |   |   |D00|D01|   |   |H03|   |   |
|---|---|---|---|---|---|---|---|---|---|---|---|
|   |III|III|III|III|III|III|III|III|III|III|   |
|---|---|---|---|---|---|---|---|---|---|---|---|
|   |   |   |   |   |   |   |   |   |   |   |   |
|---|---|---|---|---|---|---|---|---|---|---|---|
|   |   |   |WWW|H00|   |H02|   |WWW|   |   |   |
|---|---|---|---|---|---|---|---|---|---|---|---|
|   |   |   |   |III|   |   |III|   |   |   |   |
|---|---|---|---|---|---|---|---|---|---|---|---|
|D08|   |   |   |   |D02|D03|   |   |   |   |D10|
|---|---|---|---|---|---|---|---|---|---|---|---|
|D09|   |   |   |III|   |   |III|   |   |   |D11|
|---|---|---|---|---|---|---|---|---|---|---|---|
|   |   |   |WWW|   |   |   |   |WWW|   |   |   |
|---|---|---|---|---|---|---|---|---|---|---|---|
|   |   |   |   |   |   |   |   |   |   |   |   |
|---|---|---|---|---|---|---|---|---|---|---|---|
|   |   |   |H01|   |D04|D05|   |   |   |   |   |
|---|---|---|---|---|---|---|---|---|---|---|---|
|   |   |III|III|III|III|III|III|III|III|III|   |
|---|---|---|---|---|---|---|---|---|---|---|---|
|   |   |   |   |   |D06|D07|   |   |   |   |   |
|---|---|---|---|---|---|---|---|---|---|---|---|
********
-----
Turn 147:
-----
Miner tried to move East
Miner owns 6 diamond mines
Miner has 40 health
|---|---|---|---|---|---|---|---|---|---|---|---|
|   |   |   |   |   |D00|D01|   |   |   |H03|   |
|---|---|---|---|---|---|---|---|---|---|---|---|
|   |III|III|III|III|III|III|III|III|III|III|   |
|---|---|---|---|---|---|---|---|---|---|---|---|
|   |   |   |   |   |   |   |   |   |   |   |   |
|---|---|---|---|---|---|---|---|---|---|---|---|
|   |   |   |WWW|H00|   |H02|   |WWW|   |   |   |
|---|---|---|---|---|---|---|---|---|---|---|---|
|   |   |   |   |III|   |   |III|   |   |   |   |
|---|---|---|---|---|---|---|---|---|---|---|---|
|D08|   |   |   |   |D02|D03|   |   |   |   |D10|
|---|---|---|---|---|---|---|---|---|---|---|---|
|D09|   |   |   |III|   |   |III|   |   |   |D11|
|---|---|---|---|---|---|---|---|---|---|---|---|
|   |   |   |WWW|   |   |   |   |WWW|   |   |   |
|---|---|---|---|---|---|---|---|---|---|---|---|
|   |   |   |   |   |   |   |   |   |   |   |   |
|---|---|---|---|---|---|---|---|---|---|---|---|
|   |   |   |H01|   |D04|D05|   |   |   |   |   |
|---|---|---|---|---|---|---|---|---|---|---|---|
|   |   |III|III|III|III|III|III|III|III|III|   |
|---|---|---|---|---|---|---|---|---|---|---|---|
|   |   |   |   |   |D06|D07|   |   |   |   |   |
|---|---|---|---|---|---|---|---|---|---|---|---|
********
enemy path nodes: 7
enemy path nodes: 4
enemy assumed path target: 2,3
enemy path nodes: 11
-----
Turn 148:
-----
MyHero tried to move North
MyHero owns 1 diamond mines
MyHero has 100 health
|---|---|---|---|---|---|---|---|---|---|---|---|
|   |   |   |   |   |D00|D01|   |   |   |H03|   |
|---|---|---|---|---|---|---|---|---|---|---|---|
|   |III|III|III|III|III|III|III|III|III|III|   |
|---|---|---|---|---|---|---|---|---|---|---|---|
|   |   |   |   |H00|   |   |   |   |   |   |   |
|---|---|---|---|---|---|---|---|---|---|---|---|
|   |   |   |WWW|   |   |H02|   |WWW|   |   |   |
|---|---|---|---|---|---|---|---|---|---|---|---|
|   |   |   |   |III|   |   |III|   |   |   |   |
|---|---|---|---|---|---|---|---|---|---|---|---|
|D08|   |   |   |   |D02|D03|   |   |   |   |D10|
|---|---|---|---|---|---|---|---|---|---|---|---|
|D09|   |   |   |III|   |   |III|   |   |   |D11|
|---|---|---|---|---|---|---|---|---|---|---|---|
|   |   |   |WWW|   |   |   |   |WWW|   |   |   |
|---|---|---|---|---|---|---|---|---|---|---|---|
|   |   |   |   |   |   |   |   |   |   |   |   |
|---|---|---|---|---|---|---|---|---|---|---|---|
|   |   |   |H01|   |D04|D05|   |   |   |   |   |
|---|---|---|---|---|---|---|---|---|---|---|---|
|   |   |III|III|III|III|III|III|III|III|III|   |
|---|---|---|---|---|---|---|---|---|---|---|---|
|   |   |   |   |   |D06|D07|   |   |   |   |   |
|---|---|---|---|---|---|---|---|---|---|---|---|
********
-----
Turn 149:
-----
Enemy tried to move South
Enemy owns 0 diamond mines
Enemy has 100 health
|---|---|---|---|---|---|---|---|---|---|---|---|
|   |   |   |   |   |D00|D01|   |   |   |H03|   |
|---|---|---|---|---|---|---|---|---|---|---|---|
|   |III|III|III|III|III|III|III|III|III|III|   |
|---|---|---|---|---|---|---|---|---|---|---|---|
|   |   |   |   |H00|   |   |   |   |   |   |   |
|---|---|---|---|---|---|---|---|---|---|---|---|
|   |   |   |WWW|   |   |H02|   |WWW|   |   |   |
|---|---|---|---|---|---|---|---|---|---|---|---|
|   |   |   |   |III|   |   |III|   |   |   |   |
|---|---|---|---|---|---|---|---|---|---|---|---|
|D08|   |   |   |   |D02|D03|   |   |   |   |D10|
|---|---|---|---|---|---|---|---|---|---|---|---|
|D09|   |   |   |III|   |   |III|   |   |   |D11|
|---|---|---|---|---|---|---|---|---|---|---|---|
|   |   |   |WWW|   |   |   |   |WWW|   |   |   |
|---|---|---|---|---|---|---|---|---|---|---|---|
|   |   |   |   |   |   |   |   |   |   |   |   |
|---|---|---|---|---|---|---|---|---|---|---|---|
|   |   |   |H01|   |D04|D05|   |   |   |   |   |
|---|---|---|---|---|---|---|---|---|---|---|---|
|   |   |III|III|III|III|III|III|III|III|III|   |
|---|---|---|---|---|---|---|---|---|---|---|---|
|   |   |   |   |   |D06|D07|   |   |   |   |   |
|---|---|---|---|---|---|---|---|---|---|---|---|
********
